Archive member included because of file (symbol)

/opt/altera/13.0sp1/nios2eds/bin/gnu/H-i686-pc-linux-gnu/bin/../lib/gcc/nios2-elf/4.1.2/../../../../nios2-elf/lib/mno-hw-mul/libc.a(lib_a-puts.o)
                              obj/default/hello_ucosii.o (puts)
/opt/altera/13.0sp1/nios2eds/bin/gnu/H-i686-pc-linux-gnu/bin/../lib/gcc/nios2-elf/4.1.2/../../../../nios2-elf/lib/mno-hw-mul/libc.a(lib_a-strlen.o)
                              /opt/altera/13.0sp1/nios2eds/bin/gnu/H-i686-pc-linux-gnu/bin/../lib/gcc/nios2-elf/4.1.2/../../../../nios2-elf/lib/mno-hw-mul/libc.a(lib_a-puts.o) (strlen)
/opt/altera/13.0sp1/nios2eds/bin/gnu/H-i686-pc-linux-gnu/bin/../lib/gcc/nios2-elf/4.1.2/../../../../nios2-elf/lib/mno-hw-mul/libc.a(lib_a-fvwrite.o)
                              /opt/altera/13.0sp1/nios2eds/bin/gnu/H-i686-pc-linux-gnu/bin/../lib/gcc/nios2-elf/4.1.2/../../../../nios2-elf/lib/mno-hw-mul/libc.a(lib_a-puts.o) (__sfvwrite_r)
/opt/altera/13.0sp1/nios2eds/bin/gnu/H-i686-pc-linux-gnu/bin/../lib/gcc/nios2-elf/4.1.2/../../../../nios2-elf/lib/mno-hw-mul/libc.a(lib_a-impure.o)
                              /opt/altera/13.0sp1/nios2eds/bin/gnu/H-i686-pc-linux-gnu/bin/../lib/gcc/nios2-elf/4.1.2/../../../../nios2-elf/lib/mno-hw-mul/libc.a(lib_a-puts.o) (_impure_ptr)
/opt/altera/13.0sp1/nios2eds/bin/gnu/H-i686-pc-linux-gnu/bin/../lib/gcc/nios2-elf/4.1.2/../../../../nios2-elf/lib/mno-hw-mul/libc.a(lib_a-mallocr.o)
                              /opt/altera/13.0sp1/nios2eds/bin/gnu/H-i686-pc-linux-gnu/bin/../lib/gcc/nios2-elf/4.1.2/../../../../nios2-elf/lib/mno-hw-mul/libc.a(lib_a-fvwrite.o) (_malloc_r)
/opt/altera/13.0sp1/nios2eds/bin/gnu/H-i686-pc-linux-gnu/bin/../lib/gcc/nios2-elf/4.1.2/../../../../nios2-elf/lib/mno-hw-mul/libc.a(lib_a-memchr.o)
                              /opt/altera/13.0sp1/nios2eds/bin/gnu/H-i686-pc-linux-gnu/bin/../lib/gcc/nios2-elf/4.1.2/../../../../nios2-elf/lib/mno-hw-mul/libc.a(lib_a-fvwrite.o) (memchr)
/opt/altera/13.0sp1/nios2eds/bin/gnu/H-i686-pc-linux-gnu/bin/../lib/gcc/nios2-elf/4.1.2/../../../../nios2-elf/lib/mno-hw-mul/libc.a(lib_a-memcpy.o)
                              /opt/altera/13.0sp1/nios2eds/bin/gnu/H-i686-pc-linux-gnu/bin/../lib/gcc/nios2-elf/4.1.2/../../../../nios2-elf/lib/mno-hw-mul/libc.a(lib_a-fvwrite.o) (memcpy)
/opt/altera/13.0sp1/nios2eds/bin/gnu/H-i686-pc-linux-gnu/bin/../lib/gcc/nios2-elf/4.1.2/../../../../nios2-elf/lib/mno-hw-mul/libc.a(lib_a-memmove.o)
                              /opt/altera/13.0sp1/nios2eds/bin/gnu/H-i686-pc-linux-gnu/bin/../lib/gcc/nios2-elf/4.1.2/../../../../nios2-elf/lib/mno-hw-mul/libc.a(lib_a-fvwrite.o) (memmove)
/opt/altera/13.0sp1/nios2eds/bin/gnu/H-i686-pc-linux-gnu/bin/../lib/gcc/nios2-elf/4.1.2/../../../../nios2-elf/lib/mno-hw-mul/libc.a(lib_a-reallocr.o)
                              /opt/altera/13.0sp1/nios2eds/bin/gnu/H-i686-pc-linux-gnu/bin/../lib/gcc/nios2-elf/4.1.2/../../../../nios2-elf/lib/mno-hw-mul/libc.a(lib_a-fvwrite.o) (_realloc_r)
/opt/altera/13.0sp1/nios2eds/bin/gnu/H-i686-pc-linux-gnu/bin/../lib/gcc/nios2-elf/4.1.2/../../../../nios2-elf/lib/mno-hw-mul/libc.a(lib_a-sbrkr.o)
                              /opt/altera/13.0sp1/nios2eds/bin/gnu/H-i686-pc-linux-gnu/bin/../lib/gcc/nios2-elf/4.1.2/../../../../nios2-elf/lib/mno-hw-mul/libc.a(lib_a-mallocr.o) (_sbrk_r)
/opt/altera/13.0sp1/nios2eds/bin/gnu/H-i686-pc-linux-gnu/bin/../lib/gcc/nios2-elf/4.1.2/../../../../nios2-elf/lib/mno-hw-mul/libc.a(lib_a-wsetup.o)
                              /opt/altera/13.0sp1/nios2eds/bin/gnu/H-i686-pc-linux-gnu/bin/../lib/gcc/nios2-elf/4.1.2/../../../../nios2-elf/lib/mno-hw-mul/libc.a(lib_a-fvwrite.o) (__swsetup_r)
/opt/altera/13.0sp1/nios2eds/bin/gnu/H-i686-pc-linux-gnu/bin/../lib/gcc/nios2-elf/4.1.2/../../../../nios2-elf/lib/mno-hw-mul/libc.a(lib_a-fflush.o)
                              /opt/altera/13.0sp1/nios2eds/bin/gnu/H-i686-pc-linux-gnu/bin/../lib/gcc/nios2-elf/4.1.2/../../../../nios2-elf/lib/mno-hw-mul/libc.a(lib_a-fvwrite.o) (_fflush_r)
/opt/altera/13.0sp1/nios2eds/bin/gnu/H-i686-pc-linux-gnu/bin/../lib/gcc/nios2-elf/4.1.2/../../../../nios2-elf/lib/mno-hw-mul/libc.a(lib_a-findfp.o)
                              /opt/altera/13.0sp1/nios2eds/bin/gnu/H-i686-pc-linux-gnu/bin/../lib/gcc/nios2-elf/4.1.2/../../../../nios2-elf/lib/mno-hw-mul/libc.a(lib_a-wsetup.o) (__sinit)
/opt/altera/13.0sp1/nios2eds/bin/gnu/H-i686-pc-linux-gnu/bin/../lib/gcc/nios2-elf/4.1.2/../../../../nios2-elf/lib/mno-hw-mul/libc.a(lib_a-freer.o)
                              /opt/altera/13.0sp1/nios2eds/bin/gnu/H-i686-pc-linux-gnu/bin/../lib/gcc/nios2-elf/4.1.2/../../../../nios2-elf/lib/mno-hw-mul/libc.a(lib_a-fvwrite.o) (_free_r)
/opt/altera/13.0sp1/nios2eds/bin/gnu/H-i686-pc-linux-gnu/bin/../lib/gcc/nios2-elf/4.1.2/../../../../nios2-elf/lib/mno-hw-mul/libc.a(lib_a-fwalk.o)
                              /opt/altera/13.0sp1/nios2eds/bin/gnu/H-i686-pc-linux-gnu/bin/../lib/gcc/nios2-elf/4.1.2/../../../../nios2-elf/lib/mno-hw-mul/libc.a(lib_a-fflush.o) (_fwalk_reent)
[...]
Memory Configuration

Name             Origin             Length             Attributes
reset            0x00080000         0x00000020
sram             0x00080020         0x0007ffe0
shared_onchip    0x00102000         0x00002000
sdram            0x01000000         0x00800000
*default*        0x00000000         0xffffffff

Linker script and memory map

LOAD ../single-rtos_bsp//obj/HAL/src/crt0.o
LOAD obj/default/hello_ucosii.o
LOAD /opt/altera/13.0sp1/nios2eds/bin/gnu/H-i686-pc-linux-gnu/bin/../lib/gcc/nios2-elf/4.1.2/../../../../nios2-elf/lib/mno-hw-mul/libstdc++.a
LOAD /opt/altera/13.0sp1/nios2eds/bin/gnu/H-i686-pc-linux-gnu/bin/../lib/gcc/nios2-elf/4.1.2/../../../../nios2-elf/lib/mno-hw-mul/libm.a
LOAD /opt/altera/13.0sp1/nios2eds/bin/gnu/H-i686-pc-linux-gnu/bin/../lib/gcc/nios2-elf/4.1.2/mno-hw-mul/libgcc.a
START GROUP
LOAD /opt/altera/13.0sp1/nios2eds/bin/gnu/H-i686-pc-linux-gnu/bin/../lib/gcc/nios2-elf/4.1.2/../../../../nios2-elf/lib/mno-hw-mul/libc.a
LOAD /opt/altera/13.0sp1/nios2eds/bin/gnu/H-i686-pc-linux-gnu/bin/../lib/gcc/nios2-elf/4.1.2/mno-hw-mul/libgcc.a
LOAD ../single-rtos_bsp//libucosii_bsp.a
END GROUP
LOAD /opt/altera/13.0sp1/nios2eds/bin/gnu/H-i686-pc-linux-gnu/bin/../lib/gcc/nios2-elf/4.1.2/mno-hw-mul/libgcc.a
                0x00080000                __alt_mem_sram = 0x80000
                0x00102000                __alt_mem_shared_onchip = 0x102000
                0x01000000                __alt_mem_sdram = 0x1000000

.entry          0x00080000       0x20
 *(.entry)
 .entry         0x00080000       0x20 ../single-rtos_bsp//obj/HAL/src/crt0.o
                0x00080000                __reset

.exceptions     0x00080020      0x1a0 load address 0x01000000
                0x00080020                PROVIDE (__ram_exceptions_start, ABSOLUTE (.))
                0x00080020                . = ALIGN (0x20)
 *(.irq)
 *(.exceptions.entry.label)
 .exceptions.entry.label
                0x00080020        0x0 ../single-rtos_bsp//libucosii_bsp.a(alt_irq_entry.o)
                0x00080020                alt_irq_entry
 .exceptions.entry.label
                0x00080020        0x0 ../single-rtos_bsp//libucosii_bsp.a(alt_exception_entry.o)
                0x00080020                alt_exception
 *(.exceptions.entry.user)
 *(.exceptions.entry)
 .exceptions.entry
                0x00080020       0x54 ../single-rtos_bsp//libucosii_bsp.a(alt_exception_entry.o)
 *(.exceptions.irqtest.user)
 *(.exceptions.irqtest)
 .exceptions.irqtest
                0x00080074       0x10 ../single-rtos_bsp//libucosii_bsp.a(alt_irq_entry.o)
 *(.exceptions.irqhandler.user)
 *(.exceptions.irqhandler)
 .exceptions.irqhandler
                0x00080084        0x4 ../single-rtos_bsp//libucosii_bsp.a(alt_irq_entry.o)
 *(.exceptions.irqreturn.user)
 *(.exceptions.irqreturn)
 .exceptions.irqreturn
                0x00080088        0x4 ../single-rtos_bsp//libucosii_bsp.a(alt_irq_entry.o)
 *(.exceptions.notirq.label)
 .exceptions.notirq.label
                0x0008008c        0x0 ../single-rtos_bsp//libucosii_bsp.a(alt_irq_entry.o)
 *(.exceptions.notirq.user)
 *(.exceptions.notirq)
 .exceptions.notirq
                0x0008008c        0x8 ../single-rtos_bsp//libucosii_bsp.a(alt_exception_entry.o)
 *(.exceptions.soft.user)
 *(.exceptions.soft)
 *(.exceptions.unknown.user)
 *(.exceptions.unknown)
 .exceptions.unknown
                0x00080094        0x4 ../single-rtos_bsp//libucosii_bsp.a(alt_exception_entry.o)
 *(.exceptions.exit.label)
 .exceptions.exit.label
                0x00080098        0x0 ../single-rtos_bsp//libucosii_bsp.a(alt_irq_entry.o)
 .exceptions.exit.label
                0x00080098        0x0 ../single-rtos_bsp//libucosii_bsp.a(alt_exception_entry.o)
 *(.exceptions.exit.user)
 *(.exceptions.exit)
 .exceptions.exit
                0x00080098       0x54 ../single-rtos_bsp//libucosii_bsp.a(alt_exception_entry.o)
 *(.exceptions)
 .exceptions    0x000800ec       0xd4 ../single-rtos_bsp//libucosii_bsp.a(alt_irq_handler.o)
                0x000800ec                alt_irq_handler
                0x000801c0                PROVIDE (__ram_exceptions_end, ABSOLUTE (.))
                0x01000000                PROVIDE (__flash_exceptions_start, LOADADDR (.exceptions))

.text           0x010001a0     0xfe3c
                0x010001a0                PROVIDE (stext, ABSOLUTE (.))
 *(.interp)
 *(.hash)
 *(.dynsym)
 *(.dynstr)
 *(.gnu.version)
 *(.gnu.version_d)
 *(.gnu.version_r)
 *(.rel.init)
 *(.rela.init)
 *(.rel.text .rel.text.* .rel.gnu.linkonce.t.*)
 *(.rela.text .rela.text.* .rela.gnu.linkonce.t.*)
 *(.rel.fini)
 *(.rela.fini)
 *(.rel.rodata .rel.rodata.* .rel.gnu.linkonce.r.*)
 *(.rela.rodata .rela.rodata.* .rela.gnu.linkonce.r.*)
 *(.rel.data .rel.data.* .rel.gnu.linkonce.d.*)
 *(.rela.data .rela.data.* .rela.gnu.linkonce.d.*)
 *(.rel.tdata .rel.tdata.* .rel.gnu.linkonce.td.*)
 *(.rela.tdata .rela.tdata.* .rela.gnu.linkonce.td.*)
 *(.rel.tbss .rel.tbss.* .rel.gnu.linkonce.tb.*)
 *(.rela.tbss .rela.tbss.* .rela.gnu.linkonce.tb.*)
 *(.rel.ctors)
 *(.rela.ctors)
 *(.rel.dtors)
 *(.rela.dtors)
 *(.rel.got)
 *(.rela.got)
 *(.rel.sdata .rel.sdata.* .rel.gnu.linkonce.s.*)
 *(.rela.sdata .rela.sdata.* .rela.gnu.linkonce.s.*)
 *(.rel.sbss .rel.sbss.* .rel.gnu.linkonce.sb.*)
 *(.rela.sbss .rela.sbss.* .rela.gnu.linkonce.sb.*)
 *(.rel.sdata2 .rel.sdata2.* .rel.gnu.linkonce.s2.*)
 *(.rela.sdata2 .rela.sdata2.* .rela.gnu.linkonce.s2.*)
 *(.rel.sbss2 .rel.sbss2.* .rel.gnu.linkonce.sb2.*)
 *(.rela.sbss2 .rela.sbss2.* .rela.gnu.linkonce.sb2.*)
 *(.rel.bss .rel.bss.* .rel.gnu.linkonce.b.*)
 *(.rela.bss .rela.bss.* .rela.gnu.linkonce.b.*)
 *(.rel.plt)
 *(.rela.plt)
 *(.rel.dyn)
 *(.init)
 *(.plt)
 *(.text .stub .text.* .gnu.linkonce.t.*)
 .text          0x010001a0       0x3c ../single-rtos_bsp//obj/HAL/src/crt0.o
                0x010001a0                _start
 .text          0x010001dc      0x11c obj/default/hello_ucosii.o
                0x010001dc                task1
                0x01000214                task2
                0x0100024c                main
 .text          0x010002f8       0xb4 /opt/altera/13.0sp1/nios2eds/bin/gnu/H-i686-pc-linux-gnu/bin/../lib/gcc/nios2-elf/4.1.2/../../../../nios2-elf/lib/mno-hw-mul/libc.a(lib_a-puts.o)
                0x010002f8                _puts_r
                0x01000398                puts
 .text          0x010003ac       0x74 /opt/altera/13.0sp1/nios2eds/bin/gnu/H-i686-pc-linux-gnu/bin/../lib/gcc/nios2-elf/4.1.2/../../../../nios2-elf/lib/mno-hw-mul/libc.a(lib_a-strlen.o)
                0x010003ac                strlen
 .text          0x01000420      0x49c /opt/altera/13.0sp1/nios2eds/bin/gnu/H-i686-pc-linux-gnu/bin/../lib/gcc/nios2-elf/4.1.2/../../../../nios2-elf/lib/mno-hw-mul/libc.a(lib_a-fvwrite.o)
                0x01000420                __sfvwrite_r
 .text          0x010008bc        0x0 /opt/altera/13.0sp1/nios2eds/bin/gnu/H-i686-pc-linux-gnu/bin/../lib/gcc/nios2-elf/4.1.2/../../../../nios2-elf/lib/mno-hw-mul/libc.a(lib_a-impure.o)
 .text          0x010008bc      0x740 /opt/altera/13.0sp1/nios2eds/bin/gnu/H-i686-pc-linux-gnu/bin/../lib/gcc/nios2-elf/4.1.2/../../../../nios2-elf/lib/mno-hw-mul/libc.a(lib_a-mallocr.o)
                0x010008bc                _malloc_r
 .text          0x01000ffc       0xe4 /opt/altera/13.0sp1/nios2eds/bin/gnu/H-i686-pc-linux-gnu/bin/../lib/gcc/nios2-elf/4.1.2/../../../../nios2-elf/lib/mno-hw-mul/libc.a(lib_a-memchr.o)
                0x01000ffc                memchr
 .text          0x010010e0       0xa0 /opt/altera/13.0sp1/nios2eds/bin/gnu/H-i686-pc-linux-gnu/bin/../lib/gcc/nios2-elf/4.1.2/../../../../nios2-elf/lib/mno-hw-mul/libc.a(lib_a-memcpy.o)
                0x010010e0                memcpy
 .text          0x01001180       0xe0 /opt/altera/13.0sp1/nios2eds/bin/gnu/H-i686-pc-linux-gnu/bin/../lib/gcc/nios2-elf/4.1.2/../../../../nios2-elf/lib/mno-hw-mul/libc.a(lib_a-memmove.o)
                0x01001180                memmove
 .text          0x01001260      0x5f4 /opt/altera/13.0sp1/nios2eds/bin/gnu/H-i686-pc-linux-gnu/bin/../lib/gcc/nios2-elf/4.1.2/../../../../nios2-elf/lib/mno-hw-mul/libc.a(lib_a-reallocr.o)
                0x01001260                _realloc_r
 .text          0x01001854       0x70 /opt/altera/13.0sp1/nios2eds/bin/gnu/H-i686-pc-linux-gnu/bin/../lib/gcc/nios2-elf/4.1.2/../../../../nios2-elf/lib/mno-hw-mul/libc.a(lib_a-sbrkr.o)
                0x01001854                _sbrk_r
 .text          0x010018c4      0x13c /opt/altera/13.0sp1/nios2eds/bin/gnu/H-i686-pc-linux-gnu/bin/../lib/gcc/nios2-elf/4.1.2/../../../../nios2-elf/lib/mno-hw-mul/libc.a(lib_a-wsetup.o)
                0x010018c4                __swsetup_r
 .text          0x01001a00      0x230 /opt/altera/13.0sp1/nios2eds/bin/gnu/H-i686-pc-linux-gnu/bin/../lib/gcc/nios2-elf/4.1.2/../../../../nios2-elf/lib/mno-hw-mul/libc.a(lib_a-fflush.o)
                0x01001a00                _fflush_r
                0x01001bfc                fflush
 .text          0x01001c30      0x2f4 /opt/altera/13.0sp1/nios2eds/bin/gnu/H-i686-pc-linux-gnu/bin/../lib/gcc/nios2-elf/4.1.2/../../../../nios2-elf/lib/mno-hw-mul/libc.a(lib_a-findfp.o)
                0x01001c88                __sfp_lock_acquire
                0x01001c8c                __sfp_lock_release
                0x01001c90                __sinit_lock_acquire
                0x01001c94                __sinit_lock_release
                0x01001c98                __sinit
                0x01001d4c                __fp_unlock_all
                0x01001d64                __fp_lock_all
                0x01001d7c                _cleanup_r
                0x01001d88                _cleanup
                0x01001d98                __sfmoreglue
                0x01001e34                __sfp
 .text          0x01001f24      0x440 /opt/altera/13.0sp1/nios2eds/bin/gnu/H-i686-pc-linux-gnu/bin/../lib/gcc/nios2-elf/4.1.2/../../../../nios2-elf/lib/mno-hw-mul/libc.a(lib_a-freer.o)
                0x01001f24                _malloc_trim_r
                0x01002050                _free_r
 .text          0x01002364      0x180 /opt/altera/13.0sp1/nios2eds/bin/gnu/H-i686-pc-linux-gnu/bin/../lib/gcc/nios2-elf/4.1.2/../../../../nios2-elf/lib/mno-hw-mul/libc.a(lib_a-fwalk.o)
                0x01002364                _fwalk_reent
                0x0100242c                _fwalk
 .text          0x010024e4        0x0 /opt/altera/13.0sp1/nios2eds/bin/gnu/H-i686-pc-linux-gnu/bin/../lib/gcc/nios2-elf/4.1.2/../../../../nios2-elf/lib/mno-hw-mul/libc.a(lib_a-int_errno.o)
 .text          0x010024e4      0x194 /opt/altera/13.0sp1/nios2eds/bin/gnu/H-i686-pc-linux-gnu/bin/../lib/gcc/nios2-elf/4.1.2/../../../../nios2-elf/lib/mno-hw-mul/libc.a(lib_a-makebuf.o)
                0x010024e4                __smakebuf_r
 .text          0x01002678       0x98 /opt/altera/13.0sp1/nios2eds/bin/gnu/H-i686-pc-linux-gnu/bin/../lib/gcc/nios2-elf/4.1.2/../../../../nios2-elf/lib/mno-hw-mul/libc.a(lib_a-memset.o)
                0x01002678                memset
 .text          0x01002710      0x14c /opt/altera/13.0sp1/nios2eds/bin/gnu/H-i686-pc-linux-gnu/bin/../lib/gcc/nios2-elf/4.1.2/../../../../nios2-elf/lib/mno-hw-mul/libc.a(lib_a-stdio.o)
                0x01002710                __sclose
                0x01002718                __sseek
                0x01002780                __swrite
                0x010027fc                __sread
 .text          0x0100285c       0x78 /opt/altera/13.0sp1/nios2eds/bin/gnu/H-i686-pc-linux-gnu/bin/../lib/gcc/nios2-elf/4.1.2/../../../../nios2-elf/lib/mno-hw-mul/libc.a(lib_a-writer.o)
                0x0100285c                _write_r
 .text          0x010028d4       0x70 /opt/altera/13.0sp1/nios2eds/bin/gnu/H-i686-pc-linux-gnu/bin/../lib/gcc/nios2-elf/4.1.2/../../../../nios2-elf/lib/mno-hw-mul/libc.a(lib_a-closer.o)
                0x010028d4                _close_r
 .text          0x01002944      0x124 /opt/altera/13.0sp1/nios2eds/bin/gnu/H-i686-pc-linux-gnu/bin/../lib/gcc/nios2-elf/4.1.2/../../../../nios2-elf/lib/mno-hw-mul/libc.a(lib_a-fclose.o)
                0x01002944                _fclose_r
                0x01002a54                fclose
 .text          0x01002a68       0x74 /opt/altera/13.0sp1/nios2eds/bin/gnu/H-i686-pc-linux-gnu/bin/../lib/gcc/nios2-elf/4.1.2/../../../../nios2-elf/lib/mno-hw-mul/libc.a(lib_a-fstatr.o)
                0x01002a68                _fstat_r
 .text          0x01002adc       0x70 /opt/altera/13.0sp1/nios2eds/bin/gnu/H-i686-pc-linux-gnu/bin/../lib/gcc/nios2-elf/4.1.2/../../../../nios2-elf/lib/mno-hw-mul/libc.a(lib_a-isattyr.o)
                0x01002adc                _isatty_r
 .text          0x01002b4c       0x78 /opt/altera/13.0sp1/nios2eds/bin/gnu/H-i686-pc-linux-gnu/bin/../lib/gcc/nios2-elf/4.1.2/../../../../nios2-elf/lib/mno-hw-mul/libc.a(lib_a-lseekr.o)
                0x01002b4c                _lseek_r
 .text          0x01002bc4       0x78 /opt/altera/13.0sp1/nios2eds/bin/gnu/H-i686-pc-linux-gnu/bin/../lib/gcc/nios2-elf/4.1.2/../../../../nios2-elf/lib/mno-hw-mul/libc.a(lib_a-readr.o)
                0x01002bc4                _read_r
 .text          0x01002c3c       0x38 /opt/altera/13.0sp1/nios2eds/bin/gnu/H-i686-pc-linux-gnu/bin/../lib/gcc/nios2-elf/4.1.2/mno-hw-mul/libgcc.a(lib2-mul.o)
                0x01002c3c                __mulsi3
 .text          0x01002c74      0x160 ../single-rtos_bsp//libucosii_bsp.a(alt_close.o)
                0x01002c74                close
 .text          0x01002dd4       0x2c ../single-rtos_bsp//libucosii_bsp.a(alt_dev.o)
 .text          0x01002e00        0x0 ../single-rtos_bsp//libucosii_bsp.a(alt_errno.o)
 .text          0x01002e00      0x138 ../single-rtos_bsp//libucosii_bsp.a(alt_fstat.o)
                0x01002e00                fstat
 .text          0x01002f38      0x124 ../single-rtos_bsp//libucosii_bsp.a(alt_isatty.o)
                0x01002f38                isatty
 .text          0x0100305c       0xec ../single-rtos_bsp//libucosii_bsp.a(alt_load.o)
                0x0100305c                alt_load
 .text          0x01003148      0x154 ../single-rtos_bsp//libucosii_bsp.a(alt_lseek.o)
                0x01003148                lseek
 .text          0x0100329c       0xc8 ../single-rtos_bsp//libucosii_bsp.a(alt_main.o)
                0x0100329c                alt_main
 .text          0x01003364      0x184 ../single-rtos_bsp//libucosii_bsp.a(alt_read.o)
                0x01003364                read
 .text          0x010034e8       0x78 ../single-rtos_bsp//libucosii_bsp.a(alt_release_fd.o)
                0x010034e8                alt_release_fd
 .text          0x01003560       0xbc ../single-rtos_bsp//libucosii_bsp.a(alt_sbrk.o)
                0x01003560                sbrk
 .text          0x0100361c      0x184 ../single-rtos_bsp//libucosii_bsp.a(alt_write.o)
                0x0100361c                write
 .text          0x010037a0      0x108 ../single-rtos_bsp//libucosii_bsp.a(alt_env_lock.o)
                0x010037a0                __env_lock
                0x0100384c                __env_unlock
 .text          0x010038a8      0x1d8 ../single-rtos_bsp//libucosii_bsp.a(alt_malloc_lock.o)
                0x010038a8                __malloc_lock
                0x010039b0                __malloc_unlock
 .text          0x01003a80     0x2128 ../single-rtos_bsp//libucosii_bsp.a(os_core.o)
                0x01003a80                OSEventNameGet
                0x01003bb0                OSEventNameSet
                0x01003cf4                OSEventPendMulti
                0x010043a8                OSInit
                0x010043fc                OSIntEnter
                0x01004478                OSIntExit
                0x01004578                OSSchedLock
                0x01004604                OSSchedUnlock
                0x010046e8                OSStart
                0x01004758                OSStatInit
                0x01004804                OSTimeTick
                0x01004a44                OSVersion
                0x01004a64                OS_Dummy
                0x01004a80                OS_EventTaskRdy
                0x01004c14                OS_EventTaskWait
                0x01004d24                OS_EventTaskWaitMulti
                0x01004e78                OS_EventTaskRemove
                0x01004f30                OS_EventTaskRemoveMulti
                0x01005034                OS_EventWaitListInit
                0x01005400                OS_MemClr
                0x01005454                OS_MemCopy
                0x010054c0                OS_Sched
                0x01005604                OS_StrCopy
                0x01005684                OS_StrLen
                0x010056dc                OS_TaskIdle
                0x01005738                OS_TaskStat
                0x01005800                OS_TaskStatStkChk
                0x010058c8                OS_TCBInit
 .text          0x01005ba8      0x18c ../single-rtos_bsp//libucosii_bsp.a(os_dbg.o)
                0x01005ba8                OSDebugInit
 .text          0x01005d34     0x193c ../single-rtos_bsp//libucosii_bsp.a(os_flag.o)
                0x01005d34                OSFlagAccept
                0x01006068                OSFlagCreate
                0x010061a4                OSFlagDel
                0x0100644c                OSFlagNameGet
                0x01006590                OSFlagNameSet
                0x010066e4                OSFlagPend
                0x01006d28                OSFlagPendGetFlagsRdy
                0x01006d90                OSFlagPost
                0x01007138                OSFlagQuery
                0x010073d0                OS_FlagInit
                0x010075c4                OS_FlagUnlink
 .text          0x01007670      0x80c ../single-rtos_bsp//libucosii_bsp.a(os_mem.o)
                0x01007670                OSMemCreate
                0x0100788c                OSMemGet
                0x01007990                OSMemNameGet
                0x01007a9c                OSMemNameSet
                0x01007bbc                OSMemPut
                0x01007cac                OSMemQuery
                0x01007da8                OS_MemInit
 .text          0x01007e7c     0x1334 ../single-rtos_bsp//libucosii_bsp.a(os_q.o)
                0x01007e7c                OSQAccept
                0x01007fd0                OSQCreate
                0x010081e4                OSQDel
                0x010084e4                OSQFlush
                0x010085ac                OSQPend
                0x010088cc                OSQPendAbort
                0x01008a48                OSQPost
                0x01008bc8                OSQPostFront
                0x01008d50                OSQPostOpt
                0x01008f84                OSQQuery
                0x01009104                OS_QInit
 .text          0x010091b0      0xbc8 ../single-rtos_bsp//libucosii_bsp.a(os_sem.o)
                0x010091b0                OSSemAccept
                0x01009270                OSSemCreate
                0x01009384                OSSemDel
                0x01009624                OSSemPend
                0x010098a0                OSSemPendAbort
                0x01009a1c                OSSemPost
                0x01009b44                OSSemQuery
                0x01009c74                OSSemSet
 .text          0x01009d78     0x1a40 ../single-rtos_bsp//libucosii_bsp.a(os_task.o)
                0x01009d78                OSTaskChangePrio
                0x0100a2ec                OSTaskCreate
                0x0100a4c0                OSTaskCreateExt
                0x0100a6c0                OSTaskDel
                0x0100aacc                OSTaskDelReq
                0x0100ac3c                OSTaskNameGet
                0x0100adf4                OSTaskNameSet
                0x0100afb8                OSTaskResume
                0x0100b1d0                OSTaskStkChk
                0x0100b3cc                OSTaskSuspend
                0x0100b5f8                OSTaskQuery
                0x0100b73c                OS_TaskStkClr
 .text          0x0100b7b8      0x67c ../single-rtos_bsp//libucosii_bsp.a(os_time.o)
                0x0100b7b8                OSTimeDly
                0x0100b904                OSTimeDlyHMSM
                0x0100bb5c                OSTimeDlyResume
                0x0100bd6c                OSTimeGet
                0x0100bdd0                OSTimeSet
 .text          0x0100be34      0x24c ../single-rtos_bsp//libucosii_bsp.a(alt_sys_init.o)
                0x0100be34                alt_irq_init
                0x0100be68                alt_sys_init
 .text          0x0100c080      0x148 ../single-rtos_bsp//libucosii_bsp.a(altera_avalon_jtag_uart_fd.o)
                0x0100c080                altera_avalon_jtag_uart_read_fd
                0x0100c0d8                altera_avalon_jtag_uart_write_fd
                0x0100c130                altera_avalon_jtag_uart_close_fd
                0x0100c178                altera_avalon_jtag_uart_ioctl_fd
 .text          0x0100c1c8      0x580 ../single-rtos_bsp//libucosii_bsp.a(altera_avalon_jtag_uart_init.o)
                0x0100c1c8                altera_avalon_jtag_uart_init
                0x0100c6d4                altera_avalon_jtag_uart_close
 .text          0x0100c748       0xf4 ../single-rtos_bsp//libucosii_bsp.a(altera_avalon_jtag_uart_ioctl.o)
                0x0100c748                altera_avalon_jtag_uart_ioctl
 .text          0x0100c83c      0x2c0 ../single-rtos_bsp//libucosii_bsp.a(altera_avalon_jtag_uart_read.o)
                0x0100c83c                altera_avalon_jtag_uart_read
 .text          0x0100cafc      0x2dc ../single-rtos_bsp//libucosii_bsp.a(altera_avalon_jtag_uart_write.o)
                0x0100cafc                altera_avalon_jtag_uart_write
 .text          0x0100cdd8      0x370 ../single-rtos_bsp//libucosii_bsp.a(altera_avalon_mutex.o)
                0x0100ce54                altera_avalon_mutex_open
                0x0100cf0c                altera_avalon_mutex_close
                0x0100cf2c                altera_avalon_mutex_lock
                0x0100cf8c                altera_avalon_mutex_trylock
                0x0100d004                altera_avalon_mutex_unlock
                0x0100d074                altera_avalon_mutex_is_mine
                0x0100d0f0                altera_avalon_mutex_first_lock
 .text          0x0100d148       0xfc ../single-rtos_bsp//libucosii_bsp.a(altera_avalon_timer_sc.o)
                0x0100d1bc                alt_avalon_timer_sc_init
 .text          0x0100d244      0x154 ../single-rtos_bsp//libucosii_bsp.a(alt_alarm_start.o)
                0x0100d244                alt_alarm_start
 .text          0x0100d398       0x1c ../single-rtos_bsp//libucosii_bsp.a(alt_dcache_flush_all.o)
                0x0100d398                alt_dcache_flush_all
 .text          0x0100d3b4      0x114 ../single-rtos_bsp//libucosii_bsp.a(alt_dev_llist_insert.o)
                0x0100d3b4                alt_dev_llist_insert
 .text          0x0100d4c8       0x64 ../single-rtos_bsp//libucosii_bsp.a(alt_do_ctors.o)
                0x0100d4c8                _do_ctors
 .text          0x0100d52c       0x64 ../single-rtos_bsp//libucosii_bsp.a(alt_do_dtors.o)
                0x0100d52c                _do_dtors
 .text          0x0100d590       0x94 ../single-rtos_bsp//libucosii_bsp.a(alt_find_dev.o)
                0x0100d590                alt_find_dev
 .text          0x0100d624       0x1c ../single-rtos_bsp//libucosii_bsp.a(alt_icache_flush_all.o)
                0x0100d624                alt_icache_flush_all
 .text          0x0100d640      0x150 ../single-rtos_bsp//libucosii_bsp.a(alt_io_redirect.o)
                0x0100d718                alt_io_redirect
 .text          0x0100d790      0x1c0 ../single-rtos_bsp//libucosii_bsp.a(alt_irq_register.o)
                0x0100d790                alt_irq_register
 .text          0x0100d950        0x0 ../single-rtos_bsp//libucosii_bsp.a(alt_irq_vars.o)
 .text          0x0100d950      0x2e4 ../single-rtos_bsp//libucosii_bsp.a(alt_open.o)
                0x0100da48                open
 .text          0x0100dc34      0x1a8 ../single-rtos_bsp//libucosii_bsp.a(alt_tick.o)
                0x0100dc34                alt_alarm_stop
                0x0100dccc                alt_tick
 .text          0x0100dddc       0x20 ../single-rtos_bsp//libucosii_bsp.a(altera_nios2_qsys_irq.o)
                0x0100dddc                altera_nios2_qsys_irq_init
 .text          0x0100ddfc       0xd0 ../single-rtos_bsp//libucosii_bsp.a(os_cpu_a.o)
                0x0100ddfc                OSCtxSw
                0x0100ddfc                OSIntCtxSw
                0x0100de88                OSStartHighRdy
                0x0100dea8                OSStartTsk
 .text          0x0100decc      0x418 ../single-rtos_bsp//libucosii_bsp.a(os_cpu_c.o)
                0x0100decc                OSTaskStkInit
                0x0100e1dc                OSTaskCreateHook
                0x0100e1fc                OSTaskDelHook
                0x0100e21c                OSTaskSwHook
                0x0100e238                OSTaskStatHook
                0x0100e254                OSTimeTickHook
                0x0100e270                OSInitHookBegin
                0x0100e28c                OSInitHookEnd
                0x0100e2a8                OSTaskIdleHook
                0x0100e2c4                OSTCBInitHook
 .text          0x0100e2e4      0x120 ../single-rtos_bsp//libucosii_bsp.a(alt_find_file.o)
                0x0100e2e4                alt_find_file
 .text          0x0100e404      0x104 ../single-rtos_bsp//libucosii_bsp.a(alt_get_fd.o)
                0x0100e404                alt_get_fd
 .text          0x0100e508        0x0 ../single-rtos_bsp//libucosii_bsp.a(alt_irq_entry.o)
 .text          0x0100e508        0x0 ../single-rtos_bsp//libucosii_bsp.a(alt_irq_handler.o)
 .text          0x0100e508        0x0 ../single-rtos_bsp//libucosii_bsp.a(alt_exception_entry.o)
 .text          0x0100e508       0x14 /opt/altera/13.0sp1/nios2eds/bin/gnu/H-i686-pc-linux-gnu/bin/../lib/gcc/nios2-elf/4.1.2/../../../../nios2-elf/lib/mno-hw-mul/libc.a(lib_a-atexit.o)
                0x0100e508                atexit
 .text          0x0100e51c       0x38 /opt/altera/13.0sp1/nios2eds/bin/gnu/H-i686-pc-linux-gnu/bin/../lib/gcc/nios2-elf/4.1.2/../../../../nios2-elf/lib/mno-hw-mul/libc.a(lib_a-exit.o)
                0x0100e51c                exit
 .text          0x0100e554       0x74 /opt/altera/13.0sp1/nios2eds/bin/gnu/H-i686-pc-linux-gnu/bin/../lib/gcc/nios2-elf/4.1.2/../../../../nios2-elf/lib/mno-hw-mul/libc.a(lib_a-memcmp.o)
                0x0100e554                memcmp
 .text          0x0100e5c8      0x134 /opt/altera/13.0sp1/nios2eds/bin/gnu/H-i686-pc-linux-gnu/bin/../lib/gcc/nios2-elf/4.1.2/../../../../nios2-elf/lib/mno-hw-mul/libc.a(lib_a-__atexit.o)
                0x0100e5c8                __register_exitproc
 .text          0x0100e6fc      0x1b4 /opt/altera/13.0sp1/nios2eds/bin/gnu/H-i686-pc-linux-gnu/bin/../lib/gcc/nios2-elf/4.1.2/../../../../nios2-elf/lib/mno-hw-mul/libc.a(lib_a-__call_atexit.o)
                0x0100e700                __call_exitprocs
 .text          0x0100e8b0       0xa4 /opt/altera/13.0sp1/nios2eds/bin/gnu/H-i686-pc-linux-gnu/bin/../lib/gcc/nios2-elf/4.1.2/mno-hw-mul/libgcc.a(_fixunsdfsi.o)
                0x0100e8b0                __fixunsdfsi
 .text          0x0100e954      0x504 /opt/altera/13.0sp1/nios2eds/bin/gnu/H-i686-pc-linux-gnu/bin/../lib/gcc/nios2-elf/4.1.2/mno-hw-mul/libgcc.a(_addsub_df.o)
                0x0100ed64                __subdf3
                0x0100ede4                __adddf3
 .text          0x0100ee58      0x3c4 /opt/altera/13.0sp1/nios2eds/bin/gnu/H-i686-pc-linux-gnu/bin/../lib/gcc/nios2-elf/4.1.2/mno-hw-mul/libgcc.a(_mul_df.o)
                0x0100ee58                __muldf3
 .text          0x0100f21c      0x258 /opt/altera/13.0sp1/nios2eds/bin/gnu/H-i686-pc-linux-gnu/bin/../lib/gcc/nios2-elf/4.1.2/mno-hw-mul/libgcc.a(_div_df.o)
                0x0100f21c                __divdf3
 .text          0x0100f474       0x88 /opt/altera/13.0sp1/nios2eds/bin/gnu/H-i686-pc-linux-gnu/bin/../lib/gcc/nios2-elf/4.1.2/mno-hw-mul/libgcc.a(_ge_df.o)
                0x0100f474                __gedf2
 .text          0x0100f4fc       0xd8 /opt/altera/13.0sp1/nios2eds/bin/gnu/H-i686-pc-linux-gnu/bin/../lib/gcc/nios2-elf/4.1.2/mno-hw-mul/libgcc.a(_df_to_si.o)
                0x0100f4fc                __fixdfsi
 .text          0x0100f5d4        0x0 /opt/altera/13.0sp1/nios2eds/bin/gnu/H-i686-pc-linux-gnu/bin/../lib/gcc/nios2-elf/4.1.2/mno-hw-mul/libgcc.a(_thenan_df.o)
 .text          0x0100f5d4      0x194 /opt/altera/13.0sp1/nios2eds/bin/gnu/H-i686-pc-linux-gnu/bin/../lib/gcc/nios2-elf/4.1.2/mno-hw-mul/libgcc.a(_usi_to_df.o)
                0x0100f5d4                __floatunsidf
 .text          0x0100f768      0x14c /opt/altera/13.0sp1/nios2eds/bin/gnu/H-i686-pc-linux-gnu/bin/../lib/gcc/nios2-elf/4.1.2/mno-hw-mul/libgcc.a(lib2-divmod.o)
                0x0100f7e4                __divsi3
                0x0100f844                __modsi3
                0x0100f8a4                __udivsi3
                0x0100f8ac                __umodsi3
 .text          0x0100f8b4      0x124 /opt/altera/13.0sp1/nios2eds/bin/gnu/H-i686-pc-linux-gnu/bin/../lib/gcc/nios2-elf/4.1.2/mno-hw-mul/libgcc.a(_muldi3.o)
                0x0100f8b4                __muldi3
 .text          0x0100f9d8       0x80 /opt/altera/13.0sp1/nios2eds/bin/gnu/H-i686-pc-linux-gnu/bin/../lib/gcc/nios2-elf/4.1.2/mno-hw-mul/libgcc.a(_clzsi2.o)
                0x0100f9d8                __clzsi2
 .text          0x0100fa58      0x314 /opt/altera/13.0sp1/nios2eds/bin/gnu/H-i686-pc-linux-gnu/bin/../lib/gcc/nios2-elf/4.1.2/mno-hw-mul/libgcc.a(_pack_df.o)
                0x0100fa58                __pack_d
 .text          0x0100fd6c      0x138 /opt/altera/13.0sp1/nios2eds/bin/gnu/H-i686-pc-linux-gnu/bin/../lib/gcc/nios2-elf/4.1.2/mno-hw-mul/libgcc.a(_unpack_df.o)
                0x0100fd6c                __unpack_d
 .text          0x0100fea4       0xc8 /opt/altera/13.0sp1/nios2eds/bin/gnu/H-i686-pc-linux-gnu/bin/../lib/gcc/nios2-elf/4.1.2/mno-hw-mul/libgcc.a(_fpcmp_parts_df.o)
                0x0100fea4                __fpcmp_parts_d
 .text          0x0100ff6c        0x0 /opt/altera/13.0sp1/nios2eds/bin/gnu/H-i686-pc-linux-gnu/bin/../lib/gcc/nios2-elf/4.1.2/mno-hw-mul/libgcc.a(_clz.o)
 .text          0x0100ff6c       0x6c ../single-rtos_bsp//libucosii_bsp.a(alt_exit.o)
                0x0100ffac                _exit
 *(.gnu.warning.*)
 *(.fini)
                0x0100ffd8                PROVIDE (__etext, ABSOLUTE (.))
                0x0100ffd8                PROVIDE (_etext, ABSOLUTE (.))
                0x0100ffd8                PROVIDE (etext, ABSOLUTE (.))
 *(.eh_frame_hdr)
                0x0100ffd8                . = ALIGN (0x4)
                0x0100ffd8                PROVIDE (__preinit_array_start, ABSOLUTE (.))
 *(.preinit_array)
                0x0100ffd8                PROVIDE (__preinit_array_end, ABSOLUTE (.))
                0x0100ffd8                PROVIDE (__init_array_start, ABSOLUTE (.))
 *(.init_array)
                0x0100ffd8                PROVIDE (__init_array_end, ABSOLUTE (.))
                0x0100ffd8                PROVIDE (__fini_array_start, ABSOLUTE (.))
 *(.fini_array)
                0x0100ffd8                PROVIDE (__fini_array_end, ABSOLUTE (.))
 *(.eh_frame)
 *(.gcc_except_table)
 *(.dynamic)
                0x0100ffd8                PROVIDE (__CTOR_LIST__, ABSOLUTE (.))
 *(.ctors)
 *(SORT(.ctors.*))
 .ctors.65535   0x0100ffd8        0x4 /opt/altera/13.0sp1/nios2eds/bin/gnu/H-i686-pc-linux-gnu/bin/../lib/gcc/nios2-elf/4.1.2/../../../../nios2-elf/lib/mno-hw-mul/libc.a(lib_a-__call_atexit.o)
                0x0100ffdc                PROVIDE (__CTOR_END__, ABSOLUTE (.))
                0x0100ffdc                PROVIDE (__DTOR_LIST__, ABSOLUTE (.))
 *(.dtors)
 *(SORT(.dtors.*))
                0x0100ffdc                PROVIDE (__DTOR_END__, ABSOLUTE (.))
 *(.jcr)
                0x0100ffdc                . = ALIGN (0x4)

.rodata         0x0100ffdc      0x31c
                0x0100ffdc                PROVIDE (__ram_rodata_start, ABSOLUTE (.))
                0x0100ffdc                . = ALIGN (0x4)
 *(.rodata .rodata.* .gnu.linkonce.r.*)
 .rodata        0x0100ffdc       0x28 obj/default/hello_ucosii.o
 .rodata.str1.4
                0x01010004        0x2 /opt/altera/13.0sp1/nios2eds/bin/gnu/H-i686-pc-linux-gnu/bin/../lib/gcc/nios2-elf/4.1.2/../../../../nios2-elf/lib/mno-hw-mul/libc.a(lib_a-puts.o)
                                  0x4 (size before relaxing)
 *fill*         0x01010006        0x2 00
 .rodata.str1.4
                0x01010008        0x4 /opt/altera/13.0sp1/nios2eds/bin/gnu/H-i686-pc-linux-gnu/bin/../lib/gcc/nios2-elf/4.1.2/../../../../nios2-elf/lib/mno-hw-mul/libc.a(lib_a-impure.o)
 .rodata        0x0101000c        0xc ../single-rtos_bsp//libucosii_bsp.a(alt_dev.o)
 .rodata        0x01010018       0x14 ../single-rtos_bsp//libucosii_bsp.a(alt_main.o)
 .rodata        0x0101002c      0x120 ../single-rtos_bsp//libucosii_bsp.a(os_core.o)
                0x0101002c                OSUnMapTbl
 .rodata        0x0101014c       0x94 ../single-rtos_bsp//libucosii_bsp.a(alt_sys_init.o)
 .rodata        0x010101e0        0x4 ../single-rtos_bsp//libucosii_bsp.a(os_cpu_c.o)
 .rodata        0x010101e4       0x14 /opt/altera/13.0sp1/nios2eds/bin/gnu/H-i686-pc-linux-gnu/bin/../lib/gcc/nios2-elf/4.1.2/mno-hw-mul/libgcc.a(_thenan_df.o)
                0x010101e4                __thenan_df
 .rodata        0x010101f8      0x100 /opt/altera/13.0sp1/nios2eds/bin/gnu/H-i686-pc-linux-gnu/bin/../lib/gcc/nios2-elf/4.1.2/mno-hw-mul/libgcc.a(_clz.o)
                0x010101f8                __clz_tab
 *(.rodata1)
                0x010102f8                . = ALIGN (0x4)
                0x010102f8                PROVIDE (__ram_rodata_end, ABSOLUTE (.))
                0x0100ffdc                PROVIDE (__flash_rodata_start, LOADADDR (.rodata))

.rwdata         0x010102f8     0x1bc0 load address 0x01011eb8
                0x010102f8                PROVIDE (__ram_rwdata_start, ABSOLUTE (.))
                0x010102f8                . = ALIGN (0x4)
 *(.got.plt)
 *(.got)
 *(.data1)
 *(.data .data.* .gnu.linkonce.d.*)
 .data          0x010102f8        0x0 ../single-rtos_bsp//obj/HAL/src/crt0.o
 .data          0x010102f8        0x0 obj/default/hello_ucosii.o
 .data          0x010102f8        0x0 /opt/altera/13.0sp1/nios2eds/bin/gnu/H-i686-pc-linux-gnu/bin/../lib/gcc/nios2-elf/4.1.2/../../../../nios2-elf/lib/mno-hw-mul/libc.a(lib_a-puts.o)
 .data          0x010102f8        0x0 /opt/altera/13.0sp1/nios2eds/bin/gnu/H-i686-pc-linux-gnu/bin/../lib/gcc/nios2-elf/4.1.2/../../../../nios2-elf/lib/mno-hw-mul/libc.a(lib_a-strlen.o)
 .data          0x010102f8        0x0 /opt/altera/13.0sp1/nios2eds/bin/gnu/H-i686-pc-linux-gnu/bin/../lib/gcc/nios2-elf/4.1.2/../../../../nios2-elf/lib/mno-hw-mul/libc.a(lib_a-fvwrite.o)
 .data          0x010102f8      0x400 /opt/altera/13.0sp1/nios2eds/bin/gnu/H-i686-pc-linux-gnu/bin/../lib/gcc/nios2-elf/4.1.2/../../../../nios2-elf/lib/mno-hw-mul/libc.a(lib_a-impure.o)
 .data          0x010106f8      0x408 /opt/altera/13.0sp1/nios2eds/bin/gnu/H-i686-pc-linux-gnu/bin/../lib/gcc/nios2-elf/4.1.2/../../../../nios2-elf/lib/mno-hw-mul/libc.a(lib_a-mallocr.o)
                0x010106f8                __malloc_av_
 .data          0x01010b00        0x0 /opt/altera/13.0sp1/nios2eds/bin/gnu/H-i686-pc-linux-gnu/bin/../lib/gcc/nios2-elf/4.1.2/../../../../nios2-elf/lib/mno-hw-mul/libc.a(lib_a-memchr.o)
 .data          0x01010b00        0x0 /opt/altera/13.0sp1/nios2eds/bin/gnu/H-i686-pc-linux-gnu/bin/../lib/gcc/nios2-elf/4.1.2/../../../../nios2-elf/lib/mno-hw-mul/libc.a(lib_a-memcpy.o)
 .data          0x01010b00        0x0 /opt/altera/13.0sp1/nios2eds/bin/gnu/H-i686-pc-linux-gnu/bin/../lib/gcc/nios2-elf/4.1.2/../../../../nios2-elf/lib/mno-hw-mul/libc.a(lib_a-memmove.o)
 .data          0x01010b00        0x0 /opt/altera/13.0sp1/nios2eds/bin/gnu/H-i686-pc-linux-gnu/bin/../lib/gcc/nios2-elf/4.1.2/../../../../nios2-elf/lib/mno-hw-mul/libc.a(lib_a-reallocr.o)
 .data          0x01010b00        0x0 /opt/altera/13.0sp1/nios2eds/bin/gnu/H-i686-pc-linux-gnu/bin/../lib/gcc/nios2-elf/4.1.2/../../../../nios2-elf/lib/mno-hw-mul/libc.a(lib_a-sbrkr.o)
 .data          0x01010b00        0x0 /opt/altera/13.0sp1/nios2eds/bin/gnu/H-i686-pc-linux-gnu/bin/../lib/gcc/nios2-elf/4.1.2/../../../../nios2-elf/lib/mno-hw-mul/libc.a(lib_a-wsetup.o)
 .data          0x01010b00        0x0 /opt/altera/13.0sp1/nios2eds/bin/gnu/H-i686-pc-linux-gnu/bin/../lib/gcc/nios2-elf/4.1.2/../../../../nios2-elf/lib/mno-hw-mul/libc.a(lib_a-fflush.o)
 .data          0x01010b00        0x0 /opt/altera/13.0sp1/nios2eds/bin/gnu/H-i686-pc-linux-gnu/bin/../lib/gcc/nios2-elf/4.1.2/../../../../nios2-elf/lib/mno-hw-mul/libc.a(lib_a-findfp.o)
 .data          0x01010b00        0x0 /opt/altera/13.0sp1/nios2eds/bin/gnu/H-i686-pc-linux-gnu/bin/../lib/gcc/nios2-elf/4.1.2/../../../../nios2-elf/lib/mno-hw-mul/libc.a(lib_a-freer.o)
 .data          0x01010b00        0x0 /opt/altera/13.0sp1/nios2eds/bin/gnu/H-i686-pc-linux-gnu/bin/../lib/gcc/nios2-elf/4.1.2/../../../../nios2-elf/lib/mno-hw-mul/libc.a(lib_a-fwalk.o)
 .data          0x01010b00        0x0 /opt/altera/13.0sp1/nios2eds/bin/gnu/H-i686-pc-linux-gnu/bin/../lib/gcc/nios2-elf/4.1.2/../../../../nios2-elf/lib/mno-hw-mul/libc.a(lib_a-int_errno.o)
 .data          0x01010b00        0x0 /opt/altera/13.0sp1/nios2eds/bin/gnu/H-i686-pc-linux-gnu/bin/../lib/gcc/nios2-elf/4.1.2/../../../../nios2-elf/lib/mno-hw-mul/libc.a(lib_a-makebuf.o)
 .data          0x01010b00        0x0 /opt/altera/13.0sp1/nios2eds/bin/gnu/H-i686-pc-linux-gnu/bin/../lib/gcc/nios2-elf/4.1.2/../../../../nios2-elf/lib/mno-hw-mul/libc.a(lib_a-memset.o)
 .data          0x01010b00        0x0 /opt/altera/13.0sp1/nios2eds/bin/gnu/H-i686-pc-linux-gnu/bin/../lib/gcc/nios2-elf/4.1.2/../../../../nios2-elf/lib/mno-hw-mul/libc.a(lib_a-stdio.o)
 .data          0x01010b00        0x0 /opt/altera/13.0sp1/nios2eds/bin/gnu/H-i686-pc-linux-gnu/bin/../lib/gcc/nios2-elf/4.1.2/../../../../nios2-elf/lib/mno-hw-mul/libc.a(lib_a-writer.o)
 .data          0x01010b00        0x0 /opt/altera/13.0sp1/nios2eds/bin/gnu/H-i686-pc-linux-gnu/bin/../lib/gcc/nios2-elf/4.1.2/../../../../nios2-elf/lib/mno-hw-mul/libc.a(lib_a-closer.o)
 .data          0x01010b00        0x0 /opt/altera/13.0sp1/nios2eds/bin/gnu/H-i686-pc-linux-gnu/bin/../lib/gcc/nios2-elf/4.1.2/../../../../nios2-elf/lib/mno-hw-mul/libc.a(lib_a-fclose.o)
 .data          0x01010b00        0x0 /opt/altera/13.0sp1/nios2eds/bin/gnu/H-i686-pc-linux-gnu/bin/../lib/gcc/nios2-elf/4.1.2/../../../../nios2-elf/lib/mno-hw-mul/libc.a(lib_a-fstatr.o)
 .data          0x01010b00        0x0 /opt/altera/13.0sp1/nios2eds/bin/gnu/H-i686-pc-linux-gnu/bin/../lib/gcc/nios2-elf/4.1.2/../../../../nios2-elf/lib/mno-hw-mul/libc.a(lib_a-isattyr.o)
 .data          0x01010b00        0x0 /opt/altera/13.0sp1/nios2eds/bin/gnu/H-i686-pc-linux-gnu/bin/../lib/gcc/nios2-elf/4.1.2/../../../../nios2-elf/lib/mno-hw-mul/libc.a(lib_a-lseekr.o)
 .data          0x01010b00        0x0 /opt/altera/13.0sp1/nios2eds/bin/gnu/H-i686-pc-linux-gnu/bin/../lib/gcc/nios2-elf/4.1.2/../../../../nios2-elf/lib/mno-hw-mul/libc.a(lib_a-readr.o)
 .data          0x01010b00        0x0 /opt/altera/13.0sp1/nios2eds/bin/gnu/H-i686-pc-linux-gnu/bin/../lib/gcc/nios2-elf/4.1.2/mno-hw-mul/libgcc.a(lib2-mul.o)
 .data          0x01010b00        0x0 ../single-rtos_bsp//libucosii_bsp.a(alt_close.o)
 .data          0x01010b00      0x1a8 ../single-rtos_bsp//libucosii_bsp.a(alt_dev.o)
                0x01010b00                alt_dev_null
                0x01010b28                alt_fd_list
 .data          0x01010ca8        0x0 ../single-rtos_bsp//libucosii_bsp.a(alt_errno.o)
 .data          0x01010ca8        0x0 ../single-rtos_bsp//libucosii_bsp.a(alt_fstat.o)
 .data          0x01010ca8        0x0 ../single-rtos_bsp//libucosii_bsp.a(alt_isatty.o)
 .data          0x01010ca8        0x0 ../single-rtos_bsp//libucosii_bsp.a(alt_load.o)
 .data          0x01010ca8        0x0 ../single-rtos_bsp//libucosii_bsp.a(alt_lseek.o)
 .data          0x01010ca8        0x0 ../single-rtos_bsp//libucosii_bsp.a(alt_main.o)
 .data          0x01010ca8        0x0 ../single-rtos_bsp//libucosii_bsp.a(alt_read.o)
 .data          0x01010ca8        0x0 ../single-rtos_bsp//libucosii_bsp.a(alt_release_fd.o)
 .data          0x01010ca8        0x0 ../single-rtos_bsp//libucosii_bsp.a(alt_sbrk.o)
 .data          0x01010ca8        0x0 ../single-rtos_bsp//libucosii_bsp.a(alt_write.o)
 .data          0x01010ca8        0x0 ../single-rtos_bsp//libucosii_bsp.a(alt_env_lock.o)
 .data          0x01010ca8        0x0 ../single-rtos_bsp//libucosii_bsp.a(alt_malloc_lock.o)
 .data          0x01010ca8        0x0 ../single-rtos_bsp//libucosii_bsp.a(os_core.o)
 .data          0x01010ca8        0x0 ../single-rtos_bsp//libucosii_bsp.a(os_dbg.o)
 .data          0x01010ca8        0x0 ../single-rtos_bsp//libucosii_bsp.a(os_flag.o)
 .data          0x01010ca8        0x0 ../single-rtos_bsp//libucosii_bsp.a(os_mem.o)
 .data          0x01010ca8        0x0 ../single-rtos_bsp//libucosii_bsp.a(os_q.o)
 .data          0x01010ca8        0x0 ../single-rtos_bsp//libucosii_bsp.a(os_sem.o)
 .data          0x01010ca8        0x0 ../single-rtos_bsp//libucosii_bsp.a(os_task.o)
 .data          0x01010ca8        0x0 ../single-rtos_bsp//libucosii_bsp.a(os_time.o)
 .data          0x01010ca8     0x1154 ../single-rtos_bsp//libucosii_bsp.a(alt_sys_init.o)
 .data          0x01011dfc        0x0 ../single-rtos_bsp//libucosii_bsp.a(altera_avalon_jtag_uart_fd.o)
 .data          0x01011dfc        0x0 ../single-rtos_bsp//libucosii_bsp.a(altera_avalon_jtag_uart_init.o)
 .data          0x01011dfc        0x0 ../single-rtos_bsp//libucosii_bsp.a(altera_avalon_jtag_uart_ioctl.o)
 .data          0x01011dfc        0x0 ../single-rtos_bsp//libucosii_bsp.a(altera_avalon_jtag_uart_read.o)
 .data          0x01011dfc        0x0 ../single-rtos_bsp//libucosii_bsp.a(altera_avalon_jtag_uart_write.o)
 .data          0x01011dfc        0x0 ../single-rtos_bsp//libucosii_bsp.a(altera_avalon_mutex.o)
 .data          0x01011dfc        0x0 ../single-rtos_bsp//libucosii_bsp.a(altera_avalon_timer_sc.o)
 .data          0x01011dfc        0x0 ../single-rtos_bsp//libucosii_bsp.a(alt_alarm_start.o)
 .data          0x01011dfc        0x0 ../single-rtos_bsp//libucosii_bsp.a(alt_dcache_flush_all.o)
 .data          0x01011dfc        0x0 ../single-rtos_bsp//libucosii_bsp.a(alt_dev_llist_insert.o)
 .data          0x01011dfc        0x0 ../single-rtos_bsp//libucosii_bsp.a(alt_do_ctors.o)
 .data          0x01011dfc        0x0 ../single-rtos_bsp//libucosii_bsp.a(alt_do_dtors.o)
 .data          0x01011dfc        0x0 ../single-rtos_bsp//libucosii_bsp.a(alt_find_dev.o)
 .data          0x01011dfc        0x0 ../single-rtos_bsp//libucosii_bsp.a(alt_icache_flush_all.o)
 .data          0x01011dfc        0x0 ../single-rtos_bsp//libucosii_bsp.a(alt_io_redirect.o)
 .data          0x01011dfc        0x0 ../single-rtos_bsp//libucosii_bsp.a(alt_irq_register.o)
 .data          0x01011dfc        0x0 ../single-rtos_bsp//libucosii_bsp.a(alt_irq_vars.o)
 .data          0x01011dfc        0x0 ../single-rtos_bsp//libucosii_bsp.a(alt_open.o)
 .data          0x01011dfc        0x0 ../single-rtos_bsp//libucosii_bsp.a(alt_tick.o)
 .data          0x01011dfc        0x0 ../single-rtos_bsp//libucosii_bsp.a(altera_nios2_qsys_irq.o)
 .data          0x01011dfc        0x0 ../single-rtos_bsp//libucosii_bsp.a(os_cpu_a.o)
 .data          0x01011dfc        0x0 ../single-rtos_bsp//libucosii_bsp.a(os_cpu_c.o)
 .data          0x01011dfc        0x0 ../single-rtos_bsp//libucosii_bsp.a(alt_find_file.o)
 .data          0x01011dfc        0x0 ../single-rtos_bsp//libucosii_bsp.a(alt_get_fd.o)
 .data          0x01011dfc        0x0 ../single-rtos_bsp//libucosii_bsp.a(alt_irq_entry.o)
 .data          0x01011dfc        0x0 ../single-rtos_bsp//libucosii_bsp.a(alt_irq_handler.o)
 .data          0x01011dfc        0x0 ../single-rtos_bsp//libucosii_bsp.a(alt_exception_entry.o)
 .data          0x01011dfc        0x0 /opt/altera/13.0sp1/nios2eds/bin/gnu/H-i686-pc-linux-gnu/bin/../lib/gcc/nios2-elf/4.1.2/../../../../nios2-elf/lib/mno-hw-mul/libc.a(lib_a-atexit.o)
 .data          0x01011dfc        0x0 /opt/altera/13.0sp1/nios2eds/bin/gnu/H-i686-pc-linux-gnu/bin/../lib/gcc/nios2-elf/4.1.2/../../../../nios2-elf/lib/mno-hw-mul/libc.a(lib_a-exit.o)
 .data          0x01011dfc        0x0 /opt/altera/13.0sp1/nios2eds/bin/gnu/H-i686-pc-linux-gnu/bin/../lib/gcc/nios2-elf/4.1.2/../../../../nios2-elf/lib/mno-hw-mul/libc.a(lib_a-memcmp.o)
 .data          0x01011dfc        0x0 /opt/altera/13.0sp1/nios2eds/bin/gnu/H-i686-pc-linux-gnu/bin/../lib/gcc/nios2-elf/4.1.2/../../../../nios2-elf/lib/mno-hw-mul/libc.a(lib_a-__atexit.o)
 .data          0x01011dfc        0x0 /opt/altera/13.0sp1/nios2eds/bin/gnu/H-i686-pc-linux-gnu/bin/../lib/gcc/nios2-elf/4.1.2/../../../../nios2-elf/lib/mno-hw-mul/libc.a(lib_a-__call_atexit.o)
 .data          0x01011dfc        0x0 /opt/altera/13.0sp1/nios2eds/bin/gnu/H-i686-pc-linux-gnu/bin/../lib/gcc/nios2-elf/4.1.2/mno-hw-mul/libgcc.a(_fixunsdfsi.o)
 .data          0x01011dfc        0x0 /opt/altera/13.0sp1/nios2eds/bin/gnu/H-i686-pc-linux-gnu/bin/../lib/gcc/nios2-elf/4.1.2/mno-hw-mul/libgcc.a(_addsub_df.o)
 .data          0x01011dfc        0x0 /opt/altera/13.0sp1/nios2eds/bin/gnu/H-i686-pc-linux-gnu/bin/../lib/gcc/nios2-elf/4.1.2/mno-hw-mul/libgcc.a(_mul_df.o)
 .data          0x01011dfc        0x0 /opt/altera/13.0sp1/nios2eds/bin/gnu/H-i686-pc-linux-gnu/bin/../lib/gcc/nios2-elf/4.1.2/mno-hw-mul/libgcc.a(_div_df.o)
 .data          0x01011dfc        0x0 /opt/altera/13.0sp1/nios2eds/bin/gnu/H-i686-pc-linux-gnu/bin/../lib/gcc/nios2-elf/4.1.2/mno-hw-mul/libgcc.a(_ge_df.o)
 .data          0x01011dfc        0x0 /opt/altera/13.0sp1/nios2eds/bin/gnu/H-i686-pc-linux-gnu/bin/../lib/gcc/nios2-elf/4.1.2/mno-hw-mul/libgcc.a(_df_to_si.o)
 .data          0x01011dfc        0x0 /opt/altera/13.0sp1/nios2eds/bin/gnu/H-i686-pc-linux-gnu/bin/../lib/gcc/nios2-elf/4.1.2/mno-hw-mul/libgcc.a(_thenan_df.o)
 .data          0x01011dfc        0x0 /opt/altera/13.0sp1/nios2eds/bin/gnu/H-i686-pc-linux-gnu/bin/../lib/gcc/nios2-elf/4.1.2/mno-hw-mul/libgcc.a(_usi_to_df.o)
 .data          0x01011dfc        0x0 /opt/altera/13.0sp1/nios2eds/bin/gnu/H-i686-pc-linux-gnu/bin/../lib/gcc/nios2-elf/4.1.2/mno-hw-mul/libgcc.a(lib2-divmod.o)
 .data          0x01011dfc        0x0 /opt/altera/13.0sp1/nios2eds/bin/gnu/H-i686-pc-linux-gnu/bin/../lib/gcc/nios2-elf/4.1.2/mno-hw-mul/libgcc.a(_muldi3.o)
 .data          0x01011dfc        0x0 /opt/altera/13.0sp1/nios2eds/bin/gnu/H-i686-pc-linux-gnu/bin/../lib/gcc/nios2-elf/4.1.2/mno-hw-mul/libgcc.a(_clzsi2.o)
 .data          0x01011dfc        0x0 /opt/altera/13.0sp1/nios2eds/bin/gnu/H-i686-pc-linux-gnu/bin/../lib/gcc/nios2-elf/4.1.2/mno-hw-mul/libgcc.a(_pack_df.o)
 .data          0x01011dfc        0x0 /opt/altera/13.0sp1/nios2eds/bin/gnu/H-i686-pc-linux-gnu/bin/../lib/gcc/nios2-elf/4.1.2/mno-hw-mul/libgcc.a(_unpack_df.o)
 .data          0x01011dfc        0x0 /opt/altera/13.0sp1/nios2eds/bin/gnu/H-i686-pc-linux-gnu/bin/../lib/gcc/nios2-elf/4.1.2/mno-hw-mul/libgcc.a(_fpcmp_parts_df.o)
 .data          0x01011dfc        0x0 /opt/altera/13.0sp1/nios2eds/bin/gnu/H-i686-pc-linux-gnu/bin/../lib/gcc/nios2-elf/4.1.2/mno-hw-mul/libgcc.a(_clz.o)
 .data          0x01011dfc        0x0 ../single-rtos_bsp//libucosii_bsp.a(alt_exit.o)
                0x01019dfc                _gp = ABSOLUTE ((. + 0x8000))
                0x01019dfc                PROVIDE (gp, _gp)
 *(.rwdata .rwdata.*)
 *(.sdata .sdata.* .gnu.linkonce.s.*)
 .sdata         0x01011dfc        0x8 /opt/altera/13.0sp1/nios2eds/bin/gnu/H-i686-pc-linux-gnu/bin/../lib/gcc/nios2-elf/4.1.2/../../../../nios2-elf/lib/mno-hw-mul/libc.a(lib_a-impure.o)
                0x01011dfc                _impure_ptr
                0x01011e00                _global_impure_ptr
 .sdata         0x01011e04        0x8 /opt/altera/13.0sp1/nios2eds/bin/gnu/H-i686-pc-linux-gnu/bin/../lib/gcc/nios2-elf/4.1.2/../../../../nios2-elf/lib/mno-hw-mul/libc.a(lib_a-mallocr.o)
                0x01011e04                __malloc_trim_threshold
                0x01011e08                __malloc_sbrk_base
 .sdata         0x01011e0c       0x14 ../single-rtos_bsp//libucosii_bsp.a(alt_dev.o)
                0x01011e0c                alt_fs_list
                0x01011e14                alt_dev_list
                0x01011e1c                alt_max_fd
 .sdata         0x01011e20        0x4 ../single-rtos_bsp//libucosii_bsp.a(alt_errno.o)
                0x01011e20                alt_errno
 .sdata         0x01011e24        0x4 ../single-rtos_bsp//libucosii_bsp.a(alt_sbrk.o)
 .sdata         0x01011e28        0x4 ../single-rtos_bsp//libucosii_bsp.a(alt_env_lock.o)
 .sdata         0x01011e2c        0x4 ../single-rtos_bsp//libucosii_bsp.a(alt_malloc_lock.o)
 .sdata         0x01011e30       0x74 ../single-rtos_bsp//libucosii_bsp.a(os_dbg.o)
                0x01011e30                OSDebugEn
                0x01011e34                OSEndiannessTest
                0x01011e38                OSEventEn
                0x01011e3a                OSEventMax
                0x01011e3c                OSEventNameSize
                0x01011e3e                OSEventSize
                0x01011e40                OSEventTblSize
                0x01011e42                OSEventMultiEn
                0x01011e44                OSFlagEn
                0x01011e46                OSFlagGrpSize
                0x01011e48                OSFlagNodeSize
                0x01011e4a                OSFlagWidth
                0x01011e4c                OSFlagMax
                0x01011e4e                OSFlagNameSize
                0x01011e50                OSLowestPrio
                0x01011e52                OSMboxEn
                0x01011e54                OSMemEn
                0x01011e56                OSMemMax
                0x01011e58                OSMemNameSize
                0x01011e5a                OSMemSize
                0x01011e5c                OSMemTblSize
                0x01011e5e                OSMutexEn
                0x01011e60                OSPtrSize
                0x01011e62                OSQEn
                0x01011e64                OSQMax
                0x01011e66                OSQSize
                0x01011e68                OSRdyTblSize
                0x01011e6a                OSSemEn
                0x01011e6c                OSStkWidth
                0x01011e6e                OSTaskCreateEn
                0x01011e70                OSTaskCreateExtEn
                0x01011e72                OSTaskDelEn
                0x01011e74                OSTaskIdleStkSize
                0x01011e76                OSTaskProfileEn
                0x01011e78                OSTaskMax
                0x01011e7a                OSTaskNameSize
                0x01011e7c                OSTaskStatEn
                0x01011e7e                OSTaskStatStkSize
                0x01011e80                OSTaskStatStkChkEn
                0x01011e82                OSTaskSwHookEn
                0x01011e84                OSTCBPrioTblMax
                0x01011e86                OSTCBSize
                0x01011e88                OSTicksPerSec
                0x01011e8a                OSTimeTickHookEn
                0x01011e8c                OSVersionNbr
                0x01011e8e                OSTmrEn
                0x01011e90                OSTmrCfgMax
                0x01011e92                OSTmrCfgNameSize
                0x01011e94                OSTmrCfgWheelSize
                0x01011e96                OSTmrCfgTicksPerSec
                0x01011e98                OSTmrSize
                0x01011e9a                OSTmrTblSize
                0x01011e9c                OSTmrWheelSize
                0x01011e9e                OSTmrWheelTblSize
                0x01011ea0                OSDataSize
 .sdata         0x01011ea4        0x8 ../single-rtos_bsp//libucosii_bsp.a(altera_avalon_mutex.o)
                0x01011ea4                alt_mutex_list
 .sdata         0x01011eac        0x4 ../single-rtos_bsp//libucosii_bsp.a(alt_irq_vars.o)
                0x01011eac                alt_priority_mask
 .sdata         0x01011eb0        0x8 ../single-rtos_bsp//libucosii_bsp.a(alt_tick.o)
                0x01011eb0                alt_alarm_list
 *(.sdata2 .sdata2.* .gnu.linkonce.s2.*)
                0x01011eb8                . = ALIGN (0x4)
                0x01011eb8                _edata = ABSOLUTE (.)
                0x01011eb8                PROVIDE (edata, ABSOLUTE (.))
                0x01011eb8                PROVIDE (__ram_rwdata_end, ABSOLUTE (.))
                0x01011eb8                PROVIDE (__flash_rwdata_start, LOADADDR (.rwdata))

.bss            0x01013a78     0x7568
                0x01013a78                __bss_start = ABSOLUTE (.)
                0x01013a78                PROVIDE (__sbss_start, ABSOLUTE (.))
                0x01013a78                PROVIDE (___sbss_start, ABSOLUTE (.))
 *(.dynsbss)
 *(.sbss .sbss.* .gnu.linkonce.sb.*)
 .sbss          0x01013a78        0xc /opt/altera/13.0sp1/nios2eds/bin/gnu/H-i686-pc-linux-gnu/bin/../lib/gcc/nios2-elf/4.1.2/../../../../nios2-elf/lib/mno-hw-mul/libc.a(lib_a-mallocr.o)
                0x01013a78                __malloc_top_pad
                0x01013a7c                __malloc_max_sbrked_mem
                0x01013a80                __malloc_max_total_mem
 .sbss          0x01013a84        0x4 /opt/altera/13.0sp1/nios2eds/bin/gnu/H-i686-pc-linux-gnu/bin/../lib/gcc/nios2-elf/4.1.2/../../../../nios2-elf/lib/mno-hw-mul/libc.a(lib_a-int_errno.o)
                0x01013a84                errno
 .sbss          0x01013a88        0x4 ../single-rtos_bsp//libucosii_bsp.a(alt_dev.o)
                0x01013a88                alt_fd_list_lock
 .sbss          0x01013a8c        0xc ../single-rtos_bsp//libucosii_bsp.a(alt_main.o)
                0x01013a8c                alt_argc
                0x01013a90                alt_argv
                0x01013a94                alt_envp
 .sbss          0x01013a98        0x8 ../single-rtos_bsp//libucosii_bsp.a(alt_env_lock.o)
                0x01013a9c                alt_envsem
 .sbss          0x01013aa0        0x8 ../single-rtos_bsp//libucosii_bsp.a(alt_malloc_lock.o)
                0x01013aa4                alt_heapsem
 .sbss          0x01013aa8       0x50 ../single-rtos_bsp//libucosii_bsp.a(os_core.o)
                0x01013aa8                OSLockNesting
                0x01013aa9                OSRunning
                0x01013aac                OSIdleCtr
                0x01013ab0                OSPrioHighRdy
                0x01013ab1                OSPrioCur
                0x01013ab4                OSTCBList
                0x01013ab8                OSTickStepState
                0x01013abc                OSCtxSwCtr
                0x01013ac0                OSIdleCtrMax
                0x01013ac4                OSTCBFreeList
                0x01013ac8                OSCPUUsage
                0x01013ac9                OSTaskCtr
                0x01013acc                OSMemFreeList
                0x01013ad0                OSTCBHighRdy
                0x01013ad4                OSQFreeList
                0x01013ad8                OSRdyGrp
                0x01013ad9                OSRdyTbl
                0x01013adc                OSEventFreeList
                0x01013ae0                OSIntNesting
                0x01013ae4                OSTCBCur
                0x01013ae8                OSTime
                0x01013aec                OSFlagFreeList
                0x01013af0                OSStatRdy
                0x01013af4                OSIdleCtrRun
 .sbss          0x01013af8        0x4 ../single-rtos_bsp//libucosii_bsp.a(alt_irq_vars.o)
                0x01013af8                alt_irq_active
 .sbss          0x01013afc        0x8 ../single-rtos_bsp//libucosii_bsp.a(alt_tick.o)
                0x01013afc                _alt_tick_rate
                0x01013b00                _alt_nticks
 *(.sbss2 .sbss2.* .gnu.linkonce.sb2.*)
 *(.scommon)
                0x01013b04                PROVIDE (__sbss_end, ABSOLUTE (.))
                0x01013b04                PROVIDE (___sbss_end, ABSOLUTE (.))
 *(.dynbss)
 *(.bss .bss.* .gnu.linkonce.b.*)
 .bss           0x01013b04        0x0 ../single-rtos_bsp//obj/HAL/src/crt0.o
 .bss           0x01013b04        0x0 obj/default/hello_ucosii.o
 .bss           0x01013b04        0x0 /opt/altera/13.0sp1/nios2eds/bin/gnu/H-i686-pc-linux-gnu/bin/../lib/gcc/nios2-elf/4.1.2/../../../../nios2-elf/lib/mno-hw-mul/libc.a(lib_a-puts.o)
 .bss           0x01013b04        0x0 /opt/altera/13.0sp1/nios2eds/bin/gnu/H-i686-pc-linux-gnu/bin/../lib/gcc/nios2-elf/4.1.2/../../../../nios2-elf/lib/mno-hw-mul/libc.a(lib_a-strlen.o)
 .bss           0x01013b04        0x0 /opt/altera/13.0sp1/nios2eds/bin/gnu/H-i686-pc-linux-gnu/bin/../lib/gcc/nios2-elf/4.1.2/../../../../nios2-elf/lib/mno-hw-mul/libc.a(lib_a-fvwrite.o)
 .bss           0x01013b04        0x0 /opt/altera/13.0sp1/nios2eds/bin/gnu/H-i686-pc-linux-gnu/bin/../lib/gcc/nios2-elf/4.1.2/../../../../nios2-elf/lib/mno-hw-mul/libc.a(lib_a-impure.o)
 .bss           0x01013b04       0x28 /opt/altera/13.0sp1/nios2eds/bin/gnu/H-i686-pc-linux-gnu/bin/../lib/gcc/nios2-elf/4.1.2/../../../../nios2-elf/lib/mno-hw-mul/libc.a(lib_a-mallocr.o)
                0x01013b04                __malloc_current_mallinfo
 .bss           0x01013b2c        0x0 /opt/altera/13.0sp1/nios2eds/bin/gnu/H-i686-pc-linux-gnu/bin/../lib/gcc/nios2-elf/4.1.2/../../../../nios2-elf/lib/mno-hw-mul/libc.a(lib_a-memchr.o)
 .bss           0x01013b2c        0x0 /opt/altera/13.0sp1/nios2eds/bin/gnu/H-i686-pc-linux-gnu/bin/../lib/gcc/nios2-elf/4.1.2/../../../../nios2-elf/lib/mno-hw-mul/libc.a(lib_a-memcpy.o)
 .bss           0x01013b2c        0x0 /opt/altera/13.0sp1/nios2eds/bin/gnu/H-i686-pc-linux-gnu/bin/../lib/gcc/nios2-elf/4.1.2/../../../../nios2-elf/lib/mno-hw-mul/libc.a(lib_a-memmove.o)
 .bss           0x01013b2c        0x0 /opt/altera/13.0sp1/nios2eds/bin/gnu/H-i686-pc-linux-gnu/bin/../lib/gcc/nios2-elf/4.1.2/../../../../nios2-elf/lib/mno-hw-mul/libc.a(lib_a-reallocr.o)
 .bss           0x01013b2c        0x0 /opt/altera/13.0sp1/nios2eds/bin/gnu/H-i686-pc-linux-gnu/bin/../lib/gcc/nios2-elf/4.1.2/../../../../nios2-elf/lib/mno-hw-mul/libc.a(lib_a-sbrkr.o)
 .bss           0x01013b2c        0x0 /opt/altera/13.0sp1/nios2eds/bin/gnu/H-i686-pc-linux-gnu/bin/../lib/gcc/nios2-elf/4.1.2/../../../../nios2-elf/lib/mno-hw-mul/libc.a(lib_a-wsetup.o)
 .bss           0x01013b2c        0x0 /opt/altera/13.0sp1/nios2eds/bin/gnu/H-i686-pc-linux-gnu/bin/../lib/gcc/nios2-elf/4.1.2/../../../../nios2-elf/lib/mno-hw-mul/libc.a(lib_a-fflush.o)
 .bss           0x01013b2c        0x0 /opt/altera/13.0sp1/nios2eds/bin/gnu/H-i686-pc-linux-gnu/bin/../lib/gcc/nios2-elf/4.1.2/../../../../nios2-elf/lib/mno-hw-mul/libc.a(lib_a-findfp.o)
 .bss           0x01013b2c        0x0 /opt/altera/13.0sp1/nios2eds/bin/gnu/H-i686-pc-linux-gnu/bin/../lib/gcc/nios2-elf/4.1.2/../../../../nios2-elf/lib/mno-hw-mul/libc.a(lib_a-freer.o)
 .bss           0x01013b2c        0x0 /opt/altera/13.0sp1/nios2eds/bin/gnu/H-i686-pc-linux-gnu/bin/../lib/gcc/nios2-elf/4.1.2/../../../../nios2-elf/lib/mno-hw-mul/libc.a(lib_a-fwalk.o)
 .bss           0x01013b2c        0x0 /opt/altera/13.0sp1/nios2eds/bin/gnu/H-i686-pc-linux-gnu/bin/../lib/gcc/nios2-elf/4.1.2/../../../../nios2-elf/lib/mno-hw-mul/libc.a(lib_a-int_errno.o)
 .bss           0x01013b2c        0x0 /opt/altera/13.0sp1/nios2eds/bin/gnu/H-i686-pc-linux-gnu/bin/../lib/gcc/nios2-elf/4.1.2/../../../../nios2-elf/lib/mno-hw-mul/libc.a(lib_a-makebuf.o)
 .bss           0x01013b2c        0x0 /opt/altera/13.0sp1/nios2eds/bin/gnu/H-i686-pc-linux-gnu/bin/../lib/gcc/nios2-elf/4.1.2/../../../../nios2-elf/lib/mno-hw-mul/libc.a(lib_a-memset.o)
 .bss           0x01013b2c        0x0 /opt/altera/13.0sp1/nios2eds/bin/gnu/H-i686-pc-linux-gnu/bin/../lib/gcc/nios2-elf/4.1.2/../../../../nios2-elf/lib/mno-hw-mul/libc.a(lib_a-stdio.o)
 .bss           0x01013b2c        0x0 /opt/altera/13.0sp1/nios2eds/bin/gnu/H-i686-pc-linux-gnu/bin/../lib/gcc/nios2-elf/4.1.2/../../../../nios2-elf/lib/mno-hw-mul/libc.a(lib_a-writer.o)
 .bss           0x01013b2c        0x0 /opt/altera/13.0sp1/nios2eds/bin/gnu/H-i686-pc-linux-gnu/bin/../lib/gcc/nios2-elf/4.1.2/../../../../nios2-elf/lib/mno-hw-mul/libc.a(lib_a-closer.o)
 .bss           0x01013b2c        0x0 /opt/altera/13.0sp1/nios2eds/bin/gnu/H-i686-pc-linux-gnu/bin/../lib/gcc/nios2-elf/4.1.2/../../../../nios2-elf/lib/mno-hw-mul/libc.a(lib_a-fclose.o)
 .bss           0x01013b2c        0x0 /opt/altera/13.0sp1/nios2eds/bin/gnu/H-i686-pc-linux-gnu/bin/../lib/gcc/nios2-elf/4.1.2/../../../../nios2-elf/lib/mno-hw-mul/libc.a(lib_a-fstatr.o)
 .bss           0x01013b2c        0x0 /opt/altera/13.0sp1/nios2eds/bin/gnu/H-i686-pc-linux-gnu/bin/../lib/gcc/nios2-elf/4.1.2/../../../../nios2-elf/lib/mno-hw-mul/libc.a(lib_a-isattyr.o)
 .bss           0x01013b2c        0x0 /opt/altera/13.0sp1/nios2eds/bin/gnu/H-i686-pc-linux-gnu/bin/../lib/gcc/nios2-elf/4.1.2/../../../../nios2-elf/lib/mno-hw-mul/libc.a(lib_a-lseekr.o)
 .bss           0x01013b2c        0x0 /opt/altera/13.0sp1/nios2eds/bin/gnu/H-i686-pc-linux-gnu/bin/../lib/gcc/nios2-elf/4.1.2/../../../../nios2-elf/lib/mno-hw-mul/libc.a(lib_a-readr.o)
 .bss           0x01013b2c        0x0 /opt/altera/13.0sp1/nios2eds/bin/gnu/H-i686-pc-linux-gnu/bin/../lib/gcc/nios2-elf/4.1.2/mno-hw-mul/libgcc.a(lib2-mul.o)
 .bss           0x01013b2c        0x0 ../single-rtos_bsp//libucosii_bsp.a(alt_close.o)
 .bss           0x01013b2c        0x0 ../single-rtos_bsp//libucosii_bsp.a(alt_dev.o)
 .bss           0x01013b2c        0x0 ../single-rtos_bsp//libucosii_bsp.a(alt_errno.o)
 .bss           0x01013b2c        0x0 ../single-rtos_bsp//libucosii_bsp.a(alt_fstat.o)
 .bss           0x01013b2c        0x0 ../single-rtos_bsp//libucosii_bsp.a(alt_isatty.o)
 .bss           0x01013b2c        0x0 ../single-rtos_bsp//libucosii_bsp.a(alt_load.o)
 .bss           0x01013b2c        0x0 ../single-rtos_bsp//libucosii_bsp.a(alt_lseek.o)
 .bss           0x01013b2c        0x0 ../single-rtos_bsp//libucosii_bsp.a(alt_main.o)
 .bss           0x01013b2c        0x0 ../single-rtos_bsp//libucosii_bsp.a(alt_read.o)
 .bss           0x01013b2c        0x0 ../single-rtos_bsp//libucosii_bsp.a(alt_release_fd.o)
 .bss           0x01013b2c        0x0 ../single-rtos_bsp//libucosii_bsp.a(alt_sbrk.o)
 .bss           0x01013b2c        0x0 ../single-rtos_bsp//libucosii_bsp.a(alt_write.o)
 .bss           0x01013b2c        0x0 ../single-rtos_bsp//libucosii_bsp.a(alt_env_lock.o)
 .bss           0x01013b2c        0x0 ../single-rtos_bsp//libucosii_bsp.a(alt_malloc_lock.o)
 .bss           0x01013b2c        0x0 ../single-rtos_bsp//libucosii_bsp.a(os_core.o)
 .bss           0x01013b2c        0x0 ../single-rtos_bsp//libucosii_bsp.a(os_dbg.o)
 .bss           0x01013b2c        0x0 ../single-rtos_bsp//libucosii_bsp.a(os_flag.o)
 .bss           0x01013b2c        0x0 ../single-rtos_bsp//libucosii_bsp.a(os_mem.o)
 .bss           0x01013b2c        0x0 ../single-rtos_bsp//libucosii_bsp.a(os_q.o)
 .bss           0x01013b2c        0x0 ../single-rtos_bsp//libucosii_bsp.a(os_sem.o)
 .bss           0x01013b2c        0x0 ../single-rtos_bsp//libucosii_bsp.a(os_task.o)
 .bss           0x01013b2c        0x0 ../single-rtos_bsp//libucosii_bsp.a(os_time.o)
 .bss           0x01013b2c        0x0 ../single-rtos_bsp//libucosii_bsp.a(alt_sys_init.o)
 .bss           0x01013b2c        0x0 ../single-rtos_bsp//libucosii_bsp.a(altera_avalon_jtag_uart_fd.o)
 .bss           0x01013b2c        0x0 ../single-rtos_bsp//libucosii_bsp.a(altera_avalon_jtag_uart_init.o)
 .bss           0x01013b2c        0x0 ../single-rtos_bsp//libucosii_bsp.a(altera_avalon_jtag_uart_ioctl.o)
 .bss           0x01013b2c        0x0 ../single-rtos_bsp//libucosii_bsp.a(altera_avalon_jtag_uart_read.o)
 .bss           0x01013b2c        0x0 ../single-rtos_bsp//libucosii_bsp.a(altera_avalon_jtag_uart_write.o)
 .bss           0x01013b2c        0x0 ../single-rtos_bsp//libucosii_bsp.a(altera_avalon_mutex.o)
 .bss           0x01013b2c        0x0 ../single-rtos_bsp//libucosii_bsp.a(altera_avalon_timer_sc.o)
 .bss           0x01013b2c        0x0 ../single-rtos_bsp//libucosii_bsp.a(alt_alarm_start.o)
 .bss           0x01013b2c        0x0 ../single-rtos_bsp//libucosii_bsp.a(alt_dcache_flush_all.o)
 .bss           0x01013b2c        0x0 ../single-rtos_bsp//libucosii_bsp.a(alt_dev_llist_insert.o)
 .bss           0x01013b2c        0x0 ../single-rtos_bsp//libucosii_bsp.a(alt_do_ctors.o)
 .bss           0x01013b2c        0x0 ../single-rtos_bsp//libucosii_bsp.a(alt_do_dtors.o)
 .bss           0x01013b2c        0x0 ../single-rtos_bsp//libucosii_bsp.a(alt_find_dev.o)
 .bss           0x01013b2c        0x0 ../single-rtos_bsp//libucosii_bsp.a(alt_icache_flush_all.o)
 .bss           0x01013b2c        0x0 ../single-rtos_bsp//libucosii_bsp.a(alt_io_redirect.o)
 .bss           0x01013b2c        0x0 ../single-rtos_bsp//libucosii_bsp.a(alt_irq_register.o)
 .bss           0x01013b2c        0x0 ../single-rtos_bsp//libucosii_bsp.a(alt_irq_vars.o)
 .bss           0x01013b2c        0x0 ../single-rtos_bsp//libucosii_bsp.a(alt_open.o)
 .bss           0x01013b2c        0x0 ../single-rtos_bsp//libucosii_bsp.a(alt_tick.o)
 .bss           0x01013b2c        0x0 ../single-rtos_bsp//libucosii_bsp.a(altera_nios2_qsys_irq.o)
 .bss           0x01013b2c        0x0 ../single-rtos_bsp//libucosii_bsp.a(os_cpu_a.o)
 .bss           0x01013b2c        0x0 ../single-rtos_bsp//libucosii_bsp.a(os_cpu_c.o)
 .bss           0x01013b2c        0x0 ../single-rtos_bsp//libucosii_bsp.a(alt_find_file.o)
 .bss           0x01013b2c        0x0 ../single-rtos_bsp//libucosii_bsp.a(alt_get_fd.o)
 .bss           0x01013b2c        0x0 ../single-rtos_bsp//libucosii_bsp.a(alt_irq_entry.o)
 .bss           0x01013b2c        0x0 ../single-rtos_bsp//libucosii_bsp.a(alt_irq_handler.o)
 .bss           0x01013b2c        0x0 ../single-rtos_bsp//libucosii_bsp.a(alt_exception_entry.o)
 .bss           0x01013b2c        0x0 /opt/altera/13.0sp1/nios2eds/bin/gnu/H-i686-pc-linux-gnu/bin/../lib/gcc/nios2-elf/4.1.2/../../../../nios2-elf/lib/mno-hw-mul/libc.a(lib_a-atexit.o)
 .bss           0x01013b2c        0x0 /opt/altera/13.0sp1/nios2eds/bin/gnu/H-i686-pc-linux-gnu/bin/../lib/gcc/nios2-elf/4.1.2/../../../../nios2-elf/lib/mno-hw-mul/libc.a(lib_a-exit.o)
 .bss           0x01013b2c        0x0 /opt/altera/13.0sp1/nios2eds/bin/gnu/H-i686-pc-linux-gnu/bin/../lib/gcc/nios2-elf/4.1.2/../../../../nios2-elf/lib/mno-hw-mul/libc.a(lib_a-memcmp.o)
 .bss           0x01013b2c        0x0 /opt/altera/13.0sp1/nios2eds/bin/gnu/H-i686-pc-linux-gnu/bin/../lib/gcc/nios2-elf/4.1.2/../../../../nios2-elf/lib/mno-hw-mul/libc.a(lib_a-__atexit.o)
 .bss           0x01013b2c        0x0 /opt/altera/13.0sp1/nios2eds/bin/gnu/H-i686-pc-linux-gnu/bin/../lib/gcc/nios2-elf/4.1.2/../../../../nios2-elf/lib/mno-hw-mul/libc.a(lib_a-__call_atexit.o)
 .bss           0x01013b2c        0x0 /opt/altera/13.0sp1/nios2eds/bin/gnu/H-i686-pc-linux-gnu/bin/../lib/gcc/nios2-elf/4.1.2/mno-hw-mul/libgcc.a(_fixunsdfsi.o)
 .bss           0x01013b2c        0x0 /opt/altera/13.0sp1/nios2eds/bin/gnu/H-i686-pc-linux-gnu/bin/../lib/gcc/nios2-elf/4.1.2/mno-hw-mul/libgcc.a(_addsub_df.o)
 .bss           0x01013b2c        0x0 /opt/altera/13.0sp1/nios2eds/bin/gnu/H-i686-pc-linux-gnu/bin/../lib/gcc/nios2-elf/4.1.2/mno-hw-mul/libgcc.a(_mul_df.o)
 .bss           0x01013b2c        0x0 /opt/altera/13.0sp1/nios2eds/bin/gnu/H-i686-pc-linux-gnu/bin/../lib/gcc/nios2-elf/4.1.2/mno-hw-mul/libgcc.a(_div_df.o)
 .bss           0x01013b2c        0x0 /opt/altera/13.0sp1/nios2eds/bin/gnu/H-i686-pc-linux-gnu/bin/../lib/gcc/nios2-elf/4.1.2/mno-hw-mul/libgcc.a(_ge_df.o)
 .bss           0x01013b2c        0x0 /opt/altera/13.0sp1/nios2eds/bin/gnu/H-i686-pc-linux-gnu/bin/../lib/gcc/nios2-elf/4.1.2/mno-hw-mul/libgcc.a(_df_to_si.o)
 .bss           0x01013b2c        0x0 /opt/altera/13.0sp1/nios2eds/bin/gnu/H-i686-pc-linux-gnu/bin/../lib/gcc/nios2-elf/4.1.2/mno-hw-mul/libgcc.a(_thenan_df.o)
 .bss           0x01013b2c        0x0 /opt/altera/13.0sp1/nios2eds/bin/gnu/H-i686-pc-linux-gnu/bin/../lib/gcc/nios2-elf/4.1.2/mno-hw-mul/libgcc.a(_usi_to_df.o)
 .bss           0x01013b2c        0x0 /opt/altera/13.0sp1/nios2eds/bin/gnu/H-i686-pc-linux-gnu/bin/../lib/gcc/nios2-elf/4.1.2/mno-hw-mul/libgcc.a(lib2-divmod.o)
 .bss           0x01013b2c        0x0 /opt/altera/13.0sp1/nios2eds/bin/gnu/H-i686-pc-linux-gnu/bin/../lib/gcc/nios2-elf/4.1.2/mno-hw-mul/libgcc.a(_muldi3.o)
 .bss           0x01013b2c        0x0 /opt/altera/13.0sp1/nios2eds/bin/gnu/H-i686-pc-linux-gnu/bin/../lib/gcc/nios2-elf/4.1.2/mno-hw-mul/libgcc.a(_clzsi2.o)
 .bss           0x01013b2c        0x0 /opt/altera/13.0sp1/nios2eds/bin/gnu/H-i686-pc-linux-gnu/bin/../lib/gcc/nios2-elf/4.1.2/mno-hw-mul/libgcc.a(_pack_df.o)
 .bss           0x01013b2c        0x0 /opt/altera/13.0sp1/nios2eds/bin/gnu/H-i686-pc-linux-gnu/bin/../lib/gcc/nios2-elf/4.1.2/mno-hw-mul/libgcc.a(_unpack_df.o)
 .bss           0x01013b2c        0x0 /opt/altera/13.0sp1/nios2eds/bin/gnu/H-i686-pc-linux-gnu/bin/../lib/gcc/nios2-elf/4.1.2/mno-hw-mul/libgcc.a(_fpcmp_parts_df.o)
 .bss           0x01013b2c        0x0 /opt/altera/13.0sp1/nios2eds/bin/gnu/H-i686-pc-linux-gnu/bin/../lib/gcc/nios2-elf/4.1.2/mno-hw-mul/libgcc.a(_clz.o)
 .bss           0x01013b2c        0x0 ../single-rtos_bsp//libucosii_bsp.a(alt_exit.o)
 *(COMMON)
 COMMON         0x01013b2c     0x4000 obj/default/hello_ucosii.o
                0x01013b2c                task1_stk
                0x01015b2c                task2_stk
 COMMON         0x01017b2c     0x3224 ../single-rtos_bsp//libucosii_bsp.a(os_core.o)
                0x01017b2c                OSFlagTbl
                0x01017e9c                OSMemTbl
                0x01018acc                OSTaskStatStk
                0x010192cc                OSQTbl
                0x010194ac                OSTaskIdleStk
                0x01019cac                OSEventTbl
                0x0101a7ec                OSTCBTbl
                0x0101acfc                OSTCBPrioTbl
 COMMON         0x0101ad50      0x100 ../single-rtos_bsp//libucosii_bsp.a(alt_irq_handler.o)
                0x0101ad50                alt_irq
 COMMON         0x0101ae50      0x190 /opt/altera/13.0sp1/nios2eds/bin/gnu/H-i686-pc-linux-gnu/bin/../lib/gcc/nios2-elf/4.1.2/../../../../nios2-elf/lib/mno-hw-mul/libc.a(lib_a-atexit.o)
                0x0101ae50                _atexit0
                0x0101afe0                . = ALIGN (0x4)
                0x0101afe0                __bss_end = ABSOLUTE (.)

.sram           0x000801c0        0x0 load address 0x0101afe0
                0x000801c0                PROVIDE (_alt_partition_sram_start, ABSOLUTE (.))
 *(.sram. sram.*)
                0x000801c0                . = ALIGN (0x4)
                0x000801c0                PROVIDE (_alt_partition_sram_end, ABSOLUTE (.))
                0x0101afe0                PROVIDE (_alt_partition_sram_load_addr, LOADADDR (.sram))

.shared_onchip  0x00102000        0x0 load address 0x0101afe0
                0x00102000                PROVIDE (_alt_partition_shared_onchip_start, ABSOLUTE (.))
 *(.shared_onchip. shared_onchip.*)
                0x00102000                . = ALIGN (0x4)
                0x00102000                PROVIDE (_alt_partition_shared_onchip_end, ABSOLUTE (.))
                0x0101afe0                PROVIDE (_alt_partition_shared_onchip_load_addr, LOADADDR (.shared_onchip))

.sdram          0x0101afe0        0x0
                0x0101afe0                PROVIDE (_alt_partition_sdram_start, ABSOLUTE (.))
 *(.sdram. sdram.*)
                0x0101afe0                . = ALIGN (0x4)
                0x0101afe0                PROVIDE (_alt_partition_sdram_end, ABSOLUTE (.))
                0x0101afe0                _end = ABSOLUTE (.)
                0x0101afe0                end = ABSOLUTE (.)
                0x0101afe0                __alt_stack_base = ABSOLUTE (.)
                0x0101afe0                PROVIDE (_alt_partition_sdram_load_addr, LOADADDR (.sdram))

.stab
 *(.stab)

.stabstr
 *(.stabstr)

.stab.excl
 *(.stab.excl)

.stab.exclstr
 *(.stab.exclstr)

.stab.index
 *(.stab.index)

.stab.indexstr
 *(.stab.indexstr)

.comment        0x00000000       0x26
 *(.comment)
 .comment       0x00000000       0x26 obj/default/hello_ucosii.o
                                 0x27 (size before relaxing)
 .comment       0x00000000       0x27 /opt/altera/13.0sp1/nios2eds/bin/gnu/H-i686-pc-linux-gnu/bin/../lib/gcc/nios2-elf/4.1.2/../../../../nios2-elf/lib/mno-hw-mul/libc.a(lib_a-puts.o)
 .comment       0x00000000       0x27 /opt/altera/13.0sp1/nios2eds/bin/gnu/H-i686-pc-linux-gnu/bin/../lib/gcc/nios2-elf/4.1.2/../../../../nios2-elf/lib/mno-hw-mul/libc.a(lib_a-strlen.o)
 .comment       0x00000000       0x27 /opt/altera/13.0sp1/nios2eds/bin/gnu/H-i686-pc-linux-gnu/bin/../lib/gcc/nios2-elf/4.1.2/../../../../nios2-elf/lib/mno-hw-mul/libc.a(lib_a-fvwrite.o)
 .comment       0x00000000       0x27 /opt/altera/13.0sp1/nios2eds/bin/gnu/H-i686-pc-linux-gnu/bin/../lib/gcc/nios2-elf/4.1.2/../../../../nios2-elf/lib/mno-hw-mul/libc.a(lib_a-impure.o)
 .comment       0x00000000       0x27 /opt/altera/13.0sp1/nios2eds/bin/gnu/H-i686-pc-linux-gnu/bin/../lib/gcc/nios2-elf/4.1.2/../../../../nios2-elf/lib/mno-hw-mul/libc.a(lib_a-mallocr.o)
 .comment       0x00000000       0x27 /opt/altera/13.0sp1/nios2eds/bin/gnu/H-i686-pc-linux-gnu/bin/../lib/gcc/nios2-elf/4.1.2/../../../../nios2-elf/lib/mno-hw-mul/libc.a(lib_a-memchr.o)
 .comment       0x00000000       0x27 /opt/altera/13.0sp1/nios2eds/bin/gnu/H-i686-pc-linux-gnu/bin/../lib/gcc/nios2-elf/4.1.2/../../../../nios2-elf/lib/mno-hw-mul/libc.a(lib_a-memcpy.o)
 .comment       0x00000000       0x27 /opt/altera/13.0sp1/nios2eds/bin/gnu/H-i686-pc-linux-gnu/bin/../lib/gcc/nios2-elf/4.1.2/../../../../nios2-elf/lib/mno-hw-mul/libc.a(lib_a-memmove.o)
 .comment       0x00000000       0x27 /opt/altera/13.0sp1/nios2eds/bin/gnu/H-i686-pc-linux-gnu/bin/../lib/gcc/nios2-elf/4.1.2/../../../../nios2-elf/lib/mno-hw-mul/libc.a(lib_a-reallocr.o)
 .comment       0x00000000       0x27 /opt/altera/13.0sp1/nios2eds/bin/gnu/H-i686-pc-linux-gnu/bin/../lib/gcc/nios2-elf/4.1.2/../../../../nios2-elf/lib/mno-hw-mul/libc.a(lib_a-sbrkr.o)
 .comment       0x00000000       0x27 /opt/altera/13.0sp1/nios2eds/bin/gnu/H-i686-pc-linux-gnu/bin/../lib/gcc/nios2-elf/4.1.2/../../../../nios2-elf/lib/mno-hw-mul/libc.a(lib_a-wsetup.o)
 .comment       0x00000000       0x27 /opt/altera/13.0sp1/nios2eds/bin/gnu/H-i686-pc-linux-gnu/bin/../lib/gcc/nios2-elf/4.1.2/../../../../nios2-elf/lib/mno-hw-mul/libc.a(lib_a-fflush.o)
 .comment       0x00000000       0x27 /opt/altera/13.0sp1/nios2eds/bin/gnu/H-i686-pc-linux-gnu/bin/../lib/gcc/nios2-elf/4.1.2/../../../../nios2-elf/lib/mno-hw-mul/libc.a(lib_a-findfp.o)
 .comment       0x00000000       0x27 /opt/altera/13.0sp1/nios2eds/bin/gnu/H-i686-pc-linux-gnu/bin/../lib/gcc/nios2-elf/4.1.2/../../../../nios2-elf/lib/mno-hw-mul/libc.a(lib_a-freer.o)
 .comment       0x00000000       0x27 /opt/altera/13.0sp1/nios2eds/bin/gnu/H-i686-pc-linux-gnu/bin/../lib/gcc/nios2-elf/4.1.2/../../../../nios2-elf/lib/mno-hw-mul/libc.a(lib_a-fwalk.o)
 .comment       0x00000000       0x27 /opt/altera/13.0sp1/nios2eds/bin/gnu/H-i686-pc-linux-gnu/bin/../lib/gcc/nios2-elf/4.1.2/../../../../nios2-elf/lib/mno-hw-mul/libc.a(lib_a-int_errno.o)
 .comment       0x00000000       0x27 /opt/altera/13.0sp1/nios2eds/bin/gnu/H-i686-pc-linux-gnu/bin/../lib/gcc/nios2-elf/4.1.2/../../../../nios2-elf/lib/mno-hw-mul/libc.a(lib_a-makebuf.o)
 .comment       0x00000000       0x27 /opt/altera/13.0sp1/nios2eds/bin/gnu/H-i686-pc-linux-gnu/bin/../lib/gcc/nios2-elf/4.1.2/../../../../nios2-elf/lib/mno-hw-mul/libc.a(lib_a-memset.o)
 .comment       0x00000000       0x27 /opt/altera/13.0sp1/nios2eds/bin/gnu/H-i686-pc-linux-gnu/bin/../lib/gcc/nios2-elf/4.1.2/../../../../nios2-elf/lib/mno-hw-mul/libc.a(lib_a-stdio.o)
 .comment       0x00000000       0x27 /opt/altera/13.0sp1/nios2eds/bin/gnu/H-i686-pc-linux-gnu/bin/../lib/gcc/nios2-elf/4.1.2/../../../../nios2-elf/lib/mno-hw-mul/libc.a(lib_a-writer.o)
 .comment       0x00000000       0x27 /opt/altera/13.0sp1/nios2eds/bin/gnu/H-i686-pc-linux-gnu/bin/../lib/gcc/nios2-elf/4.1.2/../../../../nios2-elf/lib/mno-hw-mul/libc.a(lib_a-closer.o)
 .comment       0x00000000       0x27 /opt/altera/13.0sp1/nios2eds/bin/gnu/H-i686-pc-linux-gnu/bin/../lib/gcc/nios2-elf/4.1.2/../../../../nios2-elf/lib/mno-hw-mul/libc.a(lib_a-fclose.o)
 .comment       0x00000000       0x27 /opt/altera/13.0sp1/nios2eds/bin/gnu/H-i686-pc-linux-gnu/bin/../lib/gcc/nios2-elf/4.1.2/../../../../nios2-elf/lib/mno-hw-mul/libc.a(lib_a-fstatr.o)
 .comment       0x00000000       0x27 /opt/altera/13.0sp1/nios2eds/bin/gnu/H-i686-pc-linux-gnu/bin/../lib/gcc/nios2-elf/4.1.2/../../../../nios2-elf/lib/mno-hw-mul/libc.a(lib_a-isattyr.o)
 .comment       0x00000000       0x27 /opt/altera/13.0sp1/nios2eds/bin/gnu/H-i686-pc-linux-gnu/bin/../lib/gcc/nios2-elf/4.1.2/../../../../nios2-elf/lib/mno-hw-mul/libc.a(lib_a-lseekr.o)
 .comment       0x00000000       0x27 /opt/altera/13.0sp1/nios2eds/bin/gnu/H-i686-pc-linux-gnu/bin/../lib/gcc/nios2-elf/4.1.2/../../../../nios2-elf/lib/mno-hw-mul/libc.a(lib_a-readr.o)
 .comment       0x00000000       0x27 /opt/altera/13.0sp1/nios2eds/bin/gnu/H-i686-pc-linux-gnu/bin/../lib/gcc/nios2-elf/4.1.2/mno-hw-mul/libgcc.a(lib2-mul.o)
 .comment       0x00000000       0x27 ../single-rtos_bsp//libucosii_bsp.a(alt_close.o)
 .comment       0x00000000       0x27 ../single-rtos_bsp//libucosii_bsp.a(alt_dev.o)
 .comment       0x00000000       0x27 ../single-rtos_bsp//libucosii_bsp.a(alt_errno.o)
 .comment       0x00000000       0x27 ../single-rtos_bsp//libucosii_bsp.a(alt_fstat.o)
 .comment       0x00000000       0x27 ../single-rtos_bsp//libucosii_bsp.a(alt_isatty.o)
 .comment       0x00000000       0x27 ../single-rtos_bsp//libucosii_bsp.a(alt_load.o)
 .comment       0x00000000       0x27 ../single-rtos_bsp//libucosii_bsp.a(alt_lseek.o)
 .comment       0x00000000       0x27 ../single-rtos_bsp//libucosii_bsp.a(alt_main.o)
 .comment       0x00000000       0x27 ../single-rtos_bsp//libucosii_bsp.a(alt_read.o)
 .comment       0x00000000       0x27 ../single-rtos_bsp//libucosii_bsp.a(alt_release_fd.o)
 .comment       0x00000000       0x27 ../single-rtos_bsp//libucosii_bsp.a(alt_sbrk.o)
 .comment       0x00000000       0x27 ../single-rtos_bsp//libucosii_bsp.a(alt_write.o)
 .comment       0x00000000       0x27 ../single-rtos_bsp//libucosii_bsp.a(alt_env_lock.o)
 .comment       0x00000000       0x27 ../single-rtos_bsp//libucosii_bsp.a(alt_malloc_lock.o)
 .comment       0x00000000       0x27 ../single-rtos_bsp//libucosii_bsp.a(os_core.o)
 .comment       0x00000000       0x27 ../single-rtos_bsp//libucosii_bsp.a(os_dbg.o)
 .comment       0x00000000       0x27 ../single-rtos_bsp//libucosii_bsp.a(os_flag.o)
 .comment       0x00000000       0x27 ../single-rtos_bsp//libucosii_bsp.a(os_mem.o)
 .comment       0x00000000       0x27 ../single-rtos_bsp//libucosii_bsp.a(os_q.o)
 .comment       0x00000000       0x27 ../single-rtos_bsp//libucosii_bsp.a(os_sem.o)
 .comment       0x00000000       0x27 ../single-rtos_bsp//libucosii_bsp.a(os_task.o)
 .comment       0x00000000       0x27 ../single-rtos_bsp//libucosii_bsp.a(os_time.o)
 .comment       0x00000000       0x27 ../single-rtos_bsp//libucosii_bsp.a(alt_sys_init.o)
 .comment       0x00000000       0x27 ../single-rtos_bsp//libucosii_bsp.a(altera_avalon_jtag_uart_fd.o)
 .comment       0x00000000       0x27 ../single-rtos_bsp//libucosii_bsp.a(altera_avalon_jtag_uart_init.o)
 .comment       0x00000000       0x27 ../single-rtos_bsp//libucosii_bsp.a(altera_avalon_jtag_uart_ioctl.o)
 .comment       0x00000000       0x27 ../single-rtos_bsp//libucosii_bsp.a(altera_avalon_jtag_uart_read.o)
 .comment       0x00000000       0x27 ../single-rtos_bsp//libucosii_bsp.a(altera_avalon_jtag_uart_write.o)
 .comment       0x00000000       0x27 ../single-rtos_bsp//libucosii_bsp.a(altera_avalon_mutex.o)
 .comment       0x00000000       0x27 ../single-rtos_bsp//libucosii_bsp.a(altera_avalon_timer_sc.o)
 .comment       0x00000000       0x27 ../single-rtos_bsp//libucosii_bsp.a(alt_alarm_start.o)
 .comment       0x00000000       0x27 ../single-rtos_bsp//libucosii_bsp.a(alt_dcache_flush_all.o)
 .comment       0x00000000       0x27 ../single-rtos_bsp//libucosii_bsp.a(alt_dev_llist_insert.o)
 .comment       0x00000000       0x27 ../single-rtos_bsp//libucosii_bsp.a(alt_do_ctors.o)
 .comment       0x00000000       0x27 ../single-rtos_bsp//libucosii_bsp.a(alt_do_dtors.o)
 .comment       0x00000000       0x27 ../single-rtos_bsp//libucosii_bsp.a(alt_find_dev.o)
 .comment       0x00000000       0x27 ../single-rtos_bsp//libucosii_bsp.a(alt_icache_flush_all.o)
 .comment       0x00000000       0x27 ../single-rtos_bsp//libucosii_bsp.a(alt_io_redirect.o)
 .comment       0x00000000       0x27 ../single-rtos_bsp//libucosii_bsp.a(alt_irq_register.o)
 .comment       0x00000000       0x27 ../single-rtos_bsp//libucosii_bsp.a(alt_irq_vars.o)
 .comment       0x00000000       0x27 ../single-rtos_bsp//libucosii_bsp.a(alt_open.o)
 .comment       0x00000000       0x27 ../single-rtos_bsp//libucosii_bsp.a(alt_tick.o)
 .comment       0x00000000       0x27 ../single-rtos_bsp//libucosii_bsp.a(altera_nios2_qsys_irq.o)
 .comment       0x00000000       0x27 ../single-rtos_bsp//libucosii_bsp.a(os_cpu_c.o)
 .comment       0x00000000       0x27 ../single-rtos_bsp//libucosii_bsp.a(alt_find_file.o)
 .comment       0x00000000       0x27 ../single-rtos_bsp//libucosii_bsp.a(alt_get_fd.o)
 .comment       0x00000000       0x27 ../single-rtos_bsp//libucosii_bsp.a(alt_irq_handler.o)
 .comment       0x00000000       0x27 /opt/altera/13.0sp1/nios2eds/bin/gnu/H-i686-pc-linux-gnu/bin/../lib/gcc/nios2-elf/4.1.2/../../../../nios2-elf/lib/mno-hw-mul/libc.a(lib_a-atexit.o)
 .comment       0x00000000       0x27 /opt/altera/13.0sp1/nios2eds/bin/gnu/H-i686-pc-linux-gnu/bin/../lib/gcc/nios2-elf/4.1.2/../../../../nios2-elf/lib/mno-hw-mul/libc.a(lib_a-exit.o)
 .comment       0x00000000       0x27 /opt/altera/13.0sp1/nios2eds/bin/gnu/H-i686-pc-linux-gnu/bin/../lib/gcc/nios2-elf/4.1.2/../../../../nios2-elf/lib/mno-hw-mul/libc.a(lib_a-memcmp.o)
 .comment       0x00000000       0x27 /opt/altera/13.0sp1/nios2eds/bin/gnu/H-i686-pc-linux-gnu/bin/../lib/gcc/nios2-elf/4.1.2/../../../../nios2-elf/lib/mno-hw-mul/libc.a(lib_a-__atexit.o)
 .comment       0x00000000       0x27 /opt/altera/13.0sp1/nios2eds/bin/gnu/H-i686-pc-linux-gnu/bin/../lib/gcc/nios2-elf/4.1.2/../../../../nios2-elf/lib/mno-hw-mul/libc.a(lib_a-__call_atexit.o)
 .comment       0x00000000       0x27 /opt/altera/13.0sp1/nios2eds/bin/gnu/H-i686-pc-linux-gnu/bin/../lib/gcc/nios2-elf/4.1.2/mno-hw-mul/libgcc.a(_fixunsdfsi.o)
 .comment       0x00000000       0x27 /opt/altera/13.0sp1/nios2eds/bin/gnu/H-i686-pc-linux-gnu/bin/../lib/gcc/nios2-elf/4.1.2/mno-hw-mul/libgcc.a(_addsub_df.o)
 .comment       0x00000000       0x27 /opt/altera/13.0sp1/nios2eds/bin/gnu/H-i686-pc-linux-gnu/bin/../lib/gcc/nios2-elf/4.1.2/mno-hw-mul/libgcc.a(_mul_df.o)
 .comment       0x00000000       0x27 /opt/altera/13.0sp1/nios2eds/bin/gnu/H-i686-pc-linux-gnu/bin/../lib/gcc/nios2-elf/4.1.2/mno-hw-mul/libgcc.a(_div_df.o)
 .comment       0x00000000       0x27 /opt/altera/13.0sp1/nios2eds/bin/gnu/H-i686-pc-linux-gnu/bin/../lib/gcc/nios2-elf/4.1.2/mno-hw-mul/libgcc.a(_ge_df.o)
 .comment       0x00000000       0x27 /opt/altera/13.0sp1/nios2eds/bin/gnu/H-i686-pc-linux-gnu/bin/../lib/gcc/nios2-elf/4.1.2/mno-hw-mul/libgcc.a(_df_to_si.o)
 .comment       0x00000000       0x27 /opt/altera/13.0sp1/nios2eds/bin/gnu/H-i686-pc-linux-gnu/bin/../lib/gcc/nios2-elf/4.1.2/mno-hw-mul/libgcc.a(_thenan_df.o)
 .comment       0x00000000       0x27 /opt/altera/13.0sp1/nios2eds/bin/gnu/H-i686-pc-linux-gnu/bin/../lib/gcc/nios2-elf/4.1.2/mno-hw-mul/libgcc.a(_usi_to_df.o)
 .comment       0x00000000       0x27 /opt/altera/13.0sp1/nios2eds/bin/gnu/H-i686-pc-linux-gnu/bin/../lib/gcc/nios2-elf/4.1.2/mno-hw-mul/libgcc.a(lib2-divmod.o)
 .comment       0x00000000       0x27 /opt/altera/13.0sp1/nios2eds/bin/gnu/H-i686-pc-linux-gnu/bin/../lib/gcc/nios2-elf/4.1.2/mno-hw-mul/libgcc.a(_muldi3.o)
 .comment       0x00000000       0x27 /opt/altera/13.0sp1/nios2eds/bin/gnu/H-i686-pc-linux-gnu/bin/../lib/gcc/nios2-elf/4.1.2/mno-hw-mul/libgcc.a(_clzsi2.o)
 .comment       0x00000000       0x27 /opt/altera/13.0sp1/nios2eds/bin/gnu/H-i686-pc-linux-gnu/bin/../lib/gcc/nios2-elf/4.1.2/mno-hw-mul/libgcc.a(_pack_df.o)
 .comment       0x00000000       0x27 /opt/altera/13.0sp1/nios2eds/bin/gnu/H-i686-pc-linux-gnu/bin/../lib/gcc/nios2-elf/4.1.2/mno-hw-mul/libgcc.a(_unpack_df.o)
 .comment       0x00000000       0x27 /opt/altera/13.0sp1/nios2eds/bin/gnu/H-i686-pc-linux-gnu/bin/../lib/gcc/nios2-elf/4.1.2/mno-hw-mul/libgcc.a(_fpcmp_parts_df.o)
 .comment       0x00000000       0x27 /opt/altera/13.0sp1/nios2eds/bin/gnu/H-i686-pc-linux-gnu/bin/../lib/gcc/nios2-elf/4.1.2/mno-hw-mul/libgcc.a(_clz.o)
 .comment       0x00000000       0x27 ../single-rtos_bsp//libucosii_bsp.a(alt_exit.o)

.debug
 *(.debug)

.line
 *(.line)

.debug_srcinfo
 *(.debug_srcinfo)

.debug_sfnames
 *(.debug_sfnames)

.debug_aranges  0x00000000      0xbf8
 *(.debug_aranges)
 .debug_aranges
                0x00000000       0x28 ../single-rtos_bsp//obj/HAL/src/crt0.o
 .debug_aranges
                0x00000028       0x20 obj/default/hello_ucosii.o
 .debug_aranges
                0x00000048       0x20 /opt/altera/13.0sp1/nios2eds/bin/gnu/H-i686-pc-linux-gnu/bin/../lib/gcc/nios2-elf/4.1.2/../../../../nios2-elf/lib/mno-hw-mul/libc.a(lib_a-puts.o)
 .debug_aranges
                0x00000068       0x20 /opt/altera/13.0sp1/nios2eds/bin/gnu/H-i686-pc-linux-gnu/bin/../lib/gcc/nios2-elf/4.1.2/../../../../nios2-elf/lib/mno-hw-mul/libc.a(lib_a-strlen.o)
 .debug_aranges
                0x00000088       0x20 /opt/altera/13.0sp1/nios2eds/bin/gnu/H-i686-pc-linux-gnu/bin/../lib/gcc/nios2-elf/4.1.2/../../../../nios2-elf/lib/mno-hw-mul/libc.a(lib_a-fvwrite.o)
 .debug_aranges
                0x000000a8       0x20 /opt/altera/13.0sp1/nios2eds/bin/gnu/H-i686-pc-linux-gnu/bin/../lib/gcc/nios2-elf/4.1.2/../../../../nios2-elf/lib/mno-hw-mul/libc.a(lib_a-mallocr.o)
 .debug_aranges
                0x000000c8       0x20 /opt/altera/13.0sp1/nios2eds/bin/gnu/H-i686-pc-linux-gnu/bin/../lib/gcc/nios2-elf/4.1.2/../../../../nios2-elf/lib/mno-hw-mul/libc.a(lib_a-memchr.o)
 .debug_aranges
                0x000000e8       0x20 /opt/altera/13.0sp1/nios2eds/bin/gnu/H-i686-pc-linux-gnu/bin/../lib/gcc/nios2-elf/4.1.2/../../../../nios2-elf/lib/mno-hw-mul/libc.a(lib_a-memcpy.o)
 .debug_aranges
                0x00000108       0x20 /opt/altera/13.0sp1/nios2eds/bin/gnu/H-i686-pc-linux-gnu/bin/../lib/gcc/nios2-elf/4.1.2/../../../../nios2-elf/lib/mno-hw-mul/libc.a(lib_a-memmove.o)
 .debug_aranges
                0x00000128       0x20 /opt/altera/13.0sp1/nios2eds/bin/gnu/H-i686-pc-linux-gnu/bin/../lib/gcc/nios2-elf/4.1.2/../../../../nios2-elf/lib/mno-hw-mul/libc.a(lib_a-reallocr.o)
 .debug_aranges
                0x00000148       0x20 /opt/altera/13.0sp1/nios2eds/bin/gnu/H-i686-pc-linux-gnu/bin/../lib/gcc/nios2-elf/4.1.2/../../../../nios2-elf/lib/mno-hw-mul/libc.a(lib_a-sbrkr.o)
 .debug_aranges
                0x00000168       0x20 /opt/altera/13.0sp1/nios2eds/bin/gnu/H-i686-pc-linux-gnu/bin/../lib/gcc/nios2-elf/4.1.2/../../../../nios2-elf/lib/mno-hw-mul/libc.a(lib_a-wsetup.o)
 .debug_aranges
                0x00000188       0x20 /opt/altera/13.0sp1/nios2eds/bin/gnu/H-i686-pc-linux-gnu/bin/../lib/gcc/nios2-elf/4.1.2/../../../../nios2-elf/lib/mno-hw-mul/libc.a(lib_a-fflush.o)
 .debug_aranges
                0x000001a8       0x20 /opt/altera/13.0sp1/nios2eds/bin/gnu/H-i686-pc-linux-gnu/bin/../lib/gcc/nios2-elf/4.1.2/../../../../nios2-elf/lib/mno-hw-mul/libc.a(lib_a-findfp.o)
 .debug_aranges
                0x000001c8       0x20 /opt/altera/13.0sp1/nios2eds/bin/gnu/H-i686-pc-linux-gnu/bin/../lib/gcc/nios2-elf/4.1.2/../../../../nios2-elf/lib/mno-hw-mul/libc.a(lib_a-freer.o)
 .debug_aranges
                0x000001e8       0x20 /opt/altera/13.0sp1/nios2eds/bin/gnu/H-i686-pc-linux-gnu/bin/../lib/gcc/nios2-elf/4.1.2/../../../../nios2-elf/lib/mno-hw-mul/libc.a(lib_a-fwalk.o)
 .debug_aranges
                0x00000208       0x20 /opt/altera/13.0sp1/nios2eds/bin/gnu/H-i686-pc-linux-gnu/bin/../lib/gcc/nios2-elf/4.1.2/../../../../nios2-elf/lib/mno-hw-mul/libc.a(lib_a-makebuf.o)
 .debug_aranges
                0x00000228       0x20 /opt/altera/13.0sp1/nios2eds/bin/gnu/H-i686-pc-linux-gnu/bin/../lib/gcc/nios2-elf/4.1.2/../../../../nios2-elf/lib/mno-hw-mul/libc.a(lib_a-memset.o)
 .debug_aranges
                0x00000248       0x20 /opt/altera/13.0sp1/nios2eds/bin/gnu/H-i686-pc-linux-gnu/bin/../lib/gcc/nios2-elf/4.1.2/../../../../nios2-elf/lib/mno-hw-mul/libc.a(lib_a-stdio.o)
 .debug_aranges
                0x00000268       0x20 /opt/altera/13.0sp1/nios2eds/bin/gnu/H-i686-pc-linux-gnu/bin/../lib/gcc/nios2-elf/4.1.2/../../../../nios2-elf/lib/mno-hw-mul/libc.a(lib_a-writer.o)
 .debug_aranges
                0x00000288       0x20 /opt/altera/13.0sp1/nios2eds/bin/gnu/H-i686-pc-linux-gnu/bin/../lib/gcc/nios2-elf/4.1.2/../../../../nios2-elf/lib/mno-hw-mul/libc.a(lib_a-closer.o)
 .debug_aranges
                0x000002a8       0x20 /opt/altera/13.0sp1/nios2eds/bin/gnu/H-i686-pc-linux-gnu/bin/../lib/gcc/nios2-elf/4.1.2/../../../../nios2-elf/lib/mno-hw-mul/libc.a(lib_a-fclose.o)
 .debug_aranges
                0x000002c8       0x20 /opt/altera/13.0sp1/nios2eds/bin/gnu/H-i686-pc-linux-gnu/bin/../lib/gcc/nios2-elf/4.1.2/../../../../nios2-elf/lib/mno-hw-mul/libc.a(lib_a-fstatr.o)
 .debug_aranges
                0x000002e8       0x20 /opt/altera/13.0sp1/nios2eds/bin/gnu/H-i686-pc-linux-gnu/bin/../lib/gcc/nios2-elf/4.1.2/../../../../nios2-elf/lib/mno-hw-mul/libc.a(lib_a-isattyr.o)
 .debug_aranges
                0x00000308       0x20 /opt/altera/13.0sp1/nios2eds/bin/gnu/H-i686-pc-linux-gnu/bin/../lib/gcc/nios2-elf/4.1.2/../../../../nios2-elf/lib/mno-hw-mul/libc.a(lib_a-lseekr.o)
 .debug_aranges
                0x00000328       0x20 /opt/altera/13.0sp1/nios2eds/bin/gnu/H-i686-pc-linux-gnu/bin/../lib/gcc/nios2-elf/4.1.2/../../../../nios2-elf/lib/mno-hw-mul/libc.a(lib_a-readr.o)
 .debug_aranges
                0x00000348       0x20 /opt/altera/13.0sp1/nios2eds/bin/gnu/H-i686-pc-linux-gnu/bin/../lib/gcc/nios2-elf/4.1.2/mno-hw-mul/libgcc.a(lib2-mul.o)
 .debug_aranges
                0x00000368       0x20 ../single-rtos_bsp//libucosii_bsp.a(alt_close.o)
 .debug_aranges
                0x00000388       0x20 ../single-rtos_bsp//libucosii_bsp.a(alt_dev.o)
 .debug_aranges
                0x000003a8       0x20 ../single-rtos_bsp//libucosii_bsp.a(alt_fstat.o)
 .debug_aranges
                0x000003c8       0x20 ../single-rtos_bsp//libucosii_bsp.a(alt_isatty.o)
 .debug_aranges
                0x000003e8       0x20 ../single-rtos_bsp//libucosii_bsp.a(alt_load.o)
 .debug_aranges
                0x00000408       0x20 ../single-rtos_bsp//libucosii_bsp.a(alt_lseek.o)
 .debug_aranges
                0x00000428       0x20 ../single-rtos_bsp//libucosii_bsp.a(alt_main.o)
 .debug_aranges
                0x00000448       0x20 ../single-rtos_bsp//libucosii_bsp.a(alt_read.o)
 .debug_aranges
                0x00000468       0x20 ../single-rtos_bsp//libucosii_bsp.a(alt_release_fd.o)
 .debug_aranges
                0x00000488       0x20 ../single-rtos_bsp//libucosii_bsp.a(alt_sbrk.o)
 .debug_aranges
                0x000004a8       0x20 ../single-rtos_bsp//libucosii_bsp.a(alt_write.o)
 .debug_aranges
                0x000004c8       0x20 ../single-rtos_bsp//libucosii_bsp.a(alt_env_lock.o)
 .debug_aranges
                0x000004e8       0x20 ../single-rtos_bsp//libucosii_bsp.a(alt_malloc_lock.o)
 .debug_aranges
                0x00000508       0x20 ../single-rtos_bsp//libucosii_bsp.a(os_core.o)
 .debug_aranges
                0x00000528       0x20 ../single-rtos_bsp//libucosii_bsp.a(os_dbg.o)
 .debug_aranges
                0x00000548       0x20 ../single-rtos_bsp//libucosii_bsp.a(os_flag.o)
 .debug_aranges
                0x00000568       0x20 ../single-rtos_bsp//libucosii_bsp.a(os_mem.o)
 .debug_aranges
                0x00000588       0x20 ../single-rtos_bsp//libucosii_bsp.a(os_q.o)
 .debug_aranges
                0x000005a8       0x20 ../single-rtos_bsp//libucosii_bsp.a(os_sem.o)
 .debug_aranges
                0x000005c8       0x20 ../single-rtos_bsp//libucosii_bsp.a(os_task.o)
 .debug_aranges
                0x000005e8       0x20 ../single-rtos_bsp//libucosii_bsp.a(os_time.o)
 .debug_aranges
                0x00000608       0x20 ../single-rtos_bsp//libucosii_bsp.a(alt_sys_init.o)
 .debug_aranges
                0x00000628       0x20 ../single-rtos_bsp//libucosii_bsp.a(altera_avalon_jtag_uart_fd.o)
 .debug_aranges
                0x00000648       0x20 ../single-rtos_bsp//libucosii_bsp.a(altera_avalon_jtag_uart_init.o)
 .debug_aranges
                0x00000668       0x20 ../single-rtos_bsp//libucosii_bsp.a(altera_avalon_jtag_uart_ioctl.o)
 .debug_aranges
                0x00000688       0x20 ../single-rtos_bsp//libucosii_bsp.a(altera_avalon_jtag_uart_read.o)
 .debug_aranges
                0x000006a8       0x20 ../single-rtos_bsp//libucosii_bsp.a(altera_avalon_jtag_uart_write.o)
 .debug_aranges
                0x000006c8       0x20 ../single-rtos_bsp//libucosii_bsp.a(altera_avalon_mutex.o)
 .debug_aranges
                0x000006e8       0x20 ../single-rtos_bsp//libucosii_bsp.a(altera_avalon_timer_sc.o)
 .debug_aranges
                0x00000708       0x20 ../single-rtos_bsp//libucosii_bsp.a(alt_alarm_start.o)
 .debug_aranges
                0x00000728       0x20 ../single-rtos_bsp//libucosii_bsp.a(alt_dcache_flush_all.o)
 .debug_aranges
                0x00000748       0x20 ../single-rtos_bsp//libucosii_bsp.a(alt_dev_llist_insert.o)
 .debug_aranges
                0x00000768       0x20 ../single-rtos_bsp//libucosii_bsp.a(alt_do_ctors.o)
 .debug_aranges
                0x00000788       0x20 ../single-rtos_bsp//libucosii_bsp.a(alt_do_dtors.o)
 .debug_aranges
                0x000007a8       0x20 ../single-rtos_bsp//libucosii_bsp.a(alt_find_dev.o)
 .debug_aranges
                0x000007c8       0x20 ../single-rtos_bsp//libucosii_bsp.a(alt_icache_flush_all.o)
 .debug_aranges
                0x000007e8       0x20 ../single-rtos_bsp//libucosii_bsp.a(alt_io_redirect.o)
 .debug_aranges