Archive member included because of file (symbol)

/opt/altera/13.0sp1/nios2eds/bin/gnu/H-i686-pc-linux-gnu/bin/../lib/gcc/nios2-elf/4.1.2/mno-hw-mul/pg/libgcc.a(_floatundidf.o)
                              obj/default/cpu_0.o (__floatundidf)
/opt/altera/13.0sp1/nios2eds/bin/gnu/H-i686-pc-linux-gnu/bin/../lib/gcc/nios2-elf/4.1.2/mno-hw-mul/pg/libgcc.a(_addsub_df.o)
                              /opt/altera/13.0sp1/nios2eds/bin/gnu/H-i686-pc-linux-gnu/bin/../lib/gcc/nios2-elf/4.1.2/mno-hw-mul/pg/libgcc.a(_floatundidf.o) (__adddf3)
/opt/altera/13.0sp1/nios2eds/bin/gnu/H-i686-pc-linux-gnu/bin/../lib/gcc/nios2-elf/4.1.2/mno-hw-mul/pg/libgcc.a(_mul_df.o)
                              /opt/altera/13.0sp1/nios2eds/bin/gnu/H-i686-pc-linux-gnu/bin/../lib/gcc/nios2-elf/4.1.2/mno-hw-mul/pg/libgcc.a(_floatundidf.o) (__muldf3)
/opt/altera/13.0sp1/nios2eds/bin/gnu/H-i686-pc-linux-gnu/bin/../lib/gcc/nios2-elf/4.1.2/mno-hw-mul/pg/libgcc.a(_div_df.o)
                              obj/default/cpu_0.o (__divdf3)
/opt/altera/13.0sp1/nios2eds/bin/gnu/H-i686-pc-linux-gnu/bin/../lib/gcc/nios2-elf/4.1.2/mno-hw-mul/pg/libgcc.a(_thenan_df.o)
                              /opt/altera/13.0sp1/nios2eds/bin/gnu/H-i686-pc-linux-gnu/bin/../lib/gcc/nios2-elf/4.1.2/mno-hw-mul/pg/libgcc.a(_addsub_df.o) (__thenan_df)
/opt/altera/13.0sp1/nios2eds/bin/gnu/H-i686-pc-linux-gnu/bin/../lib/gcc/nios2-elf/4.1.2/mno-hw-mul/pg/libgcc.a(_usi_to_df.o)
                              obj/default/cpu_0.o (__floatunsidf)
/opt/altera/13.0sp1/nios2eds/bin/gnu/H-i686-pc-linux-gnu/bin/../lib/gcc/nios2-elf/4.1.2/mno-hw-mul/pg/libgcc.a(lib2-divmod.o)
                              obj/default/cpu_0.o (__divsi3)
/opt/altera/13.0sp1/nios2eds/bin/gnu/H-i686-pc-linux-gnu/bin/../lib/gcc/nios2-elf/4.1.2/mno-hw-mul/pg/libgcc.a(lib2-mul.o)
                              obj/default/cpu_0.o (__mulsi3)
/opt/altera/13.0sp1/nios2eds/bin/gnu/H-i686-pc-linux-gnu/bin/../lib/gcc/nios2-elf/4.1.2/mno-hw-mul/pg/libgcc.a(_muldi3.o)
                              /opt/altera/13.0sp1/nios2eds/bin/gnu/H-i686-pc-linux-gnu/bin/../lib/gcc/nios2-elf/4.1.2/mno-hw-mul/pg/libgcc.a(_mul_df.o) (__muldi3)
/opt/altera/13.0sp1/nios2eds/bin/gnu/H-i686-pc-linux-gnu/bin/../lib/gcc/nios2-elf/4.1.2/mno-hw-mul/pg/libgcc.a(_clzsi2.o)
                              /opt/altera/13.0sp1/nios2eds/bin/gnu/H-i686-pc-linux-gnu/bin/../lib/gcc/nios2-elf/4.1.2/mno-hw-mul/pg/libgcc.a(_usi_to_df.o) (__clzsi2)
/opt/altera/13.0sp1/nios2eds/bin/gnu/H-i686-pc-linux-gnu/bin/../lib/gcc/nios2-elf/4.1.2/mno-hw-mul/pg/libgcc.a(_pack_df.o)
                              /opt/altera/13.0sp1/nios2eds/bin/gnu/H-i686-pc-linux-gnu/bin/../lib/gcc/nios2-elf/4.1.2/mno-hw-mul/pg/libgcc.a(_addsub_df.o) (__pack_d)
/opt/altera/13.0sp1/nios2eds/bin/gnu/H-i686-pc-linux-gnu/bin/../lib/gcc/nios2-elf/4.1.2/mno-hw-mul/pg/libgcc.a(_unpack_df.o)
                              /opt/altera/13.0sp1/nios2eds/bin/gnu/H-i686-pc-linux-gnu/bin/../lib/gcc/nios2-elf/4.1.2/mno-hw-mul/pg/libgcc.a(_addsub_df.o) (__unpack_d)
/opt/altera/13.0sp1/nios2eds/bin/gnu/H-i686-pc-linux-gnu/bin/../lib/gcc/nios2-elf/4.1.2/mno-hw-mul/pg/libgcc.a(_clz.o)
                              /opt/altera/13.0sp1/nios2eds/bin/gnu/H-i686-pc-linux-gnu/bin/../lib/gcc/nios2-elf/4.1.2/mno-hw-mul/pg/libgcc.a(_clzsi2.o) (__clz_tab)
/opt/altera/13.0sp1/nios2eds/bin/gnu/H-i686-pc-linux-gnu/bin/../lib/gcc/nios2-elf/4.1.2/../../../../nios2-elf/lib/mno-hw-mul/pg/libc.a(lib_a-printf.o)
                              obj/default/cpu_0.o (printf)
/opt/altera/13.0sp1/nios2eds/bin/gnu/H-i686-pc-linux-gnu/bin/../lib/gcc/nios2-elf/4.1.2/../../../../nios2-elf/lib/mno-hw-mul/pg/libc.a(lib_a-putchar.o)
                              obj/default/cpu_0.o (putchar)
/opt/altera/13.0sp1/nios2eds/bin/gnu/H-i686-pc-linux-gnu/bin/../lib/gcc/nios2-elf/4.1.2/../../../../nios2-elf/lib/mno-hw-mul/pg/libc.a(lib_a-puts.o)
                              obj/default/cpu_0.o (puts)
/opt/altera/13.0sp1/nios2eds/bin/gnu/H-i686-pc-linux-gnu/bin/../lib/gcc/nios2-elf/4.1.2/../../../../nios2-elf/lib/mno-hw-mul/pg/libc.a(lib_a-strlen.o)
                              /opt/altera/13.0sp1/nios2eds/bin/gnu/H-i686-pc-linux-gnu/bin/../lib/gcc/nios2-elf/4.1.2/../../../../nios2-elf/lib/mno-hw-mul/pg/libc.a(lib_a-puts.o) (strlen)
/opt/altera/13.0sp1/nios2eds/bin/gnu/H-i686-pc-linux-gnu/bin/../lib/gcc/nios2-elf/4.1.2/../../../../nios2-elf/lib/mno-hw-mul/pg/libc.a(lib_a-vfprintf.o)
                              /opt/altera/13.0sp1/nios2eds/bin/gnu/H-i686-pc-linux-gnu/bin/../lib/gcc/nios2-elf/4.1.2/../../../../nios2-elf/lib/mno-hw-mul/pg/libc.a(lib_a-printf.o) (___vfprintf_internal_r)
/opt/altera/13.0sp1/nios2eds/bin/gnu/H-i686-pc-linux-gnu/bin/../lib/gcc/nios2-elf/4.1.2/../../../../nios2-elf/lib/mno-hw-mul/pg/libc.a(lib_a-wsetup.o)
                              /opt/altera/13.0sp1/nios2eds/bin/gnu/H-i686-pc-linux-gnu/bin/../lib/gcc/nios2-elf/4.1.2/../../../../nios2-elf/lib/mno-hw-mul/pg/libc.a(lib_a-vfprintf.o) (__swsetup_r)
[...]
Memory Configuration

Name             Origin             Length             Attributes
reset            0x00080000         0x00000020
sram             0x00080020         0x0007ffe0
shared_onchip    0x00102000         0x00002000
sdram            0x01000000         0x00800000
*default*        0x00000000         0xffffffff

Linker script and memory map

LOAD ../il2212-rtos_bsp//obj/HAL/src/crt0.o
LOAD obj/default/cpu_0.o
LOAD /opt/altera/13.0sp1/nios2eds/bin/gnu/H-i686-pc-linux-gnu/bin/../lib/gcc/nios2-elf/4.1.2/../../../../nios2-elf/lib/mno-hw-mul/pg/libstdc++.a
LOAD /opt/altera/13.0sp1/nios2eds/bin/gnu/H-i686-pc-linux-gnu/bin/../lib/gcc/nios2-elf/4.1.2/../../../../nios2-elf/lib/mno-hw-mul/pg/libm.a
LOAD /opt/altera/13.0sp1/nios2eds/bin/gnu/H-i686-pc-linux-gnu/bin/../lib/gcc/nios2-elf/4.1.2/mno-hw-mul/pg/libgcc.a
START GROUP
LOAD /opt/altera/13.0sp1/nios2eds/bin/gnu/H-i686-pc-linux-gnu/bin/../lib/gcc/nios2-elf/4.1.2/../../../../nios2-elf/lib/mno-hw-mul/pg/libc.a
LOAD /opt/altera/13.0sp1/nios2eds/bin/gnu/H-i686-pc-linux-gnu/bin/../lib/gcc/nios2-elf/4.1.2/mno-hw-mul/pg/libgcc.a
LOAD ../il2212-rtos_bsp//libucosii_bsp.a
END GROUP
LOAD /opt/altera/13.0sp1/nios2eds/bin/gnu/H-i686-pc-linux-gnu/bin/../lib/gcc/nios2-elf/4.1.2/mno-hw-mul/pg/libgcc.a
                0x00080000                __alt_mem_sram = 0x80000
                0x00102000                __alt_mem_shared_onchip = 0x102000
                0x01000000                __alt_mem_sdram = 0x1000000

.entry          0x00080000       0x20
 *(.entry)
 .entry         0x00080000       0x20 ../il2212-rtos_bsp//obj/HAL/src/crt0.o
                0x00080000                __reset

.exceptions     0x00080020      0x1ac load address 0x01000000
                0x00080020                PROVIDE (__ram_exceptions_start, ABSOLUTE (.))
                0x00080020                . = ALIGN (0x20)
 *(.irq)
 *(.exceptions.entry.label)
 .exceptions.entry.label
                0x00080020        0x0 ../il2212-rtos_bsp//libucosii_bsp.a(alt_irq_entry.o)
                0x00080020                alt_irq_entry
 .exceptions.entry.label
                0x00080020        0x0 ../il2212-rtos_bsp//libucosii_bsp.a(alt_exception_entry.o)
                0x00080020                alt_exception
 *(.exceptions.entry.user)
 *(.exceptions.entry)
 .exceptions.entry
                0x00080020       0x54 ../il2212-rtos_bsp//libucosii_bsp.a(alt_exception_entry.o)
 *(.exceptions.irqtest.user)
 *(.exceptions.irqtest)
 .exceptions.irqtest
                0x00080074       0x10 ../il2212-rtos_bsp//libucosii_bsp.a(alt_irq_entry.o)
 *(.exceptions.irqhandler.user)
 *(.exceptions.irqhandler)
 .exceptions.irqhandler
                0x00080084        0x4 ../il2212-rtos_bsp//libucosii_bsp.a(alt_irq_entry.o)
 *(.exceptions.irqreturn.user)
 *(.exceptions.irqreturn)
 .exceptions.irqreturn
                0x00080088        0x4 ../il2212-rtos_bsp//libucosii_bsp.a(alt_irq_entry.o)
 *(.exceptions.notirq.label)
 .exceptions.notirq.label
                0x0008008c        0x0 ../il2212-rtos_bsp//libucosii_bsp.a(alt_irq_entry.o)
 *(.exceptions.notirq.user)
 *(.exceptions.notirq)
 .exceptions.notirq
                0x0008008c        0x8 ../il2212-rtos_bsp//libucosii_bsp.a(alt_exception_entry.o)
 *(.exceptions.soft.user)
 *(.exceptions.soft)
 *(.exceptions.unknown.user)
 *(.exceptions.unknown)
 .exceptions.unknown
                0x00080094        0x4 ../il2212-rtos_bsp//libucosii_bsp.a(alt_exception_entry.o)
 *(.exceptions.exit.label)
 .exceptions.exit.label
                0x00080098        0x0 ../il2212-rtos_bsp//libucosii_bsp.a(alt_irq_entry.o)
 .exceptions.exit.label
                0x00080098        0x0 ../il2212-rtos_bsp//libucosii_bsp.a(alt_exception_entry.o)
 *(.exceptions.exit.user)
 *(.exceptions.exit)
 .exceptions.exit
                0x00080098       0x54 ../il2212-rtos_bsp//libucosii_bsp.a(alt_exception_entry.o)
 *(.exceptions)
 .exceptions    0x000800ec       0xe0 ../il2212-rtos_bsp//libucosii_bsp.a(alt_irq_handler.o)
                0x000800ec                alt_irq_handler
                0x000801cc                PROVIDE (__ram_exceptions_end, ABSOLUTE (.))
                0x01000000                PROVIDE (__flash_exceptions_start, LOADADDR (.exceptions))

.text           0x010001ac    0x19c1c
                0x010001ac                PROVIDE (stext, ABSOLUTE (.))
 *(.interp)
 *(.hash)
 *(.dynsym)
 *(.dynstr)
 *(.gnu.version)
 *(.gnu.version_d)
 *(.gnu.version_r)
 *(.rel.init)
 *(.rela.init)
 *(.rel.text .rel.text.* .rel.gnu.linkonce.t.*)
 *(.rela.text .rela.text.* .rela.gnu.linkonce.t.*)
 *(.rel.fini)
 *(.rela.fini)
 *(.rel.rodata .rel.rodata.* .rel.gnu.linkonce.r.*)
 *(.rela.rodata .rela.rodata.* .rela.gnu.linkonce.r.*)
 *(.rel.data .rel.data.* .rel.gnu.linkonce.d.*)
 *(.rela.data .rela.data.* .rela.gnu.linkonce.d.*)
 *(.rel.tdata .rel.tdata.* .rel.gnu.linkonce.td.*)
 *(.rela.tdata .rela.tdata.* .rela.gnu.linkonce.td.*)
 *(.rel.tbss .rel.tbss.* .rel.gnu.linkonce.tb.*)
 *(.rela.tbss .rela.tbss.* .rela.gnu.linkonce.tb.*)
 *(.rel.ctors)
 *(.rela.ctors)
 *(.rel.dtors)
 *(.rela.dtors)
 *(.rel.got)
 *(.rela.got)
 *(.rel.sdata .rel.sdata.* .rel.gnu.linkonce.s.*)
 *(.rela.sdata .rela.sdata.* .rela.gnu.linkonce.s.*)
 *(.rel.sbss .rel.sbss.* .rel.gnu.linkonce.sb.*)
 *(.rela.sbss .rela.sbss.* .rela.gnu.linkonce.sb.*)
 *(.rel.sdata2 .rel.sdata2.* .rel.gnu.linkonce.s2.*)
 *(.rela.sdata2 .rela.sdata2.* .rela.gnu.linkonce.s2.*)
 *(.rel.sbss2 .rel.sbss2.* .rel.gnu.linkonce.sb2.*)
 *(.rela.sbss2 .rela.sbss2.* .rela.gnu.linkonce.sb2.*)
 *(.rel.bss .rel.bss.* .rel.gnu.linkonce.b.*)
 *(.rela.bss .rela.bss.* .rela.gnu.linkonce.b.*)
 *(.rel.plt)
 *(.rela.plt)
 *(.rel.dyn)
 *(.init)
 *(.plt)
 *(.text .stub .text.* .gnu.linkonce.t.*)
 .text          0x010001ac       0x3c ../il2212-rtos_bsp//obj/HAL/src/crt0.o
                0x010001ac                _start
 .text          0x010001e8     0x1568 obj/default/cpu_0.o
                0x010001e8                printAscii
                0x010002fc                printAsciiHidden
                0x010004c4                alarm_handler
                0x01000500                task1
                0x0100060c                Grayscale
                0x010007d8                GrayTask
                0x010009cc                CalcCoord
                0x01000b2c                CalcCoordTask
                0x01000bac                crop
                0x01000cc8                CropTask
                0x01000d3c                stencilmat
                0x01000f3c                xCorr2
                0x01001090                xCorr2Task
                0x010010e0                posMax
                0x0100127c                PosMaxTask
                0x010012cc                objectPos
                0x01001350                ObjectPosTask
                0x010013e0                StartTask
                0x01001688                main
 .text          0x01001750       0x94 /opt/altera/13.0sp1/nios2eds/bin/gnu/H-i686-pc-linux-gnu/bin/../lib/gcc/nios2-elf/4.1.2/mno-hw-mul/pg/libgcc.a(_floatundidf.o)
                0x01001750                __floatundidf
 .text          0x010017e4      0x528 /opt/altera/13.0sp1/nios2eds/bin/gnu/H-i686-pc-linux-gnu/bin/../lib/gcc/nios2-elf/4.1.2/mno-hw-mul/pg/libgcc.a(_addsub_df.o)
                0x01001c00                __subdf3
                0x01001c8c                __adddf3
 .text          0x01001d0c      0x3d0 /opt/altera/13.0sp1/nios2eds/bin/gnu/H-i686-pc-linux-gnu/bin/../lib/gcc/nios2-elf/4.1.2/mno-hw-mul/pg/libgcc.a(_mul_df.o)
                0x01001d0c                __muldf3
 .text          0x010020dc      0x264 /opt/altera/13.0sp1/nios2eds/bin/gnu/H-i686-pc-linux-gnu/bin/../lib/gcc/nios2-elf/4.1.2/mno-hw-mul/pg/libgcc.a(_div_df.o)
                0x010020dc                __divdf3
 .text          0x01002340        0x0 /opt/altera/13.0sp1/nios2eds/bin/gnu/H-i686-pc-linux-gnu/bin/../lib/gcc/nios2-elf/4.1.2/mno-hw-mul/pg/libgcc.a(_thenan_df.o)
 .text          0x01002340      0x1a0 /opt/altera/13.0sp1/nios2eds/bin/gnu/H-i686-pc-linux-gnu/bin/../lib/gcc/nios2-elf/4.1.2/mno-hw-mul/pg/libgcc.a(_usi_to_df.o)
                0x01002340                __floatunsidf
 .text          0x010024e0      0x188 /opt/altera/13.0sp1/nios2eds/bin/gnu/H-i686-pc-linux-gnu/bin/../lib/gcc/nios2-elf/4.1.2/mno-hw-mul/pg/libgcc.a(lib2-divmod.o)
                0x01002568                __divsi3
                0x010025d4                __modsi3
                0x01002640                __udivsi3
                0x01002654                __umodsi3
 .text          0x01002668       0x44 /opt/altera/13.0sp1/nios2eds/bin/gnu/H-i686-pc-linux-gnu/bin/../lib/gcc/nios2-elf/4.1.2/mno-hw-mul/pg/libgcc.a(lib2-mul.o)
                0x01002668                __mulsi3
 .text          0x010026ac      0x130 /opt/altera/13.0sp1/nios2eds/bin/gnu/H-i686-pc-linux-gnu/bin/../lib/gcc/nios2-elf/4.1.2/mno-hw-mul/pg/libgcc.a(_muldi3.o)
                0x010026ac                __muldi3
 .text          0x010027dc       0x8c /opt/altera/13.0sp1/nios2eds/bin/gnu/H-i686-pc-linux-gnu/bin/../lib/gcc/nios2-elf/4.1.2/mno-hw-mul/pg/libgcc.a(_clzsi2.o)
                0x010027dc                __clzsi2
 .text          0x01002868      0x320 /opt/altera/13.0sp1/nios2eds/bin/gnu/H-i686-pc-linux-gnu/bin/../lib/gcc/nios2-elf/4.1.2/mno-hw-mul/pg/libgcc.a(_pack_df.o)
                0x01002868                __pack_d
 .text          0x01002b88      0x144 /opt/altera/13.0sp1/nios2eds/bin/gnu/H-i686-pc-linux-gnu/bin/../lib/gcc/nios2-elf/4.1.2/mno-hw-mul/pg/libgcc.a(_unpack_df.o)
                0x01002b88                __unpack_d
 .text          0x01002ccc        0x0 /opt/altera/13.0sp1/nios2eds/bin/gnu/H-i686-pc-linux-gnu/bin/../lib/gcc/nios2-elf/4.1.2/mno-hw-mul/pg/libgcc.a(_clz.o)
 .text          0x01002ccc       0x90 /opt/altera/13.0sp1/nios2eds/bin/gnu/H-i686-pc-linux-gnu/bin/../lib/gcc/nios2-elf/4.1.2/../../../../nios2-elf/lib/mno-hw-mul/pg/libc.a(lib_a-printf.o)
                0x01002ccc                printf
                0x01002d1c                _printf_r
 .text          0x01002d5c       0x3c /opt/altera/13.0sp1/nios2eds/bin/gnu/H-i686-pc-linux-gnu/bin/../lib/gcc/nios2-elf/4.1.2/../../../../nios2-elf/lib/mno-hw-mul/pg/libc.a(lib_a-putchar.o)
                0x01002d5c                putchar
                0x01002d84                _putchar_r
 .text          0x01002d98       0xcc /opt/altera/13.0sp1/nios2eds/bin/gnu/H-i686-pc-linux-gnu/bin/../lib/gcc/nios2-elf/4.1.2/../../../../nios2-elf/lib/mno-hw-mul/pg/libc.a(lib_a-puts.o)
                0x01002d98                _puts_r
                0x01002e44                puts
 .text          0x01002e64       0x80 /opt/altera/13.0sp1/nios2eds/bin/gnu/H-i686-pc-linux-gnu/bin/../lib/gcc/nios2-elf/4.1.2/../../../../nios2-elf/lib/mno-hw-mul/pg/libc.a(lib_a-strlen.o)
                0x01002e64                strlen
 .text          0x01002ee4     0x1f64 /opt/altera/13.0sp1/nios2eds/bin/gnu/H-i686-pc-linux-gnu/bin/../lib/gcc/nios2-elf/4.1.2/../../../../nios2-elf/lib/mno-hw-mul/pg/libc.a(lib_a-vfprintf.o)
                0x01002f48                ___vfprintf_internal_r
                0x01004e18                __vfprintf_internal
 .text          0x01004e48      0x148 /opt/altera/13.0sp1/nios2eds/bin/gnu/H-i686-pc-linux-gnu/bin/../lib/gcc/nios2-elf/4.1.2/../../../../nios2-elf/lib/mno-hw-mul/pg/libc.a(lib_a-wsetup.o)
                0x01004e48                __swsetup_r
 .text          0x01004f90     0x1810 /opt/altera/13.0sp1/nios2eds/bin/gnu/H-i686-pc-linux-gnu/bin/../lib/gcc/nios2-elf/4.1.2/../../../../nios2-elf/lib/mno-hw-mul/pg/libc.a(lib_a-dtoa.o)
                0x010051e0                _dtoa_r
 .text          0x010067a0      0x248 /opt/altera/13.0sp1/nios2eds/bin/gnu/H-i686-pc-linux-gnu/bin/../lib/gcc/nios2-elf/4.1.2/../../../../nios2-elf/lib/mno-hw-mul/pg/libc.a(lib_a-fflush.o)
                0x010067a0                _fflush_r
                0x010069a8                fflush
 .text          0x010069e8      0x39c /opt/altera/13.0sp1/nios2eds/bin/gnu/H-i686-pc-linux-gnu/bin/../lib/gcc/nios2-elf/4.1.2/../../../../nios2-elf/lib/mno-hw-mul/pg/libc.a(lib_a-findfp.o)
                0x01006a4c                __sfp_lock_acquire
                0x01006a5c                __sfp_lock_release
                0x01006a6c                __sinit_lock_acquire
                0x01006a7c                __sinit_lock_release
                0x01006a8c                __sinit
                0x01006b64                __fp_unlock_all
                0x01006b88                __fp_lock_all
                0x01006bac                _cleanup_r
                0x01006bc4                _cleanup
                0x01006be0                __sfmoreglue
                0x01006c88                __sfp
 .text          0x01006d84      0x458 /opt/altera/13.0sp1/nios2eds/bin/gnu/H-i686-pc-linux-gnu/bin/../lib/gcc/nios2-elf/4.1.2/../../../../nios2-elf/lib/mno-hw-mul/pg/libc.a(lib_a-freer.o)
                0x01006d84                _malloc_trim_r
                0x01006ebc                _free_r
 .text          0x010071dc      0x4a8 /opt/altera/13.0sp1/nios2eds/bin/gnu/H-i686-pc-linux-gnu/bin/../lib/gcc/nios2-elf/4.1.2/../../../../nios2-elf/lib/mno-hw-mul/pg/libc.a(lib_a-fvwrite.o)
                0x010071dc                __sfvwrite_r
 .text          0x01007684      0x198 /opt/altera/13.0sp1/nios2eds/bin/gnu/H-i686-pc-linux-gnu/bin/../lib/gcc/nios2-elf/4.1.2/../../../../nios2-elf/lib/mno-hw-mul/pg/libc.a(lib_a-fwalk.o)
                0x01007684                _fwalk_reent
                0x01007758                _fwalk
 .text          0x0100781c        0x0 /opt/altera/13.0sp1/nios2eds/bin/gnu/H-i686-pc-linux-gnu/bin/../lib/gcc/nios2-elf/4.1.2/../../../../nios2-elf/lib/mno-hw-mul/pg/libc.a(lib_a-impure.o)
 .text          0x0100781c      0x100 /opt/altera/13.0sp1/nios2eds/bin/gnu/H-i686-pc-linux-gnu/bin/../lib/gcc/nios2-elf/4.1.2/../../../../nios2-elf/lib/mno-hw-mul/pg/libc.a(lib_a-locale.o)
                0x0100781c                __locale_charset
                0x01007830                _localeconv_r
                0x01007848                localeconv
                0x01007864                _setlocale_r
                0x010078f4                setlocale
 .text          0x0100791c      0x1a0 /opt/altera/13.0sp1/nios2eds/bin/gnu/H-i686-pc-linux-gnu/bin/../lib/gcc/nios2-elf/4.1.2/../../../../nios2-elf/lib/mno-hw-mul/pg/libc.a(lib_a-makebuf.o)
                0x0100791c                __smakebuf_r
 .text          0x01007abc      0x74c /opt/altera/13.0sp1/nios2eds/bin/gnu/H-i686-pc-linux-gnu/bin/../lib/gcc/nios2-elf/4.1.2/../../../../nios2-elf/lib/mno-hw-mul/pg/libc.a(lib_a-mallocr.o)
                0x01007abc                _malloc_r
 .text          0x01008208       0xf0 /opt/altera/13.0sp1/nios2eds/bin/gnu/H-i686-pc-linux-gnu/bin/../lib/gcc/nios2-elf/4.1.2/../../../../nios2-elf/lib/mno-hw-mul/pg/libc.a(lib_a-memchr.o)
                0x01008208                memchr
 .text          0x010082f8       0xac /opt/altera/13.0sp1/nios2eds/bin/gnu/H-i686-pc-linux-gnu/bin/../lib/gcc/nios2-elf/4.1.2/../../../../nios2-elf/lib/mno-hw-mul/pg/libc.a(lib_a-memcpy.o)
                0x010082f8                memcpy
 .text          0x010083a4       0xec /opt/altera/13.0sp1/nios2eds/bin/gnu/H-i686-pc-linux-gnu/bin/../lib/gcc/nios2-elf/4.1.2/../../../../nios2-elf/lib/mno-hw-mul/pg/libc.a(lib_a-memmove.o)
                0x010083a4                memmove
 .text          0x01008490       0xa4 /opt/altera/13.0sp1/nios2eds/bin/gnu/H-i686-pc-linux-gnu/bin/../lib/gcc/nios2-elf/4.1.2/../../../../nios2-elf/lib/mno-hw-mul/pg/libc.a(lib_a-memset.o)
                0x01008490                memset
 .text          0x01008534     0x1174 /opt/altera/13.0sp1/nios2eds/bin/gnu/H-i686-pc-linux-gnu/bin/../lib/gcc/nios2-elf/4.1.2/../../../../nios2-elf/lib/mno-hw-mul/pg/libc.a(lib_a-mprec.o)
                0x01008534                _Bfree
                0x01008568                __hi0bits
                0x010085e4                __lo0bits
                0x010086b4                __mcmp
                0x01008720                __ulp
                0x010087ac                __b2d
                0x010088d8                __ratio
                0x01008994                _mprec_log10
                0x01008a34                __copybits
                0x01008a98                __any_on
                0x01008b30                _Balloc
                0x01008bf8                __d2b
                0x01008d80                __mdiff
                0x01008f18                __lshift
                0x01009070                __multiply
                0x010092d0                __i2b
                0x01009318                __multadd
                0x01009450                __pow5mult
                0x0100957c                __s2b
 .text          0x010096a8      0x204 /opt/altera/13.0sp1/nios2eds/bin/gnu/H-i686-pc-linux-gnu/bin/../lib/gcc/nios2-elf/4.1.2/../../../../nios2-elf/lib/mno-hw-mul/pg/libc.a(lib_a-putc.o)
                0x010096a8                putc
                0x010097b8                _putc_r
 .text          0x010098ac      0x600 /opt/altera/13.0sp1/nios2eds/bin/gnu/H-i686-pc-linux-gnu/bin/../lib/gcc/nios2-elf/4.1.2/../../../../nios2-elf/lib/mno-hw-mul/pg/libc.a(lib_a-reallocr.o)
                0x010098ac                _realloc_r
 .text          0x01009eac       0x4c /opt/altera/13.0sp1/nios2eds/bin/gnu/H-i686-pc-linux-gnu/bin/../lib/gcc/nios2-elf/4.1.2/../../../../nios2-elf/lib/mno-hw-mul/pg/libc.a(lib_a-s_isinfd.o)
                0x01009eac                __isinfd
 .text          0x01009ef8       0x3c /opt/altera/13.0sp1/nios2eds/bin/gnu/H-i686-pc-linux-gnu/bin/../lib/gcc/nios2-elf/4.1.2/../../../../nios2-elf/lib/mno-hw-mul/pg/libc.a(lib_a-s_isnand.o)
                0x01009ef8                __isnand
 .text          0x01009f34       0x7c /opt/altera/13.0sp1/nios2eds/bin/gnu/H-i686-pc-linux-gnu/bin/../lib/gcc/nios2-elf/4.1.2/../../../../nios2-elf/lib/mno-hw-mul/pg/libc.a(lib_a-sbrkr.o)
                0x01009f34                _sbrk_r
 .text          0x01009fb0      0x17c /opt/altera/13.0sp1/nios2eds/bin/gnu/H-i686-pc-linux-gnu/bin/../lib/gcc/nios2-elf/4.1.2/../../../../nios2-elf/lib/mno-hw-mul/pg/libc.a(lib_a-stdio.o)
                0x01009fb0                __sclose
                0x01009fc4                __sseek
                0x0100a038                __swrite
                0x0100a0c0                __sread
 .text          0x0100a12c       0xc8 /opt/altera/13.0sp1/nios2eds/bin/gnu/H-i686-pc-linux-gnu/bin/../lib/gcc/nios2-elf/4.1.2/../../../../nios2-elf/lib/mno-hw-mul/pg/libc.a(lib_a-strcmp.o)
                0x0100a12c                strcmp
 .text          0x0100a1f4      0x164 /opt/altera/13.0sp1/nios2eds/bin/gnu/H-i686-pc-linux-gnu/bin/../lib/gcc/nios2-elf/4.1.2/../../../../nios2-elf/lib/mno-hw-mul/pg/libc.a(lib_a-wbuf.o)
                0x0100a1f4                __swbuf_r
                0x0100a330                __swbuf
 .text          0x0100a358       0x84 /opt/altera/13.0sp1/nios2eds/bin/gnu/H-i686-pc-linux-gnu/bin/../lib/gcc/nios2-elf/4.1.2/../../../../nios2-elf/lib/mno-hw-mul/pg/libc.a(lib_a-writer.o)
                0x0100a358                _write_r
 .text          0x0100a3dc       0xd4 /opt/altera/13.0sp1/nios2eds/bin/gnu/H-i686-pc-linux-gnu/bin/../lib/gcc/nios2-elf/4.1.2/../../../../nios2-elf/lib/mno-hw-mul/pg/libc.a(lib_a-callocr.o)
                0x0100a3dc                _calloc_r
 .text          0x0100a4b0       0x7c /opt/altera/13.0sp1/nios2eds/bin/gnu/H-i686-pc-linux-gnu/bin/../lib/gcc/nios2-elf/4.1.2/../../../../nios2-elf/lib/mno-hw-mul/pg/libc.a(lib_a-closer.o)
                0x0100a4b0                _close_r
 .text          0x0100a52c      0x13c /opt/altera/13.0sp1/nios2eds/bin/gnu/H-i686-pc-linux-gnu/bin/../lib/gcc/nios2-elf/4.1.2/../../../../nios2-elf/lib/mno-hw-mul/pg/libc.a(lib_a-fclose.o)
                0x0100a52c                _fclose_r
                0x0100a648                fclose
 .text          0x0100a668       0x80 /opt/altera/13.0sp1/nios2eds/bin/gnu/H-i686-pc-linux-gnu/bin/../lib/gcc/nios2-elf/4.1.2/../../../../nios2-elf/lib/mno-hw-mul/pg/libc.a(lib_a-fstatr.o)
                0x0100a668                _fstat_r
 .text          0x0100a6e8        0x0 /opt/altera/13.0sp1/nios2eds/bin/gnu/H-i686-pc-linux-gnu/bin/../lib/gcc/nios2-elf/4.1.2/../../../../nios2-elf/lib/mno-hw-mul/pg/libc.a(lib_a-int_errno.o)
 .text          0x0100a6e8       0x7c /opt/altera/13.0sp1/nios2eds/bin/gnu/H-i686-pc-linux-gnu/bin/../lib/gcc/nios2-elf/4.1.2/../../../../nios2-elf/lib/mno-hw-mul/pg/libc.a(lib_a-isattyr.o)
                0x0100a6e8                _isatty_r
 .text          0x0100a764       0x84 /opt/altera/13.0sp1/nios2eds/bin/gnu/H-i686-pc-linux-gnu/bin/../lib/gcc/nios2-elf/4.1.2/../../../../nios2-elf/lib/mno-hw-mul/pg/libc.a(lib_a-lseekr.o)
                0x0100a764                _lseek_r
 .text          0x0100a7e8       0x84 /opt/altera/13.0sp1/nios2eds/bin/gnu/H-i686-pc-linux-gnu/bin/../lib/gcc/nios2-elf/4.1.2/../../../../nios2-elf/lib/mno-hw-mul/pg/libc.a(lib_a-readr.o)
                0x0100a7e8                _read_r
 .text          0x0100a86c      0x678 /opt/altera/13.0sp1/nios2eds/bin/gnu/H-i686-pc-linux-gnu/bin/../lib/gcc/nios2-elf/4.1.2/mno-hw-mul/pg/libgcc.a(_udivdi3.o)
                0x0100a86c                __udivdi3
 .text          0x0100aee4      0x66c /opt/altera/13.0sp1/nios2eds/bin/gnu/H-i686-pc-linux-gnu/bin/../lib/gcc/nios2-elf/4.1.2/mno-hw-mul/pg/libgcc.a(_umoddi3.o)
                0x0100aee4                __umoddi3
 .text          0x0100b550       0x94 /opt/altera/13.0sp1/nios2eds/bin/gnu/H-i686-pc-linux-gnu/bin/../lib/gcc/nios2-elf/4.1.2/mno-hw-mul/pg/libgcc.a(_eq_df.o)
                0x0100b550                __eqdf2
 .text          0x0100b5e4       0x94 /opt/altera/13.0sp1/nios2eds/bin/gnu/H-i686-pc-linux-gnu/bin/../lib/gcc/nios2-elf/4.1.2/mno-hw-mul/pg/libgcc.a(_ne_df.o)
                0x0100b5e4                __nedf2
 .text          0x0100b678       0x94 /opt/altera/13.0sp1/nios2eds/bin/gnu/H-i686-pc-linux-gnu/bin/../lib/gcc/nios2-elf/4.1.2/mno-hw-mul/pg/libgcc.a(_gt_df.o)
                0x0100b678                __gtdf2
 .text          0x0100b70c       0x94 /opt/altera/13.0sp1/nios2eds/bin/gnu/H-i686-pc-linux-gnu/bin/../lib/gcc/nios2-elf/4.1.2/mno-hw-mul/pg/libgcc.a(_ge_df.o)
                0x0100b70c                __gedf2
 .text          0x0100b7a0       0x94 /opt/altera/13.0sp1/nios2eds/bin/gnu/H-i686-pc-linux-gnu/bin/../lib/gcc/nios2-elf/4.1.2/mno-hw-mul/pg/libgcc.a(_lt_df.o)
                0x0100b7a0                __ltdf2
 .text          0x0100b834      0x104 /opt/altera/13.0sp1/nios2eds/bin/gnu/H-i686-pc-linux-gnu/bin/../lib/gcc/nios2-elf/4.1.2/mno-hw-mul/pg/libgcc.a(_si_to_df.o)
                0x0100b834                __floatsidf
 .text          0x0100b938       0xe4 /opt/altera/13.0sp1/nios2eds/bin/gnu/H-i686-pc-linux-gnu/bin/../lib/gcc/nios2-elf/4.1.2/mno-hw-mul/pg/libgcc.a(_df_to_si.o)
                0x0100b938                __fixdfsi
 .text          0x0100ba1c       0xdc /opt/altera/13.0sp1/nios2eds/bin/gnu/H-i686-pc-linux-gnu/bin/../lib/gcc/nios2-elf/4.1.2/mno-hw-mul/pg/libgcc.a(_fpcmp_parts_df.o)
                0x0100ba1c                __fpcmp_parts_d
 .text          0x0100baf8      0x160 ../il2212-rtos_bsp//libucosii_bsp.a(alt_alarm_start.o)
                0x0100baf8                alt_alarm_start
 .text          0x0100bc58      0x178 ../il2212-rtos_bsp//libucosii_bsp.a(alt_close.o)
                0x0100bc58                close
 .text          0x0100bdd0       0x38 ../il2212-rtos_bsp//libucosii_bsp.a(alt_dev.o)
 .text          0x0100be08        0x0 ../il2212-rtos_bsp//libucosii_bsp.a(alt_errno.o)
 .text          0x0100be08      0x150 ../il2212-rtos_bsp//libucosii_bsp.a(alt_fstat.o)
                0x0100be08                fstat
 .text          0x0100bf58      0x13c ../il2212-rtos_bsp//libucosii_bsp.a(alt_isatty.o)
                0x0100bf58                isatty
 .text          0x0100c094      0x104 ../il2212-rtos_bsp//libucosii_bsp.a(alt_load.o)
                0x0100c094                alt_load
 .text          0x0100c198      0x16c ../il2212-rtos_bsp//libucosii_bsp.a(alt_lseek.o)
                0x0100c198                lseek
 .text          0x0100c304       0xd4 ../il2212-rtos_bsp//libucosii_bsp.a(alt_main.o)
                0x0100c304                alt_main
 .text          0x0100c3d8       0x9c ../il2212-rtos_bsp//libucosii_bsp.a(alt_mcount.o)
                0x0100c3d8                mcount
                0x0100c3d8                _mcount
 .text          0x0100c474      0x19c ../il2212-rtos_bsp//libucosii_bsp.a(alt_read.o)
                0x0100c474                read
 .text          0x0100c610       0x84 ../il2212-rtos_bsp//libucosii_bsp.a(alt_release_fd.o)
                0x0100c610                alt_release_fd
 .text          0x0100c694       0xbc ../il2212-rtos_bsp//libucosii_bsp.a(alt_sbrk.o)
                0x0100c694                sbrk
 .text          0x0100c750      0x1c0 ../il2212-rtos_bsp//libucosii_bsp.a(alt_tick.o)
                0x0100c750                alt_alarm_stop
                0x0100c7f4                alt_tick
 .text          0x0100c910      0x19c ../il2212-rtos_bsp//libucosii_bsp.a(alt_write.o)
                0x0100c910                write
 .text          0x0100caac      0x120 ../il2212-rtos_bsp//libucosii_bsp.a(alt_env_lock.o)
                0x0100caac                __env_lock
                0x0100cb64                __env_unlock
 .text          0x0100cbcc      0x1f0 ../il2212-rtos_bsp//libucosii_bsp.a(alt_malloc_lock.o)
                0x0100cbcc                __malloc_lock
                0x0100cce0                __malloc_unlock
 .text          0x0100cdbc     0x22d0 ../il2212-rtos_bsp//libucosii_bsp.a(os_core.o)
                0x0100cdbc                OSEventNameGet
                0x0100cef8                OSEventNameSet
                0x0100d048                OSEventPendMulti
                0x0100d708                OSInit
                0x0100d76c                OSIntEnter
                0x0100d7f4                OSIntExit
                0x0100d900                OSSchedLock
                0x0100d998                OSSchedUnlock
                0x0100da88                OSStart
                0x0100db04                OSStatInit
                0x0100dbbc                OSTimeTick
                0x0100de08                OSVersion
                0x0100de34                OS_Dummy
                0x0100de5c                OS_EventTaskRdy
                0x0100dffc                OS_EventTaskWait
                0x0100e118                OS_EventTaskWaitMulti
                0x0100e278                OS_EventTaskRemove
                0x0100e33c                OS_EventTaskRemoveMulti
                0x0100e44c                OS_EventWaitListInit
                0x0100e86c                OS_MemClr
                0x0100e8cc                OS_MemCopy
                0x0100e944                OS_Sched
                0x0100eaa0                OS_StrCopy
                0x0100eb2c                OS_StrLen
                0x0100eb90                OS_TaskIdle
                0x0100ebf8                OS_TaskStat
                0x0100eccc                OS_TaskStatStkChk
                0x0100eda0                OS_TCBInit
 .text          0x0100f08c      0x1f8 ../il2212-rtos_bsp//libucosii_bsp.a(os_dbg.o)
                0x0100f08c                OSDebugInit
 .text          0x0100f284     0x19d8 ../il2212-rtos_bsp//libucosii_bsp.a(os_flag.o)
                0x0100f284                OSFlagAccept
                0x0100f5c4                OSFlagCreate
                0x0100f70c                OSFlagDel
                0x0100f9c0                OSFlagNameGet
                0x0100fb10                OSFlagNameSet
                0x0100fc70                OSFlagPend
                0x010102c0                OSFlagPendGetFlagsRdy
                0x01010334                OSFlagPost
                0x010106e8                OSFlagQuery
                0x01010998                OS_FlagInit
                0x01010ba4                OS_FlagUnlink
 .text          0x01010c5c      0x860 ../il2212-rtos_bsp//libucosii_bsp.a(os_mem.o)
                0x01010c5c                OSMemCreate
                0x01010e84                OSMemGet
                0x01010f94                OSMemNameGet
                0x010110ac                OSMemNameSet
                0x010111d8                OSMemPut
                0x010112d4                OSMemQuery
                0x010113dc                OS_MemInit
 .text          0x010114bc     0x13b8 ../il2212-rtos_bsp//libucosii_bsp.a(os_q.o)
                0x010114bc                OSQAccept
                0x0101161c                OSQCreate
                0x0101183c                OSQDel
                0x01011b48                OSQFlush
                0x01011c1c                OSQPend
                0x01011f48                OSQPendAbort
                0x010120d0                OSQPost
                0x0101225c                OSQPostFront
                0x010123f0                OSQPostOpt
                0x01012630                OSQQuery
                0x010127bc                OS_QInit
 .text          0x01012874      0xc28 ../il2212-rtos_bsp//libucosii_bsp.a(os_sem.o)
                0x01012874                OSSemAccept
                0x01012940                OSSemCreate
                0x01012a60                OSSemDel
                0x01012d0c                OSSemPend
                0x01012f94                OSSemPendAbort
                0x0101311c                OSSemPost
                0x01013250                OSSemQuery
                0x0101338c                OSSemSet
 .text          0x0101349c     0x1ad0 ../il2212-rtos_bsp//libucosii_bsp.a(os_task.o)
                0x0101349c                OSTaskChangePrio
                0x01013a1c                OSTaskCreate
                0x01013bfc                OSTaskCreateExt
                0x01013e08                OSTaskDel
                0x01014220                OSTaskDelReq
                0x0101439c                OSTaskNameGet
                0x01014560                OSTaskNameSet
                0x01014730                OSTaskResume
                0x01014954                OSTaskStkChk
                0x01014b5c                OSTaskSuspend
                0x01014d94                OSTaskQuery
                0x01014ee4                OS_TaskStkClr
 .text          0x01014f6c      0x6b8 ../il2212-rtos_bsp//libucosii_bsp.a(os_time.o)
                0x01014f6c                OSTimeDly
                0x010150c4                OSTimeDlyHMSM
                0x01015328                OSTimeDlyResume
                0x01015544                OSTimeGet
                0x010155b4                OSTimeSet
 .text          0x01015624     0x141c ../il2212-rtos_bsp//libucosii_bsp.a(os_tmr.o)
                0x01015624                OSTmrCreate
                0x01015814                OSTmrDel
                0x01015998                OSTmrNameGet
                0x01015b10                OSTmrRemainGet
                0x01015d18                OSTmrStateGet
                0x01015e20                OSTmrStart
                0x01015fac                OSTmrStop
                0x010161e4                OSTmrSignal
                0x010163d0                OSTmr_Init
 .text          0x01016a40      0x2b0 ../il2212-rtos_bsp//libucosii_bsp.a(alt_sys_init.o)
                0x01016a40                alt_irq_init
                0x01016a80                alt_sys_init
 .text          0x01016cf0      0x178 ../il2212-rtos_bsp//libucosii_bsp.a(altera_avalon_jtag_uart_fd.o)
                0x01016cf0                altera_avalon_jtag_uart_read_fd
                0x01016d54                altera_avalon_jtag_uart_write_fd
                0x01016db8                altera_avalon_jtag_uart_close_fd
                0x01016e0c                altera_avalon_jtag_uart_ioctl_fd
 .text          0x01016e68      0x5b0 ../il2212-rtos_bsp//libucosii_bsp.a(altera_avalon_jtag_uart_init.o)
                0x01016e68                altera_avalon_jtag_uart_init
                0x01017398                altera_avalon_jtag_uart_close
 .text          0x01017418      0x100 ../il2212-rtos_bsp//libucosii_bsp.a(altera_avalon_jtag_uart_ioctl.o)
                0x01017418                altera_avalon_jtag_uart_ioctl
 .text          0x01017518      0x2cc ../il2212-rtos_bsp//libucosii_bsp.a(altera_avalon_jtag_uart_read.o)
                0x01017518                altera_avalon_jtag_uart_read
 .text          0x010177e4      0x2e8 ../il2212-rtos_bsp//libucosii_bsp.a(altera_avalon_jtag_uart_write.o)
                0x010177e4                altera_avalon_jtag_uart_write
 .text          0x01017acc      0x3dc ../il2212-rtos_bsp//libucosii_bsp.a(altera_avalon_mutex.o)
                0x01017b54                altera_avalon_mutex_open
                0x01017c24                altera_avalon_mutex_close
                0x01017c50                altera_avalon_mutex_lock
                0x01017cbc                altera_avalon_mutex_trylock
                0x01017d40                altera_avalon_mutex_unlock
                0x01017dbc                altera_avalon_mutex_is_mine
                0x01017e44                altera_avalon_mutex_first_lock
 .text          0x01017ea8      0x1c8 ../il2212-rtos_bsp//libucosii_bsp.a(altera_avalon_performance_counter.o)
                0x01017ea8                perf_get_section_time
                0x01017f64                perf_get_total_time
                0x01017fc4                perf_get_num_starts
                0x01018010                alt_get_performance_counter_base
                0x01018040                alt_get_cpu_freq
 .text          0x01018070      0x114 ../il2212-rtos_bsp//libucosii_bsp.a(altera_avalon_timer_sc.o)
                0x010180f0                alt_avalon_timer_sc_init
 .text          0x01018184        0x0 ../il2212-rtos_bsp//libucosii_bsp.a(altera_avalon_timer_vars.o)
 .text          0x01018184      0x2a0 ../il2212-rtos_bsp//libucosii_bsp.a(perf_print_formatted_report.o)
                0x01018184                perf_print_formatted_report
 .text          0x01018424       0x28 ../il2212-rtos_bsp//libucosii_bsp.a(alt_dcache_flush_all.o)
                0x01018424                alt_dcache_flush_all
 .text          0x0101844c      0x12c ../il2212-rtos_bsp//libucosii_bsp.a(alt_dev_llist_insert.o)
                0x0101844c                alt_dev_llist_insert
 .text          0x01018578       0x70 ../il2212-rtos_bsp//libucosii_bsp.a(alt_do_ctors.o)
                0x01018578                _do_ctors
 .text          0x010185e8       0x70 ../il2212-rtos_bsp//libucosii_bsp.a(alt_do_dtors.o)
                0x010185e8                _do_dtors
 .text          0x01018658       0xa0 ../il2212-rtos_bsp//libucosii_bsp.a(alt_find_dev.o)
                0x01018658                alt_find_dev
 .text          0x010186f8      0x2e8 ../il2212-rtos_bsp//libucosii_bsp.a(alt_gmon.o)
                0x010186f8                __mcount_record
 .text          0x010189e0       0x28 ../il2212-rtos_bsp//libucosii_bsp.a(alt_icache_flush_all.o)
                0x010189e0                alt_icache_flush_all
 .text          0x01018a08      0x168 ../il2212-rtos_bsp//libucosii_bsp.a(alt_io_redirect.o)
                0x01018aec                alt_io_redirect
 .text          0x01018b70      0x1cc ../il2212-rtos_bsp//libucosii_bsp.a(alt_irq_register.o)
                0x01018b70                alt_irq_register
 .text          0x01018d3c        0x0 ../il2212-rtos_bsp//libucosii_bsp.a(alt_irq_vars.o)
 .text          0x01018d3c      0x308 ../il2212-rtos_bsp//libucosii_bsp.a(alt_open.o)
                0x01018e40                open
 .text          0x01019044       0x2c ../il2212-rtos_bsp//libucosii_bsp.a(altera_nios2_qsys_irq.o)
                0x01019044                altera_nios2_qsys_irq_init
 .text          0x01019070       0xd0 ../il2212-rtos_bsp//libucosii_bsp.a(os_cpu_a.o)
                0x01019070                OSCtxSw
                0x01019070                OSIntCtxSw
                0x010190fc                OSStartHighRdy
                0x0101911c                OSStartTsk
 .text          0x01019140      0x4e4 ../il2212-rtos_bsp//libucosii_bsp.a(os_cpu_c.o)
                0x01019140                OSTaskStkInit
                0x0101945c                OSTaskCreateHook
                0x01019488                OSTaskDelHook
                0x010194b4                OSTaskSwHook
                0x010194dc                OSTaskStatHook
                0x01019504                OSTimeTickHook
                0x0101957c                OSInitHookBegin
                0x010195a8                OSInitHookEnd
                0x010195d0                OSTaskIdleHook
                0x010195f8                OSTCBInitHook
 .text          0x01019624      0x12c ../il2212-rtos_bsp//libucosii_bsp.a(alt_find_file.o)
                0x01019624                alt_find_file
 .text          0x01019750      0x110 ../il2212-rtos_bsp//libucosii_bsp.a(alt_get_fd.o)
                0x01019750                alt_get_fd
 .text          0x01019860        0x0 ../il2212-rtos_bsp//libucosii_bsp.a(alt_irq_entry.o)
 .text          0x01019860        0x0 ../il2212-rtos_bsp//libucosii_bsp.a(alt_irq_handler.o)
 .text          0x01019860        0x0 ../il2212-rtos_bsp//libucosii_bsp.a(alt_exception_entry.o)
 .text          0x01019860       0x20 /opt/altera/13.0sp1/nios2eds/bin/gnu/H-i686-pc-linux-gnu/bin/../lib/gcc/nios2-elf/4.1.2/../../../../nios2-elf/lib/mno-hw-mul/pg/libc.a(lib_a-atexit.o)
                0x01019860                atexit
 .text          0x01019880       0x44 /opt/altera/13.0sp1/nios2eds/bin/gnu/H-i686-pc-linux-gnu/bin/../lib/gcc/nios2-elf/4.1.2/../../../../nios2-elf/lib/mno-hw-mul/pg/libc.a(lib_a-exit.o)
                0x01019880                exit
 .text          0x010198c4       0x80 /opt/altera/13.0sp1/nios2eds/bin/gnu/H-i686-pc-linux-gnu/bin/../lib/gcc/nios2-elf/4.1.2/../../../../nios2-elf/lib/mno-hw-mul/pg/libc.a(lib_a-memcmp.o)
                0x010198c4                memcmp
 .text          0x01019944      0x140 /opt/altera/13.0sp1/nios2eds/bin/gnu/H-i686-pc-linux-gnu/bin/../lib/gcc/nios2-elf/4.1.2/../../../../nios2-elf/lib/mno-hw-mul/pg/libc.a(lib_a-__atexit.o)
                0x01019944                __register_exitproc
 .text          0x01019a84      0x1cc /opt/altera/13.0sp1/nios2eds/bin/gnu/H-i686-pc-linux-gnu/bin/../lib/gcc/nios2-elf/4.1.2/../../../../nios2-elf/lib/mno-hw-mul/pg/libc.a(lib_a-__call_atexit.o)
                0x01019a94                __call_exitprocs
 .text          0x01019c50       0xb0 /opt/altera/13.0sp1/nios2eds/bin/gnu/H-i686-pc-linux-gnu/bin/../lib/gcc/nios2-elf/4.1.2/mno-hw-mul/pg/libgcc.a(_fixunsdfsi.o)
                0x01019c50                __fixunsdfsi
 .text          0x01019d00       0xc4 ../il2212-rtos_bsp//libucosii_bsp.a(alt_exit.o)
                0x01019d8c                _exit
 *(.gnu.warning.*)
 *(.fini)
                0x01019dc4                PROVIDE (__etext, ABSOLUTE (.))
                0x01019dc4                PROVIDE (_etext, ABSOLUTE (.))
                0x01019dc4                PROVIDE (etext, ABSOLUTE (.))
 *(.eh_frame_hdr)
                0x01019dc4                . = ALIGN (0x4)
                0x01019dc4                PROVIDE (__preinit_array_start, ABSOLUTE (.))
 *(.preinit_array)
                0x01019dc4                PROVIDE (__preinit_array_end, ABSOLUTE (.))
                0x01019dc4                PROVIDE (__init_array_start, ABSOLUTE (.))
 *(.init_array)
                0x01019dc4                PROVIDE (__init_array_end, ABSOLUTE (.))
                0x01019dc4                PROVIDE (__fini_array_start, ABSOLUTE (.))
 *(.fini_array)
                0x01019dc4                PROVIDE (__fini_array_end, ABSOLUTE (.))
 *(.eh_frame)
 *(.gcc_except_table)
 *(.dynamic)
                0x01019dc4                PROVIDE (__CTOR_LIST__, ABSOLUTE (.))
 *(.ctors)
 *(SORT(.ctors.*))
 .ctors.65535   0x01019dc4        0x4 /opt/altera/13.0sp1/nios2eds/bin/gnu/H-i686-pc-linux-gnu/bin/../lib/gcc/nios2-elf/4.1.2/../../../../nios2-elf/lib/mno-hw-mul/pg/libc.a(lib_a-__call_atexit.o)
                0x01019dc8                PROVIDE (__CTOR_END__, ABSOLUTE (.))
                0x01019dc8                PROVIDE (__DTOR_LIST__, ABSOLUTE (.))
 *(.dtors)
 *(SORT(.dtors.*))
                0x01019dc8                PROVIDE (__DTOR_END__, ABSOLUTE (.))
 *(.jcr)
                0x01019dc8                . = ALIGN (0x4)

.rodata         0x01019dc8      0x6f0
                0x01019dc8                PROVIDE (__ram_rodata_start, ABSOLUTE (.))
                0x01019dc8                . = ALIGN (0x4)
 *(.rodata .rodata.* .gnu.linkonce.r.*)
 .rodata        0x01019dc8       0xd0 obj/default/cpu_0.o
 .rodata        0x01019e98       0x14 /opt/altera/13.0sp1/nios2eds/bin/gnu/H-i686-pc-linux-gnu/bin/../lib/gcc/nios2-elf/4.1.2/mno-hw-mul/pg/libgcc.a(_thenan_df.o)
                0x01019e98                __thenan_df
 .rodata        0x01019eac      0x100 /opt/altera/13.0sp1/nios2eds/bin/gnu/H-i686-pc-linux-gnu/bin/../lib/gcc/nios2-elf/4.1.2/mno-hw-mul/pg/libgcc.a(_clz.o)
                0x01019eac                __clz_tab
 .rodata.str1.4
                0x01019fac        0x2 /opt/altera/13.0sp1/nios2eds/bin/gnu/H-i686-pc-linux-gnu/bin/../lib/gcc/nios2-elf/4.1.2/../../../../nios2-elf/lib/mno-hw-mul/pg/libc.a(lib_a-puts.o)
                                  0x4 (size before relaxing)
 *fill*         0x01019fae        0x2 00
 .rodata.str1.4
                0x01019fb0       0x5e /opt/altera/13.0sp1/nios2eds/bin/gnu/H-i686-pc-linux-gnu/bin/../lib/gcc/nios2-elf/4.1.2/../../../../nios2-elf/lib/mno-hw-mul/pg/libc.a(lib_a-vfprintf.o)
                                 0x60 (size before relaxing)
 .rodata        0x0101a00e       0x20 /opt/altera/13.0sp1/nios2eds/bin/gnu/H-i686-pc-linux-gnu/bin/../lib/gcc/nios2-elf/4.1.2/../../../../nios2-elf/lib/mno-hw-mul/pg/libc.a(lib_a-vfprintf.o)
 *fill*         0x0101a02e        0x2 00
 .rodata.str1.4
                0x0101a030       0x10 /opt/altera/13.0sp1/nios2eds/bin/gnu/H-i686-pc-linux-gnu/bin/../lib/gcc/nios2-elf/4.1.2/../../../../nios2-elf/lib/mno-hw-mul/pg/libc.a(lib_a-dtoa.o)
                                 0x14 (size before relaxing)
 .rodata.str1.4
                0x0101a040        0x2 /opt/altera/13.0sp1/nios2eds/bin/gnu/H-i686-pc-linux-gnu/bin/../lib/gcc/nios2-elf/4.1.2/../../../../nios2-elf/lib/mno-hw-mul/pg/libc.a(lib_a-impure.o)
                                  0x4 (size before relaxing)
 *fill*         0x0101a042        0x2 00
 .rodata.str1.4
                0x0101a044       0x10 /opt/altera/13.0sp1/nios2eds/bin/gnu/H-i686-pc-linux-gnu/bin/../lib/gcc/nios2-elf/4.1.2/../../../../nios2-elf/lib/mno-hw-mul/pg/libc.a(lib_a-locale.o)
                                 0x18 (size before relaxing)
 .rodata        0x0101a054       0x30 /opt/altera/13.0sp1/nios2eds/bin/gnu/H-i686-pc-linux-gnu/bin/../lib/gcc/nios2-elf/4.1.2/../../../../nios2-elf/lib/mno-hw-mul/pg/libc.a(lib_a-locale.o)
 .rodata        0x0101a084      0x124 /opt/altera/13.0sp1/nios2eds/bin/gnu/H-i686-pc-linux-gnu/bin/../lib/gcc/nios2-elf/4.1.2/../../../../nios2-elf/lib/mno-hw-mul/pg/libc.a(lib_a-mprec.o)
                0x0101a084                __mprec_tens
                0x0101a14c                __mprec_bigtens
                0x0101a174                __mprec_tinytens
 .rodata        0x0101a1a8        0xc ../il2212-rtos_bsp//libucosii_bsp.a(alt_dev.o)
 .rodata        0x0101a1b4       0x14 ../il2212-rtos_bsp//libucosii_bsp.a(alt_main.o)
 .rodata        0x0101a1c8      0x120 ../il2212-rtos_bsp//libucosii_bsp.a(os_core.o)
                0x0101a1c8                OSUnMapTbl
 .rodata        0x0101a2e8       0x38 ../il2212-rtos_bsp//libucosii_bsp.a(os_tmr.o)
 .rodata        0x0101a320       0x94 ../il2212-rtos_bsp//libucosii_bsp.a(alt_sys_init.o)
 .rodata        0x0101a3b4      0x100 ../il2212-rtos_bsp//libucosii_bsp.a(perf_print_formatted_report.o)
 .rodata        0x0101a4b4        0x4 ../il2212-rtos_bsp//libucosii_bsp.a(os_cpu_c.o)
 *(.rodata1)
                0x0101a4b8                . = ALIGN (0x4)
                0x0101a4b8                PROVIDE (__ram_rodata_end, ABSOLUTE (.))
                0x01019dc8                PROVIDE (__flash_rodata_start, LOADADDR (.rodata))

.rwdata         0x0101a4b8     0xdc34 load address 0x010280ec
                0x0101a4b8                PROVIDE (__ram_rwdata_start, ABSOLUTE (.))
                0x0101a4b8                . = ALIGN (0x4)
 *(.got.plt)
 *(.got)
 *(.data1)
 *(.data .data.* .gnu.linkonce.d.*)
 .data          0x0101a4b8        0x0 ../il2212-rtos_bsp//obj/HAL/src/crt0.o
 .data          0x0101a4b8     0xc02c obj/default/cpu_0.o
                0x0101a4b8                asciiChars
                0x0101a4c8                test_ppm_1
                0x0101d4cb                test_ppm_2
                0x010204ce                test_ppm_3
                0x010234d1                test_ppm_4
                0x010264d4                image_sequence
 .data          0x010264e4        0x0 /opt/altera/13.0sp1/nios2eds/bin/gnu/H-i686-pc-linux-gnu/bin/../lib/gcc/nios2-elf/4.1.2/mno-hw-mul/pg/libgcc.a(_floatundidf.o)
 .data          0x010264e4        0x0 /opt/altera/13.0sp1/nios2eds/bin/gnu/H-i686-pc-linux-gnu/bin/../lib/gcc/nios2-elf/4.1.2/mno-hw-mul/pg/libgcc.a(_addsub_df.o)
 .data          0x010264e4        0x0 /opt/altera/13.0sp1/nios2eds/bin/gnu/H-i686-pc-linux-gnu/bin/../lib/gcc/nios2-elf/4.1.2/mno-hw-mul/pg/libgcc.a(_mul_df.o)
 .data          0x010264e4        0x0 /opt/altera/13.0sp1/nios2eds/bin/gnu/H-i686-pc-linux-gnu/bin/../lib/gcc/nios2-elf/4.1.2/mno-hw-mul/pg/libgcc.a(_div_df.o)
 .data          0x010264e4        0x0 /opt/altera/13.0sp1/nios2eds/bin/gnu/H-i686-pc-linux-gnu/bin/../lib/gcc/nios2-elf/4.1.2/mno-hw-mul/pg/libgcc.a(_thenan_df.o)
 .data          0x010264e4        0x0 /opt/altera/13.0sp1/nios2eds/bin/gnu/H-i686-pc-linux-gnu/bin/../lib/gcc/nios2-elf/4.1.2/mno-hw-mul/pg/libgcc.a(_usi_to_df.o)
 .data          0x010264e4        0x0 /opt/altera/13.0sp1/nios2eds/bin/gnu/H-i686-pc-linux-gnu/bin/../lib/gcc/nios2-elf/4.1.2/mno-hw-mul/pg/libgcc.a(lib2-divmod.o)
 .data          0x010264e4        0x0 /opt/altera/13.0sp1/nios2eds/bin/gnu/H-i686-pc-linux-gnu/bin/../lib/gcc/nios2-elf/4.1.2/mno-hw-mul/pg/libgcc.a(lib2-mul.o)
 .data          0x010264e4        0x0 /opt/altera/13.0sp1/nios2eds/bin/gnu/H-i686-pc-linux-gnu/bin/../lib/gcc/nios2-elf/4.1.2/mno-hw-mul/pg/libgcc.a(_muldi3.o)
 .data          0x010264e4        0x0 /opt/altera/13.0sp1/nios2eds/bin/gnu/H-i686-pc-linux-gnu/bin/../lib/gcc/nios2-elf/4.1.2/mno-hw-mul/pg/libgcc.a(_clzsi2.o)
 .data          0x010264e4        0x0 /opt/altera/13.0sp1/nios2eds/bin/gnu/H-i686-pc-linux-gnu/bin/../lib/gcc/nios2-elf/4.1.2/mno-hw-mul/pg/libgcc.a(_pack_df.o)
 .data          0x010264e4        0x0 /opt/altera/13.0sp1/nios2eds/bin/gnu/H-i686-pc-linux-gnu/bin/../lib/gcc/nios2-elf/4.1.2/mno-hw-mul/pg/libgcc.a(_unpack_df.o)
 .data          0x010264e4        0x0 /opt/altera/13.0sp1/nios2eds/bin/gnu/H-i686-pc-linux-gnu/bin/../lib/gcc/nios2-elf/4.1.2/mno-hw-mul/pg/libgcc.a(_clz.o)
 .data          0x010264e4        0x0 /opt/altera/13.0sp1/nios2eds/bin/gnu/H-i686-pc-linux-gnu/bin/../lib/gcc/nios2-elf/4.1.2/../../../../nios2-elf/lib/mno-hw-mul/pg/libc.a(lib_a-printf.o)
 .data          0x010264e4        0x0 /opt/altera/13.0sp1/nios2eds/bin/gnu/H-i686-pc-linux-gnu/bin/../lib/gcc/nios2-elf/4.1.2/../../../../nios2-elf/lib/mno-hw-mul/pg/libc.a(lib_a-putchar.o)
 .data          0x010264e4        0x0 /opt/altera/13.0sp1/nios2eds/bin/gnu/H-i686-pc-linux-gnu/bin/../lib/gcc/nios2-elf/4.1.2/../../../../nios2-elf/lib/mno-hw-mul/pg/libc.a(lib_a-puts.o)
 .data          0x010264e4        0x0 /opt/altera/13.0sp1/nios2eds/bin/gnu/H-i686-pc-linux-gnu/bin/../lib/gcc/nios2-elf/4.1.2/../../../../nios2-elf/lib/mno-hw-mul/pg/libc.a(lib_a-strlen.o)
 .data          0x010264e4        0x0 /opt/altera/13.0sp1/nios2eds/bin/gnu/H-i686-pc-linux-gnu/bin/../lib/gcc/nios2-elf/4.1.2/../../../../nios2-elf/lib/mno-hw-mul/pg/libc.a(lib_a-vfprintf.o)
 .data          0x010264e4        0x0 /opt/altera/13.0sp1/nios2eds/bin/gnu/H-i686-pc-linux-gnu/bin/../lib/gcc/nios2-elf/4.1.2/../../../../nios2-elf/lib/mno-hw-mul/pg/libc.a(lib_a-wsetup.o)
 .data          0x010264e4        0x0 /opt/altera/13.0sp1/nios2eds/bin/gnu/H-i686-pc-linux-gnu/bin/../lib/gcc/nios2-elf/4.1.2/../../../../nios2-elf/lib/mno-hw-mul/pg/libc.a(lib_a-dtoa.o)
 .data          0x010264e4        0x0 /opt/altera/13.0sp1/nios2eds/bin/gnu/H-i686-pc-linux-gnu/bin/../lib/gcc/nios2-elf/4.1.2/../../../../nios2-elf/lib/mno-hw-mul/pg/libc.a(lib_a-fflush.o)
 .data          0x010264e4        0x0 /opt/altera/13.0sp1/nios2eds/bin/gnu/H-i686-pc-linux-gnu/bin/../lib/gcc/nios2-elf/4.1.2/../../../../nios2-elf/lib/mno-hw-mul/pg/libc.a(lib_a-findfp.o)
 .data          0x010264e4        0x0 /opt/altera/13.0sp1/nios2eds/bin/gnu/H-i686-pc-linux-gnu/bin/../lib/gcc/nios2-elf/4.1.2/../../../../nios2-elf/lib/mno-hw-mul/pg/libc.a(lib_a-freer.o)
 .data          0x010264e4        0x0 /opt/altera/13.0sp1/nios2eds/bin/gnu/H-i686-pc-linux-gnu/bin/../lib/gcc/nios2-elf/4.1.2/../../../../nios2-elf/lib/mno-hw-mul/pg/libc.a(lib_a-fvwrite.o)
 .data          0x010264e4        0x0 /opt/altera/13.0sp1/nios2eds/bin/gnu/H-i686-pc-linux-gnu/bin/../lib/gcc/nios2-elf/4.1.2/../../../../nios2-elf/lib/mno-hw-mul/pg/libc.a(lib_a-fwalk.o)
 .data          0x010264e4      0x400 /opt/altera/13.0sp1/nios2eds/bin/gnu/H-i686-pc-linux-gnu/bin/../lib/gcc/nios2-elf/4.1.2/../../../../nios2-elf/lib/mno-hw-mul/pg/libc.a(lib_a-impure.o)
 .data          0x010268e4        0xc /opt/altera/13.0sp1/nios2eds/bin/gnu/H-i686-pc-linux-gnu/bin/../lib/gcc/nios2-elf/4.1.2/../../../../nios2-elf/lib/mno-hw-mul/pg/libc.a(lib_a-locale.o)
                0x010268e4                __lc_ctype
 .data          0x010268f0        0x0 /opt/altera/13.0sp1/nios2eds/bin/gnu/H-i686-pc-linux-gnu/bin/../lib/gcc/nios2-elf/4.1.2/../../../../nios2-elf/lib/mno-hw-mul/pg/libc.a(lib_a-makebuf.o)
 .data          0x010268f0      0x408 /opt/altera/13.0sp1/nios2eds/bin/gnu/H-i686-pc-linux-gnu/bin/../lib/gcc/nios2-elf/4.1.2/../../../../nios2-elf/lib/mno-hw-mul/pg/libc.a(lib_a-mallocr.o)
                0x010268f0                __malloc_av_
 .data          0x01026cf8        0x0 /opt/altera/13.0sp1/nios2eds/bin/gnu/H-i686-pc-linux-gnu/bin/../lib/gcc/nios2-elf/4.1.2/../../../../nios2-elf/lib/mno-hw-mul/pg/libc.a(lib_a-memchr.o)
 .data          0x01026cf8        0x0 /opt/altera/13.0sp1/nios2eds/bin/gnu/H-i686-pc-linux-gnu/bin/../lib/gcc/nios2-elf/4.1.2/../../../../nios2-elf/lib/mno-hw-mul/pg/libc.a(lib_a-memcpy.o)
 .data          0x01026cf8        0x0 /opt/altera/13.0sp1/nios2eds/bin/gnu/H-i686-pc-linux-gnu/bin/../lib/gcc/nios2-elf/4.1.2/../../../../nios2-elf/lib/mno-hw-mul/pg/libc.a(lib_a-memmove.o)
 .data          0x01026cf8        0x0 /opt/altera/13.0sp1/nios2eds/bin/gnu/H-i686-pc-linux-gnu/bin/../lib/gcc/nios2-elf/4.1.2/../../../../nios2-elf/lib/mno-hw-mul/pg/libc.a(lib_a-memset.o)
 .data          0x01026cf8        0x0 /opt/altera/13.0sp1/nios2eds/bin/gnu/H-i686-pc-linux-gnu/bin/../lib/gcc/nios2-elf/4.1.2/../../../../nios2-elf/lib/mno-hw-mul/pg/libc.a(lib_a-mprec.o)
 .data          0x01026cf8        0x0 /opt/altera/13.0sp1/nios2eds/bin/gnu/H-i686-pc-linux-gnu/bin/../lib/gcc/nios2-elf/4.1.2/../../../../nios2-elf/lib/mno-hw-mul/pg/libc.a(lib_a-putc.o)
 .data          0x01026cf8        0x0 /opt/altera/13.0sp1/nios2eds/bin/gnu/H-i686-pc-linux-gnu/bin/../lib/gcc/nios2-elf/4.1.2/../../../../nios2-elf/lib/mno-hw-mul/pg/libc.a(lib_a-reallocr.o)
 .data          0x01026cf8        0x0 /opt/altera/13.0sp1/nios2eds/bin/gnu/H-i686-pc-linux-gnu/bin/../lib/gcc/nios2-elf/4.1.2/../../../../nios2-elf/lib/mno-hw-mul/pg/libc.a(lib_a-s_isinfd.o)
 .data          0x01026cf8        0x0 /opt/altera/13.0sp1/nios2eds/bin/gnu/H-i686-pc-linux-gnu/bin/../lib/gcc/nios2-elf/4.1.2/../../../../nios2-elf/lib/mno-hw-mul/pg/libc.a(lib_a-s_isnand.o)
 .data          0x01026cf8        0x0 /opt/altera/13.0sp1/nios2eds/bin/gnu/H-i686-pc-linux-gnu/bin/../lib/gcc/nios2-elf/4.1.2/../../../../nios2-elf/lib/mno-hw-mul/pg/libc.a(lib_a-sbrkr.o)
 .data          0x01026cf8        0x0 /opt/altera/13.0sp1/nios2eds/bin/gnu/H-i686-pc-linux-gnu/bin/../lib/gcc/nios2-elf/4.1.2/../../../../nios2-elf/lib/mno-hw-mul/pg/libc.a(lib_a-stdio.o)
 .data          0x01026cf8        0x0 /opt/altera/13.0sp1/nios2eds/bin/gnu/H-i686-pc-linux-gnu/bin/../lib/gcc/nios2-elf/4.1.2/../../../../nios2-elf/lib/mno-hw-mul/pg/libc.a(lib_a-strcmp.o)
 .data          0x01026cf8        0x0 /opt/altera/13.0sp1/nios2eds/bin/gnu/H-i686-pc-linux-gnu/bin/../lib/gcc/nios2-elf/4.1.2/../../../../nios2-elf/lib/mno-hw-mul/pg/libc.a(lib_a-wbuf.o)
 .data          0x01026cf8        0x0 /opt/altera/13.0sp1/nios2eds/bin/gnu/H-i686-pc-linux-gnu/bin/../lib/gcc/nios2-elf/4.1.2/../../../../nios2-elf/lib/mno-hw-mul/pg/libc.a(lib_a-writer.o)
 .data          0x01026cf8        0x0 /opt/altera/13.0sp1/nios2eds/bin/gnu/H-i686-pc-linux-gnu/bin/../lib/gcc/nios2-elf/4.1.2/../../../../nios2-elf/lib/mno-hw-mul/pg/libc.a(lib_a-callocr.o)
 .data          0x01026cf8        0x0 /opt/altera/13.0sp1/nios2eds/bin/gnu/H-i686-pc-linux-gnu/bin/../lib/gcc/nios2-elf/4.1.2/../../../../nios2-elf/lib/mno-hw-mul/pg/libc.a(lib_a-closer.o)
 .data          0x01026cf8        0x0 /opt/altera/13.0sp1/nios2eds/bin/gnu/H-i686-pc-linux-gnu/bin/../lib/gcc/nios2-elf/4.1.2/../../../../nios2-elf/lib/mno-hw-mul/pg/libc.a(lib_a-fclose.o)
 .data          0x01026cf8        0x0 /opt/altera/13.0sp1/nios2eds/bin/gnu/H-i686-pc-linux-gnu/bin/../lib/gcc/nios2-elf/4.1.2/../../../../nios2-elf/lib/mno-hw-mul/pg/libc.a(lib_a-fstatr.o)
 .data          0x01026cf8        0x0 /opt/altera/13.0sp1/nios2eds/bin/gnu/H-i686-pc-linux-gnu/bin/../lib/gcc/nios2-elf/4.1.2/../../../../nios2-elf/lib/mno-hw-mul/pg/libc.a(lib_a-int_errno.o)
 .data          0x01026cf8        0x0 /opt/altera/13.0sp1/nios2eds/bin/gnu/H-i686-pc-linux-gnu/bin/../lib/gcc/nios2-elf/4.1.2/../../../../nios2-elf/lib/mno-hw-mul/pg/libc.a(lib_a-isattyr.o)
 .data          0x01026cf8        0x0 /opt/altera/13.0sp1/nios2eds/bin/gnu/H-i686-pc-linux-gnu/bin/../lib/gcc/nios2-elf/4.1.2/../../../../nios2-elf/lib/mno-hw-mul/pg/libc.a(lib_a-lseekr.o)
 .data          0x01026cf8        0x0 /opt/altera/13.0sp1/nios2eds/bin/gnu/H-i686-pc-linux-gnu/bin/../lib/gcc/nios2-elf/4.1.2/../../../../nios2-elf/lib/mno-hw-mul/pg/libc.a(lib_a-readr.o)
 .data          0x01026cf8        0x0 /opt/altera/13.0sp1/nios2eds/bin/gnu/H-i686-pc-linux-gnu/bin/../lib/gcc/nios2-elf/4.1.2/mno-hw-mul/pg/libgcc.a(_udivdi3.o)
 .data          0x01026cf8        0x0 /opt/altera/13.0sp1/nios2eds/bin/gnu/H-i686-pc-linux-gnu/bin/../lib/gcc/nios2-elf/4.1.2/mno-hw-mul/pg/libgcc.a(_umoddi3.o)
 .data          0x01026cf8        0x0 /opt/altera/13.0sp1/nios2eds/bin/gnu/H-i686-pc-linux-gnu/bin/../lib/gcc/nios2-elf/4.1.2/mno-hw-mul/pg/libgcc.a(_eq_df.o)
 .data          0x01026cf8        0x0 /opt/altera/13.0sp1/nios2eds/bin/gnu/H-i686-pc-linux-gnu/bin/../lib/gcc/nios2-elf/4.1.2/mno-hw-mul/pg/libgcc.a(_ne_df.o)
 .data          0x01026cf8        0x0 /opt/altera/13.0sp1/nios2eds/bin/gnu/H-i686-pc-linux-gnu/bin/../lib/gcc/nios2-elf/4.1.2/mno-hw-mul/pg/libgcc.a(_gt_df.o)
 .data          0x01026cf8        0x0 /opt/altera/13.0sp1/nios2eds/bin/gnu/H-i686-pc-linux-gnu/bin/../lib/gcc/nios2-elf/4.1.2/mno-hw-mul/pg/libgcc.a(_ge_df.o)
 .data          0x01026cf8        0x0 /opt/altera/13.0sp1/nios2eds/bin/gnu/H-i686-pc-linux-gnu/bin/../lib/gcc/nios2-elf/4.1.2/mno-hw-mul/pg/libgcc.a(_lt_df.o)
 .data          0x01026cf8        0x0 /opt/altera/13.0sp1/nios2eds/bin/gnu/H-i686-pc-linux-gnu/bin/../lib/gcc/nios2-elf/4.1.2/mno-hw-mul/pg/libgcc.a(_si_to_df.o)
 .data          0x01026cf8        0x0 /opt/altera/13.0sp1/nios2eds/bin/gnu/H-i686-pc-linux-gnu/bin/../lib/gcc/nios2-elf/4.1.2/mno-hw-mul/pg/libgcc.a(_df_to_si.o)
 .data          0x01026cf8        0x0 /opt/altera/13.0sp1/nios2eds/bin/gnu/H-i686-pc-linux-gnu/bin/../lib/gcc/nios2-elf/4.1.2/mno-hw-mul/pg/libgcc.a(_fpcmp_parts_df.o)
 .data          0x01026cf8        0x0 ../il2212-rtos_bsp//libucosii_bsp.a(alt_alarm_start.o)
 .data          0x01026cf8        0x0 ../il2212-rtos_bsp//libucosii_bsp.a(alt_close.o)
 .data          0x01026cf8      0x1a8 ../il2212-rtos_bsp//libucosii_bsp.a(alt_dev.o)
                0x01026cf8                alt_dev_null
                0x01026d20                alt_fd_list
 .data          0x01026ea0        0x0 ../il2212-rtos_bsp//libucosii_bsp.a(alt_errno.o)
 .data          0x01026ea0        0x0 ../il2212-rtos_bsp//libucosii_bsp.a(alt_fstat.o)
 .data          0x01026ea0        0x0 ../il2212-rtos_bsp//libucosii_bsp.a(alt_isatty.o)
 .data          0x01026ea0        0x0 ../il2212-rtos_bsp//libucosii_bsp.a(alt_load.o)
 .data          0x01026ea0        0x0 ../il2212-rtos_bsp//libucosii_bsp.a(alt_lseek.o)
 .data          0x01026ea0        0x0 ../il2212-rtos_bsp//libucosii_bsp.a(alt_main.o)
 .data          0x01026ea0        0x0 ../il2212-rtos_bsp//libucosii_bsp.a(alt_mcount.o)
 .data          0x01026ea0        0x0 ../il2212-rtos_bsp//libucosii_bsp.a(alt_read.o)
 .data          0x01026ea0        0x0 ../il2212-rtos_bsp//libucosii_bsp.a(alt_release_fd.o)
 .data          0x01026ea0        0x0 ../il2212-rtos_bsp//libucosii_bsp.a(alt_sbrk.o)
 .data          0x01026ea0        0x0 ../il2212-rtos_bsp//libucosii_bsp.a(alt_tick.o)
 .data          0x01026ea0        0x0 ../il2212-rtos_bsp//libucosii_bsp.a(alt_write.o)
 .data          0x01026ea0        0x0 ../il2212-rtos_bsp//libucosii_bsp.a(alt_env_lock.o)
 .data          0x01026ea0        0x0 ../il2212-rtos_bsp//libucosii_bsp.a(alt_malloc_lock.o)
 .data          0x01026ea0        0x0 ../il2212-rtos_bsp//libucosii_bsp.a(os_core.o)
 .data          0x01026ea0        0x0 ../il2212-rtos_bsp//libucosii_bsp.a(os_dbg.o)
 .data          0x01026ea0        0x0 ../il2212-rtos_bsp//libucosii_bsp.a(os_flag.o)
 .data          0x01026ea0        0x0 ../il2212-rtos_bsp//libucosii_bsp.a(os_mem.o)
 .data          0x01026ea0        0x0 ../il2212-rtos_bsp//libucosii_bsp.a(os_q.o)
 .data          0x01026ea0        0x0 ../il2212-rtos_bsp//libucosii_bsp.a(os_sem.o)
 .data          0x01026ea0        0x0 ../il2212-rtos_bsp//libucosii_bsp.a(os_task.o)
 .data          0x01026ea0        0x0 ../il2212-rtos_bsp//libucosii_bsp.a(os_time.o)
 .data          0x01026ea0        0x0 ../il2212-rtos_bsp//libucosii_bsp.a(os_tmr.o)
 .data          0x01026ea0     0x1154 ../il2212-rtos_bsp//libucosii_bsp.a(alt_sys_init.o)
 .data          0x01027ff4        0x0 ../il2212-rtos_bsp//libucosii_bsp.a(altera_avalon_jtag_uart_fd.o)
 .data          0x01027ff4        0x0 ../il2212-rtos_bsp//libucosii_bsp.a(altera_avalon_jtag_uart_init.o)
 .data          0x01027ff4        0x0 ../il2212-rtos_bsp//libucosii_bsp.a(altera_avalon_jtag_uart_ioctl.o)
 .data          0x01027ff4        0x0 ../il2212-rtos_bsp//libucosii_bsp.a(altera_avalon_jtag_uart_read.o)
 .data          0x01027ff4        0x0 ../il2212-rtos_bsp//libucosii_bsp.a(altera_avalon_jtag_uart_write.o)
 .data          0x01027ff4        0x0 ../il2212-rtos_bsp//libucosii_bsp.a(altera_avalon_mutex.o)
 .data          0x01027ff4        0x0 ../il2212-rtos_bsp//libucosii_bsp.a(altera_avalon_performance_counter.o)
 .data          0x01027ff4        0x0 ../il2212-rtos_bsp//libucosii_bsp.a(altera_avalon_timer_sc.o)
 .data          0x01027ff4        0x0 ../il2212-rtos_bsp//libucosii_bsp.a(altera_avalon_timer_vars.o)
 .data          0x01027ff4        0x0 ../il2212-rtos_bsp//libucosii_bsp.a(perf_print_formatted_report.o)
 .data          0x01027ff4        0x0 ../il2212-rtos_bsp//libucosii_bsp.a(alt_dcache_flush_all.o)
 .data          0x01027ff4        0x0 ../il2212-rtos_bsp//libucosii_bsp.a(alt_dev_llist_insert.o)
 .data          0x01027ff4        0x0 ../il2212-rtos_bsp//libucosii_bsp.a(alt_do_ctors.o)
 .data          0x01027ff4        0x0 ../il2212-rtos_bsp//libucosii_bsp.a(alt_do_dtors.o)
 .data          0x01027ff4        0x0 ../il2212-rtos_bsp//libucosii_bsp.a(alt_find_dev.o)
 .data          0x01027ff4       0x24 ../il2212-rtos_bsp//libucosii_bsp.a(alt_gmon.o)
                0x01027ff4                alt_gmon_data
 .data          0x01028018        0x0 ../il2212-rtos_bsp//libucosii_bsp.a(alt_icache_flush_all.o)
 .data          0x01028018        0x0 ../il2212-rtos_bsp//libucosii_bsp.a(alt_io_redirect.o)
 .data          0x01028018        0x0 ../il2212-rtos_bsp//libucosii_bsp.a(alt_irq_register.o)
 .data          0x01028018        0x0 ../il2212-rtos_bsp//libucosii_bsp.a(alt_irq_vars.o)
 .data          0x01028018        0x0 ../il2212-rtos_bsp//libucosii_bsp.a(alt_open.o)
 .data          0x01028018        0x0 ../il2212-rtos_bsp//libucosii_bsp.a(altera_nios2_qsys_irq.o)
 .data          0x01028018        0x0 ../il2212-rtos_bsp//libucosii_bsp.a(os_cpu_a.o)
 .data          0x01028018        0x0 ../il2212-rtos_bsp//libucosii_bsp.a(os_cpu_c.o)
 .data          0x01028018        0x0 ../il2212-rtos_bsp//libucosii_bsp.a(alt_find_file.o)
 .data          0x01028018        0x0 ../il2212-rtos_bsp//libucosii_bsp.a(alt_get_fd.o)
 .data          0x01028018        0x0 ../il2212-rtos_bsp//libucosii_bsp.a(alt_irq_entry.o)
 .data          0x01028018        0x0 ../il2212-rtos_bsp//libucosii_bsp.a(alt_irq_handler.o)
 .data          0x01028018        0x0 ../il2212-rtos_bsp//libucosii_bsp.a(alt_exception_entry.o)
 .data          0x01028018        0x0 /opt/altera/13.0sp1/nios2eds/bin/gnu/H-i686-pc-linux-gnu/bin/../lib/gcc/nios2-elf/4.1.2/../../../../nios2-elf/lib/mno-hw-mul/pg/libc.a(lib_a-atexit.o)
 .data          0x01028018        0x0 /opt/altera/13.0sp1/nios2eds/bin/gnu/H-i686-pc-linux-gnu/bin/../lib/gcc/nios2-elf/4.1.2/../../../../nios2-elf/lib/mno-hw-mul/pg/libc.a(lib_a-exit.o)
 .data          0x01028018        0x0 /opt/altera/13.0sp1/nios2eds/bin/gnu/H-i686-pc-linux-gnu/bin/../lib/gcc/nios2-elf/4.1.2/../../../../nios2-elf/lib/mno-hw-mul/pg/libc.a(lib_a-memcmp.o)
 .data          0x01028018        0x0 /opt/altera/13.0sp1/nios2eds/bin/gnu/H-i686-pc-linux-gnu/bin/../lib/gcc/nios2-elf/4.1.2/../../../../nios2-elf/lib/mno-hw-mul/pg/libc.a(lib_a-__atexit.o)
 .data          0x01028018        0x0 /opt/altera/13.0sp1/nios2eds/bin/gnu/H-i686-pc-linux-gnu/bin/../lib/gcc/nios2-elf/4.1.2/../../../../nios2-elf/lib/mno-hw-mul/pg/libc.a(lib_a-__call_atexit.o)
 .data          0x01028018        0x0 /opt/altera/13.0sp1/nios2eds/bin/gnu/H-i686-pc-linux-gnu/bin/../lib/gcc/nios2-elf/4.1.2/mno-hw-mul/pg/libgcc.a(_fixunsdfsi.o)
 .data          0x01028018        0x0 ../il2212-rtos_bsp//libucosii_bsp.a(alt_exit.o)
                0x01030018                _gp = ABSOLUTE ((. + 0x8000))
                0x01030018                PROVIDE (gp, _gp)
 *(.rwdata .rwdata.*)
 *(.sdata .sdata.* .gnu.linkonce.s.*)
 .sdata         0x01028018        0x4 obj/default/cpu_0.o
                0x01028018                NR_ASCII_CHARS
                0x01028019                sequence_length
                0x0102801a                dSPAN
                0x0102801b                cropSIZE
 .sdata         0x0102801c        0x8 /opt/altera/13.0sp1/nios2eds/bin/gnu/H-i686-pc-linux-gnu/bin/../lib/gcc/nios2-elf/4.1.2/../../../../nios2-elf/lib/mno-hw-mul/pg/libc.a(lib_a-impure.o)
                0x0102801c                _impure_ptr
                0x01028020                _global_impure_ptr
 .sdata         0x01028024        0x8 /opt/altera/13.0sp1/nios2eds/bin/gnu/H-i686-pc-linux-gnu/bin/../lib/gcc/nios2-elf/4.1.2/../../../../nios2-elf/lib/mno-hw-mul/pg/libc.a(lib_a-locale.o)
                0x01028024                __mb_cur_max
 .sdata         0x0102802c        0x8 /opt/altera/13.0sp1/nios2eds/bin/gnu/H-i686-pc-linux-gnu/bin/../lib/gcc/nios2-elf/4.1.2/../../../../nios2-elf/lib/mno-hw-mul/pg/libc.a(lib_a-mallocr.o)
                0x0102802c                __malloc_trim_threshold
                0x01028030                __malloc_sbrk_base
 .sdata         0x01028034       0x14 ../il2212-rtos_bsp//libucosii_bsp.a(alt_dev.o)
                0x01028034                alt_fs_list
                0x0102803c                alt_dev_list
                0x01028044                alt_max_fd
 .sdata         0x01028048        0x4 ../il2212-rtos_bsp//libucosii_bsp.a(alt_errno.o)
                0x01028048                alt_errno
 .sdata         0x0102804c        0x4 ../il2212-rtos_bsp//libucosii_bsp.a(alt_sbrk.o)
 .sdata         0x01028050        0x8 ../il2212-rtos_bsp//libucosii_bsp.a(alt_tick.o)
                0x01028050                alt_alarm_list
 .sdata         0x01028058        0x4 ../il2212-rtos_bsp//libucosii_bsp.a(alt_env_lock.o)
 .sdata         0x0102805c        0x4 ../il2212-rtos_bsp//libucosii_bsp.a(alt_malloc_lock.o)
 .sdata         0x01028060       0x74 ../il2212-rtos_bsp//libucosii_bsp.a(os_dbg.o)
                0x01028060                OSDebugEn
                0x01028064                OSEndiannessTest
                0x01028068                OSEventEn
                0x0102806a                OSEventMax
                0x0102806c                OSEventNameSize
                0x0102806e                OSEventSize
                0x01028070                OSEventTblSize
                0x01028072                OSEventMultiEn
                0x01028074                OSFlagEn
                0x01028076                OSFlagGrpSize
                0x01028078                OSFlagNodeSize
                0x0102807a                OSFlagWidth
                0x0102807c                OSFlagMax
                0x0102807e                OSFlagNameSize
                0x01028080                OSLowestPrio
                0x01028082                OSMboxEn
                0x01028084                OSMemEn
                0x01028086                OSMemMax
                0x01028088                OSMemNameSize
                0x0102808a                OSMemSize
                0x0102808c                OSMemTblSize
                0x0102808e                OSMutexEn
                0x01028090                OSPtrSize
                0x01028092                OSQEn
                0x01028094                OSQMax
                0x01028096                OSQSize
                0x01028098                OSRdyTblSize
                0x0102809a                OSSemEn
                0x0102809c                OSStkWidth
                0x0102809e                OSTaskCreateEn
                0x010280a0                OSTaskCreateExtEn
                0x010280a2                OSTaskDelEn
                0x010280a4                OSTaskIdleStkSize
                0x010280a6                OSTaskProfileEn
                0x010280a8                OSTaskMax
                0x010280aa                OSTaskNameSize
                0x010280ac                OSTaskStatEn
                0x010280ae                OSTaskStatStkSize
                0x010280b0                OSTaskStatStkChkEn
                0x010280b2                OSTaskSwHookEn
                0x010280b4                OSTCBPrioTblMax
                0x010280b6                OSTCBSize
                0x010280b8                OSTicksPerSec
                0x010280ba                OSTimeTickHookEn
                0x010280bc                OSVersionNbr
                0x010280be                OSTmrEn
                0x010280c0                OSTmrCfgMax
                0x010280c2                OSTmrCfgNameSize
                0x010280c4                OSTmrCfgWheelSize
                0x010280c6                OSTmrCfgTicksPerSec
                0x010280c8                OSTmrSize
                0x010280ca                OSTmrTblSize
                0x010280cc                OSTmrWheelSize
                0x010280ce                OSTmrWheelTblSize
                0x010280d0                OSDataSize
 .sdata         0x010280d4        0x8 ../il2212-rtos_bsp//libucosii_bsp.a(altera_avalon_mutex.o)
                0x010280d4                alt_mutex_list
 .sdata         0x010280dc        0xc ../il2212-rtos_bsp//libucosii_bsp.a(alt_gmon.o)
 .sdata         0x010280e8        0x4 ../il2212-rtos_bsp//libucosii_bsp.a(alt_irq_vars.o)
                0x010280e8                alt_priority_mask
 *(.sdata2 .sdata2.* .gnu.linkonce.s2.*)
                0x010280ec                . = ALIGN (0x4)
                0x010280ec                _edata = ABSOLUTE (.)
                0x010280ec                PROVIDE (edata, ABSOLUTE (.))
                0x010280ec                PROVIDE (__ram_rwdata_end, ABSOLUTE (.))
                0x010280ec                PROVIDE (__flash_rwdata_start, LOADADDR (.rwdata))

.bss            0x01035d20    0x14254
                0x01035d20                __bss_start = ABSOLUTE (.)
                0x01035d20                PROVIDE (__sbss_start, ABSOLUTE (.))
                0x01035d20                PROVIDE (___sbss_start, ABSOLUTE (.))
 *(.dynsbss)
 *(.sbss .sbss.* .gnu.linkonce.sb.*)
 .sbss          0x01035d20        0x8 obj/default/cpu_0.o
                0x01035d20                current_image
                0x01035d24                counter
 .sbss          0x01035d28       0x28 obj/default/cpu_0.o
                0x01035d28                PosMaxSem
                0x01035d2c                CalcCoordSem
                0x01035d30                objectPosSem
                0x01035d34                xCorr2Sem
                0x01035d38                CropSem
                0x01035d3c                err
                0x01035d40                delay
                0x01035d44                Task1TmrSem
                0x01035d48                GrayedSem
                0x01035d4c                Task1Sem
 .sbss          0x01035d50        0xc /opt/altera/13.0sp1/nios2eds/bin/gnu/H-i686-pc-linux-gnu/bin/../lib/gcc/nios2-elf/4.1.2/../../../../nios2-elf/lib/mno-hw-mul/pg/libc.a(lib_a-locale.o)
                0x01035d50                __nlocale_changed
                0x01035d54                __mlocale_changed
                0x01035d58                _PathLocale
 .sbss          0x01035d5c        0xc /opt/altera/13.0sp1/nios2eds/bin/gnu/H-i686-pc-linux-gnu/bin/../lib/gcc/nios2-elf/4.1.2/../../../../nios2-elf/lib/mno-hw-mul/pg/libc.a(lib_a-mallocr.o)
                0x01035d5c                __malloc_top_pad
                0x01035d60                __malloc_max_sbrked_mem
                0x01035d64                __malloc_max_total_mem
 .sbss          0x01035d68        0x4 /opt/altera/13.0sp1/nios2eds/bin/gnu/H-i686-pc-linux-gnu/bin/../lib/gcc/nios2-elf/4.1.2/../../../../nios2-elf/lib/mno-hw-mul/pg/libc.a(lib_a-int_errno.o)
                0x01035d68                errno
 .sbss          0x01035d6c        0x4 ../il2212-rtos_bsp//libucosii_bsp.a(alt_dev.o)
                0x01035d6c                alt_fd_list_lock
 .sbss          0x01035d70        0xc ../il2212-rtos_bsp//libucosii_bsp.a(alt_main.o)
                0x01035d70                alt_argc
                0x01035d74                alt_argv
                0x01035d78                alt_envp
 .sbss          0x01035d7c        0x8 ../il2212-rtos_bsp//libucosii_bsp.a(alt_tick.o)
                0x01035d7c                _alt_tick_rate
                0x01035d80                _alt_nticks
 .sbss          0x01035d84        0x8 ../il2212-rtos_bsp//libucosii_bsp.a(alt_env_lock.o)
                0x01035d88                alt_envsem
 .sbss          0x01035d8c        0x8 ../il2212-rtos_bsp//libucosii_bsp.a(alt_malloc_lock.o)
                0x01035d90                alt_heapsem
 .sbss          0x01035d94       0x68 ../il2212-rtos_bsp//libucosii_bsp.a(os_core.o)
                0x01035d94                OSTmrFreeList
                0x01035d98                OSLockNesting
                0x01035d9c                OSTmrSemSignal
                0x01035da0                OSRunning
                0x01035da4                OSIdleCtr
                0x01035da8                OSTmrUsed
                0x01035daa                OSPrioHighRdy
                0x01035dab                OSPrioCur
                0x01035dac                OSTCBList
                0x01035db0                OSTickStepState
                0x01035db4                OSCtxSwCtr
                0x01035db8                OSTmrFree
                0x01035dbc                OSIdleCtrMax
                0x01035dc0                OSTCBFreeList
                0x01035dc4                OSCPUUsage
                0x01035dc5                OSTaskCtr
                0x01035dc8                OSMemFreeList
                0x01035dcc                OSTCBHighRdy
                0x01035dd0                OSQFreeList
                0x01035dd4                OSRdyGrp
                0x01035dd5                OSRdyTbl
                0x01035dd8                OSEventFreeList
                0x01035ddc                OSIntNesting
                0x01035de0                OSTCBCur
                0x01035de4                OSTmrTime
                0x01035de8                OSTime
                0x01035dec                OSTmrSem
                0x01035df0                OSFlagFreeList
                0x01035df4                OSStatRdy
                0x01035df8                OSIdleCtrRun
 .sbss          0x01035dfc        0x8 ../il2212-rtos_bsp//libucosii_bsp.a(altera_avalon_timer_vars.o)
                0x01035dfc                altera_avalon_timer_ts_base
                0x01035e00                altera_avalon_timer_ts_freq
 .sbss          0x01035e04        0xc ../il2212-rtos_bsp//libucosii_bsp.a(alt_gmon.o)
 .sbss          0x01035e10        0x4 ../il2212-rtos_bsp//libucosii_bsp.a(alt_irq_vars.o)
                0x01035e10                alt_irq_active
 .sbss          0x01035e14        0x2 ../il2212-rtos_bsp//libucosii_bsp.a(os_cpu_c.o)
 *(.sbss2 .sbss2.* .gnu.linkonce.sb2.*)
 *(.scommon)
                0x01035e16                PROVIDE (__sbss_end, ABSOLUTE (.))
                0x01035e16                PROVIDE (___sbss_end, ABSOLUTE (.))
 *(.dynbss)
 *(.bss .bss.* .gnu.linkonce.b.*)
 .bss           0x01035e16        0x0 ../il2212-rtos_bsp//obj/HAL/src/crt0.o
 *fill*         0x01035e16        0x2 00
 .bss           0x01035e18       0x18 obj/default/cpu_0.o
 .bss           0x01035e30        0x0 /opt/altera/13.0sp1/nios2eds/bin/gnu/H-i686-pc-linux-gnu/bin/../lib/gcc/nios2-elf/4.1.2/mno-hw-mul/pg/libgcc.a(_floatundidf.o)
 .bss           0x01035e30        0x0 /opt/altera/13.0sp1/nios2eds/bin/gnu/H-i686-pc-linux-gnu/bin/../lib/gcc/nios2-elf/4.1.2/mno-hw-mul/pg/libgcc.a(_addsub_df.o)
 .bss           0x01035e30        0x0 /opt/altera/13.0sp1/nios2eds/bin/gnu/H-i686-pc-linux-gnu/bin/../lib/gcc/nios2-elf/4.1.2/mno-hw-mul/pg/libgcc.a(_mul_df.o)
 .bss           0x01035e30        0x0 /opt/altera/13.0sp1/nios2eds/bin/gnu/H-i686-pc-linux-gnu/bin/../lib/gcc/nios2-elf/4.1.2/mno-hw-mul/pg/libgcc.a(_div_df.o)
 .bss           0x01035e30        0x0 /opt/altera/13.0sp1/nios2eds/bin/gnu/H-i686-pc-linux-gnu/bin/../lib/gcc/nios2-elf/4.1.2/mno-hw-mul/pg/libgcc.a(_thenan_df.o)
 .bss           0x01035e30        0x0 /opt/altera/13.0sp1/nios2eds/bin/gnu/H-i686-pc-linux-gnu/bin/../lib/gcc/nios2-elf/4.1.2/mno-hw-mul/pg/libgcc.a(_usi_to_df.o)
 .bss           0x01035e30        0x0 /opt/altera/13.0sp1/nios2eds/bin/gnu/H-i686-pc-linux-gnu/bin/../lib/gcc/nios2-elf/4.1.2/mno-hw-mul/pg/libgcc.a(lib2-divmod.o)
 .bss           0x01035e30        0x0 /opt/altera/13.0sp1/nios2eds/bin/gnu/H-i686-pc-linux-gnu/bin/../lib/gcc/nios2-elf/4.1.2/mno-hw-mul/pg/libgcc.a(lib2-mul.o)
 .bss           0x01035e30        0x0 /opt/altera/13.0sp1/nios2eds/bin/gnu/H-i686-pc-linux-gnu/bin/../lib/gcc/nios2-elf/4.1.2/mno-hw-mul/pg/libgcc.a(_muldi3.o)
 .bss           0x01035e30        0x0 /opt/altera/13.0sp1/nios2eds/bin/gnu/H-i686-pc-linux-gnu/bin/../lib/gcc/nios2-elf/4.1.2/mno-hw-mul/pg/libgcc.a(_clzsi2.o)
 .bss           0x01035e30        0x0 /opt/altera/13.0sp1/nios2eds/bin/gnu/H-i686-pc-linux-gnu/bin/../lib/gcc/nios2-elf/4.1.2/mno-hw-mul/pg/libgcc.a(_pack_df.o)
 .bss           0x01035e30        0x0 /opt/altera/13.0sp1/nios2eds/bin/gnu/H-i686-pc-linux-gnu/bin/../lib/gcc/nios2-elf/4.1.2/mno-hw-mul/pg/libgcc.a(_unpack_df.o)
 .bss           0x01035e30        0x0 /opt/altera/13.0sp1/nios2eds/bin/gnu/H-i686-pc-linux-gnu/bin/../lib/gcc/nios2-elf/4.1.2/mno-hw-mul/pg/libgcc.a(_clz.o)
 .bss           0x01035e30        0x0 /opt/altera/13.0sp1/nios2eds/bin/gnu/H-i686-pc-linux-gnu/bin/../lib/gcc/nios2-elf/4.1.2/../../../../nios2-elf/lib/mno-hw-mul/pg/libc.a(lib_a-printf.o)
 .bss           0x01035e30        0x0 /opt/altera/13.0sp1/nios2eds/bin/gnu/H-i686-pc-linux-gnu/bin/../lib/gcc/nios2-elf/4.1.2/../../../../nios2-elf/lib/mno-hw-mul/pg/libc.a(lib_a-putchar.o)
 .bss           0x01035e30        0x0 /opt/altera/13.0sp1/nios2eds/bin/gnu/H-i686-pc-linux-gnu/bin/../lib/gcc/nios2-elf/4.1.2/../../../../nios2-elf/lib/mno-hw-mul/pg/libc.a(lib_a-puts.o)
 .bss           0x01035e30        0x0 /opt/altera/13.0sp1/nios2eds/bin/gnu/H-i686-pc-linux-gnu/bin/../lib/gcc/nios2-elf/4.1.2/../../../../nios2-elf/lib/mno-hw-mul/pg/libc.a(lib_a-strlen.o)
 .bss           0x01035e30        0x0 /opt/altera/13.0sp1/nios2eds/bin/gnu/H-i686-pc-linux-gnu/bin/../lib/gcc/nios2-elf/4.1.2/../../../../nios2-elf/lib/mno-hw-mul/pg/libc.a(lib_a-vfprintf.o)
 .bss           0x01035e30        0x0 /opt/altera/13.0sp1/nios2eds/bin/gnu/H-i686-pc-linux-gnu/bin/../lib/gcc/nios2-elf/4.1.2/../../../../nios2-elf/lib/mno-hw-mul/pg/libc.a(lib_a-wsetup.o)
 .bss           0x01035e30        0x0 /opt/altera/13.0sp1/nios2eds/bin/gnu/H-i686-pc-linux-gnu/bin/../lib/gcc/nios2-elf/4.1.2/../../../../nios2-elf/lib/mno-hw-mul/pg/libc.a(lib_a-dtoa.o)
 .bss           0x01035e30        0x0 /opt/altera/13.0sp1/nios2eds/bin/gnu/H-i686-pc-linux-gnu/bin/../lib/gcc/nios2-elf/4.1.2/../../../../nios2-elf/lib/mno-hw-mul/pg/libc.a(lib_a-fflush.o)
 .bss           0x01035e30        0x0 /opt/altera/13.0sp1/nios2eds/bin/gnu/H-i686-pc-linux-gnu/bin/../lib/gcc/nios2-elf/4.1.2/../../../../nios2-elf/lib/mno-hw-mul/pg/libc.a(lib_a-findfp.o)
 .bss           0x01035e30        0x0 /opt/altera/13.0sp1/nios2eds/bin/gnu/H-i686-pc-linux-gnu/bin/../lib/gcc/nios2-elf/4.1.2/../../../../nios2-elf/lib/mno-hw-mul/pg/libc.a(lib_a-freer.o)
 .bss           0x01035e30        0x0 /opt/altera/13.0sp1/nios2eds/bin/gnu/H-i686-pc-linux-gnu/bin/../lib/gcc/nios2-elf/4.1.2/../../../../nios2-elf/lib/mno-hw-mul/pg/libc.a(lib_a-fvwrite.o)
 .bss           0x01035e30        0x0 /opt/altera/13.0sp1/nios2eds/bin/gnu/H-i686-pc-linux-gnu/bin/../lib/gcc/nios2-elf/4.1.2/../../../../nios2-elf/lib/mno-hw-mul/pg/libc.a(lib_a-fwalk.o)
 .bss           0x01035e30        0x0 /opt/altera/13.0sp1/nios2eds/bin/gnu/H-i686-pc-linux-gnu/bin/../lib/gcc/nios2-elf/4.1.2/../../../../nios2-elf/lib/mno-hw-mul/pg/libc.a(lib_a-impure.o)
 .bss           0x01035e30        0x0 /opt/altera/13.0sp1/nios2eds/bin/gnu/H-i686-pc-linux-gnu/bin/../lib/gcc/nios2-elf/4.1.2/../../../../nios2-elf/lib/mno-hw-mul/pg/libc.a(lib_a-locale.o)
 .bss           0x01035e30        0x0 /opt/altera/13.0sp1/nios2eds/bin/gnu/H-i686-pc-linux-gnu/bin/../lib/gcc/nios2-elf/4.1.2/../../../../nios2-elf/lib/mno-hw-mul/pg/libc.a(lib_a-makebuf.o)
 .bss           0x01035e30       0x28 /opt/altera/13.0sp1/nios2eds/bin/gnu/H-i686-pc-linux-gnu/bin/../lib/gcc/nios2-elf/4.1.2/../../../../nios2-elf/lib/mno-hw-mul/pg/libc.a(lib_a-mallocr.o)
                0x01035e30                __malloc_current_mallinfo
 .bss           0x01035e58        0x0 /opt/altera/13.0sp1/nios2eds/bin/gnu/H-i686-pc-linux-gnu/bin/../lib/gcc/nios2-elf/4.1.2/../../../../nios2-elf/lib/mno-hw-mul/pg/libc.a(lib_a-memchr.o)
 .bss           0x01035e58        0x0 /opt/altera/13.0sp1/nios2eds/bin/gnu/H-i686-pc-linux-gnu/bin/../lib/gcc/nios2-elf/4.1.2/../../../../nios2-elf/lib/mno-hw-mul/pg/libc.a(lib_a-memcpy.o)
 .bss           0x01035e58        0x0 /opt/altera/13.0sp1/nios2eds/bin/gnu/H-i686-pc-linux-gnu/bin/../lib/gcc/nios2-elf/4.1.2/../../../../nios2-elf/lib/mno-hw-mul/pg/libc.a(lib_a-memmove.o)
 .bss           0x01035e58        0x0 /opt/altera/13.0sp1/nios2eds/bin/gnu/H-i686-pc-linux-gnu/bin/../lib/gcc/nios2-elf/4.1.2/../../../../nios2-elf/lib/mno-hw-mul/pg/libc.a(lib_a-memset.o)
 .bss           0x01035e58        0x0 /opt/altera/13.0sp1/nios2eds/bin/gnu/H-i686-pc-linux-gnu/bin/../lib/gcc/nios2-elf/4.1.2/../../../../nios2-elf/lib/mno-hw-mul/pg/libc.a(lib_a-mprec.o)
 .bss           0x01035e58        0x0 /opt/altera/13.0sp1/nios2eds/bin/gnu/H-i686-pc-linux-gnu/bin/../lib/gcc/nios2-elf/4.1.2/../../../../nios2-elf/lib/mno-hw-mul/pg/libc.a(lib_a-putc.o)
 .bss           0x01035e58        0x0 /opt/altera/13.0sp1/nios2eds/bin/gnu/H-i686-pc-linux-gnu/bin/../lib/gcc/nios2-elf/4.1.2/../../../../nios2-elf/lib/mno-hw-mul/pg/libc.a(lib_a-reallocr.o)
 .bss           0x01035e58        0x0 /opt/altera/13.0sp1/nios2eds/bin/gnu/H-i686-pc-linux-gnu/bin/../lib/gcc/nios2-elf/4.1.2/../../../../nios2-elf/lib/mno-hw-mul/pg/libc.a(lib_a-s_isinfd.o)
 .bss           0x01035e58        0x0 /opt/altera/13.0sp1/nios2eds/bin/gnu/H-i686-pc-linux-gnu/bin/../lib/gcc/nios2-elf/4.1.2/../../../../nios2-elf/lib/mno-hw-mul/pg/libc.a(lib_a-s_isnand.o)
 .bss           0x01035e58        0x0 /opt/altera/13.0sp1/nios2eds/bin/gnu/H-i686-pc-linux-gnu/bin/../lib/gcc/nios2-elf/4.1.2/../../../../nios2-elf/lib/mno-hw-mul/pg/libc.a(lib_a-sbrkr.o)
 .bss           0x01035e58        0x0 /opt/altera/13.0sp1/nios2eds/bin/gnu/H-i686-pc-linux-gnu/bin/../lib/gcc/nios2-elf/4.1.2/../../../../nios2-elf/lib/mno-hw-mul/pg/libc.a(lib_a-stdio.o)
 .bss           0x01035e58        0x0 /opt/altera/13.0sp1/nios2eds/bin/gnu/H-i686-pc-linux-gnu/bin/../lib/gcc/nios2-elf/4.1.2/../../../../nios2-elf/lib/mno-hw-mul/pg/libc.a(lib_a-strcmp.o)
 .bss           0x01035e58        0x0 /opt/altera/13.0sp1/nios2eds/bin/gnu/H-i686-pc-linux-gnu/bin/../lib/gcc/nios2-elf/4.1.2/../../../../nios2-elf/lib/mno-hw-mul/pg/libc.a(lib_a-wbuf.o)
 .bss           0x01035e58        0x0 /opt/altera/13.0sp1/nios2eds/bin/gnu/H-i686-pc-linux-gnu/bin/../lib/gcc/nios2-elf/4.1.2/../../../../nios2-elf/lib/mno-hw-mul/pg/libc.a(lib_a-writer.o)
 .bss           0x01035e58        0x0 /opt/altera/13.0sp1/nios2eds/bin/gnu/H-i686-pc-linux-gnu/bin/../lib/gcc/nios2-elf/4.1.2/../../../../nios2-elf/lib/mno-hw-mul/pg/libc.a(lib_a-callocr.o)
 .bss           0x01035e58        0x0 /opt/altera/13.0sp1/nios2eds/bin/gnu/H-i686-pc-linux-gnu/bin/../lib/gcc/nios2-elf/4.1.2/../../../../nios2-elf/lib/mno-hw-mul/pg/libc.a(lib_a-closer.o)
 .bss           0x01035e58        0x0 /opt/altera/13.0sp1/nios2eds/bin/gnu/H-i686-pc-linux-gnu/bin/../lib/gcc/nios2-elf/4.1.2/../../../../nios2-elf/lib/mno-hw-mul/pg/libc.a(lib_a-fclose.o)
 .bss           0x01035e58        0x0 /opt/altera/13.0sp1/nios2eds/bin/gnu/H-i686-pc-linux-gnu/bin/../lib/gcc/nios2-elf/4.1.2/../../../../nios2-elf/lib/mno-hw-mul/pg/libc.a(lib_a-fstatr.o)
 .bss           0x01035e58        0x0 /opt/altera/13.0sp1/nios2eds/bin/gnu/H-i686-pc-linux-gnu/bin/../lib/gcc/nios2-elf/4.1.2/../../../../nios2-elf/lib/mno-hw-mul/pg/libc.a(lib_a-int_errno.o)
 .bss           0x01035e58        0x0 /opt/altera/13.0sp1/nios2eds/bin/gnu/H-i686-pc-linux-gnu/bin/../lib/gcc/nios2-elf/4.1.2/../../../../nios2-elf/lib/mno-hw-mul/pg/libc.a(lib_a-isattyr.o)
 .bss           0x01035e58        0x0 /opt/altera/13.0sp1/nios2eds/bin/gnu/H-i686-pc-linux-gnu/bin/../lib/gcc/nios2-elf/4.1.2/../../../../nios2-elf/lib/mno-hw-mul/pg/libc.a(lib_a-lseekr.o)
 .bss           0x01035e58        0x0 /opt/altera/13.0sp1/nios2eds/bin/gnu/H-i686-pc-linux-gnu/bin/../lib/gcc/nios2-elf/4.1.2/../../../../nios2-elf/lib/mno-hw-mul/pg/libc.a(lib_a-readr.o)
 .bss           0x01035e58        0x0 /opt/altera/13.0sp1/nios2eds/bin/gnu/H-i686-pc-linux-gnu/bin/../lib/gcc/nios2-elf/4.1.2/mno-hw-mul/pg/libgcc.a(_udivdi3.o)
 .bss           0x01035e58        0x0 /opt/altera/13.0sp1/nios2eds/bin/gnu/H-i686-pc-linux-gnu/bin/../lib/gcc/nios2-elf/4.1.2/mno-hw-mul/pg/libgcc.a(_umoddi3.o)
 .bss           0x01035e58        0x0 /opt/altera/13.0sp1/nios2eds/bin/gnu/H-i686-pc-linux-gnu/bin/../lib/gcc/nios2-elf/4.1.2/mno-hw-mul/pg/libgcc.a(_eq_df.o)
 .bss           0x01035e58        0x0 /opt/altera/13.0sp1/nios2eds/bin/gnu/H-i686-pc-linux-gnu/bin/../lib/gcc/nios2-elf/4.1.2/mno-hw-mul/pg/libgcc.a(_ne_df.o)
 .bss           0x01035e58        0x0 /opt/altera/13.0sp1/nios2eds/bin/gnu/H-i686-pc-linux-gnu/bin/../lib/gcc/nios2-elf/4.1.2/mno-hw-mul/pg/libgcc.a(_gt_df.o)
 .bss           0x01035e58        0x0 /opt/altera/13.0sp1/nios2eds/bin/gnu/H-i686-pc-linux-gnu/bin/../lib/gcc/nios2-elf/4.1.2/mno-hw-mul/pg/libgcc.a(_ge_df.o)
 .bss           0x01035e58        0x0 /opt/altera/13.0sp1/nios2eds/bin/gnu/H-i686-pc-linux-gnu/bin/../lib/gcc/nios2-elf/4.1.2/mno-hw-mul/pg/libgcc.a(_lt_df.o)
 .bss           0x01035e58        0x0 /opt/altera/13.0sp1/nios2eds/bin/gnu/H-i686-pc-linux-gnu/bin/../lib/gcc/nios2-elf/4.1.2/mno-hw-mul/pg/libgcc.a(_si_to_df.o)
 .bss           0x01035e58        0x0 /opt/altera/13.0sp1/nios2eds/bin/gnu/H-i686-pc-linux-gnu/bin/../lib/gcc/nios2-elf/4.1.2/mno-hw-mul/pg/libgcc.a(_df_to_si.o)
 .bss           0x01035e58        0x0 /opt/altera/13.0sp1/nios2eds/bin/gnu/H-i686-pc-linux-gnu/bin/../lib/gcc/nios2-elf/4.1.2/mno-hw-mul/pg/libgcc.a(_fpcmp_parts_df.o)
 .bss           0x01035e58        0x0 ../il2212-rtos_bsp//libucosii_bsp.a(alt_alarm_start.o)
 .bss           0x01035e58        0x0 ../il2212-rtos_bsp//libucosii_bsp.a(alt_close.o)
 .bss           0x01035e58        0x0 ../il2212-rtos_bsp//libucosii_bsp.a(alt_dev.o)
 .bss           0x01035e58        0x0 ../il2212-rtos_bsp//libucosii_bsp.a(alt_errno.o)
 .bss           0x01035e58        0x0 ../il2212-rtos_bsp//libucosii_bsp.a(alt_fstat.o)
 .bss           0x01035e58        0x0 ../il2212-rtos_bsp//libucosii_bsp.a(alt_isatty.o)
 .bss           0x01035e58        0x0 ../il2212-rtos_bsp//libucosii_bsp.a(alt_load.o)
 .bss           0x01035e58        0x0 ../il2212-rtos_bsp//libucosii_bsp.a(alt_lseek.o)
 .bss           0x01035e58        0x0 ../il2212-rtos_bsp//libucosii_bsp.a(alt_main.o)
 .bss           0x01035e58        0x0 ../il2212-rtos_bsp//libucosii_bsp.a(alt_mcount.o)
 .bss           0x01035e58        0x0 ../il2212-rtos_bsp//libucosii_bsp.a(alt_read.o)
 .bss           0x01035e58        0x0 ../il2212-rtos_bsp//libucosii_bsp.a(alt_release_fd.o)
 .bss           0x01035e58        0x0 ../il2212-rtos_bsp//libucosii_bsp.a(alt_sbrk.o)
 .bss           0x01035e58        0x0 ../il2212-rtos_bsp//libucosii_bsp.a(alt_tick.o)
 .bss           0x01035e58        0x0 ../il2212-rtos_bsp//libucosii_bsp.a(alt_write.o)
 .bss           0x01035e58        0x0 ../il2212-rtos_bsp//libucosii_bsp.a(alt_env_lock.o)
 .bss           0x01035e58        0x0 ../il2212-rtos_bsp//libucosii_bsp.a(alt_malloc_lock.o)
 .bss           0x01035e58        0x0 ../il2212-rtos_bsp//libucosii_bsp.a(os_core.o)
 .bss           0x01035e58        0x0 ../il2212-rtos_bsp//libucosii_bsp.a(os_dbg.o)
 .bss           0x01035e58        0x0 ../il2212-rtos_bsp//libucosii_bsp.a(os_flag.o)
 .bss           0x01035e58        0x0 ../il2212-rtos_bsp//libucosii_bsp.a(os_mem.o)
 .bss           0x01035e58        0x0 ../il2212-rtos_bsp//libucosii_bsp.a(os_q.o)
 .bss           0x01035e58        0x0 ../il2212-rtos_bsp//libucosii_bsp.a(os_sem.o)
 .bss           0x01035e58        0x0 ../il2212-rtos_bsp//libucosii_bsp.a(os_task.o)
 .bss           0x01035e58        0x0 ../il2212-rtos_bsp//libucosii_bsp.a(os_time.o)
 .bss           0x01035e58        0x0 ../il2212-rtos_bsp//libucosii_bsp.a(os_tmr.o)
 .bss           0x01035e58        0x0 ../il2212-rtos_bsp//libucosii_bsp.a(alt_sys_init.o)
 .bss           0x01035e58        0x0 ../il2212-rtos_bsp//libucosii_bsp.a(altera_avalon_jtag_uart_fd.o)
 .bss           0x01035e58        0x0 ../il2212-rtos_bsp//libucosii_bsp.a(altera_avalon_jtag_uart_init.o)
 .bss           0x01035e58        0x0 ../il2212-rtos_bsp//libucosii_bsp.a(altera_avalon_jtag_uart_ioctl.o)
 .bss           0x01035e58        0x0 ../il2212-rtos_bsp//libucosii_bsp.a(altera_avalon_jtag_uart_read.o)
 .bss           0x01035e58        0x0 ../il2212-rtos_bsp//libucosii_bsp.a(altera_avalon_jtag_uart_write.o)
 .bss           0x01035e58        0x0 ../il2212-rtos_bsp//libucosii_bsp.a(altera_avalon_mutex.o)
 .bss           0x01035e58        0x0 ../il2212-rtos_bsp//libucosii_bsp.a(altera_avalon_performance_counter.o)
 .bss           0x01035e58        0x0 ../il2212-rtos_bsp//libucosii_bsp.a(altera_avalon_timer_sc.o)
 .bss           0x01035e58        0x0 ../il2212-rtos_bsp//libucosii_bsp.a(altera_avalon_timer_vars.o)
 .bss           0x01035e58        0x0 ../il2212-rtos_bsp//libucosii_bsp.a(perf_print_formatted_report.o)
 .bss           0x01035e58        0x0 ../il2212-rtos_bsp//libucosii_bsp.a(alt_dcache_flush_all.o)
 .bss           0x01035e58        0x0 ../il2212-rtos_bsp//libucosii_bsp.a(alt_dev_llist_insert.o)
 .bss           0x01035e58        0x0 ../il2212-rtos_bsp//libucosii_bsp.a(alt_do_ctors.o)
 .bss           0x01035e58        0x0 ../il2212-rtos_bsp//libucosii_bsp.a(alt_do_dtors.o)
 .bss           0x01035e58        0x0 ../il2212-rtos_bsp//libucosii_bsp.a(alt_find_dev.o)
 .bss           0x01035e58       0x18 ../il2212-rtos_bsp//libucosii_bsp.a(alt_gmon.o)
 .bss           0x01035e70        0x0 ../il2212-rtos_bsp//libucosii_bsp.a(alt_icache_flush_all.o)
 .bss           0x01035e70        0x0 ../il2212-rtos_bsp//libucosii_bsp.a(alt_io_redirect.o)
 .bss           0x01035e70        0x0 ../il2212-rtos_bsp//libucosii_bsp.a(alt_irq_register.o)
 .bss           0x01035e70        0x0 ../il2212-rtos_bsp//libucosii_bsp.a(alt_irq_vars.o)
 .bss           0x01035e70        0x0 ../il2212-rtos_bsp//libucosii_bsp.a(alt_open.o)
 .bss           0x01035e70        0x0 ../il2212-rtos_bsp//libucosii_bsp.a(altera_nios2_qsys_irq.o)
 .bss           0x01035e70        0x0 ../il2212-rtos_bsp//libucosii_bsp.a(os_cpu_a.o)
 .bss           0x01035e70        0x0 ../il2212-rtos_bsp//libucosii_bsp.a(os_cpu_c.o)
 .bss           0x01035e70        0x0 ../il2212-rtos_bsp//libucosii_bsp.a(alt_find_file.o)
 .bss           0x01035e70        0x0 ../il2212-rtos_bsp//libucosii_bsp.a(alt_get_fd.o)
 .bss           0x01035e70        0x0 ../il2212-rtos_bsp//libucosii_bsp.a(alt_irq_entry.o)
 .bss           0x01035e70        0x0 ../il2212-rtos_bsp//libucosii_bsp.a(alt_irq_handler.o)
 .bss           0x01035e70        0x0 ../il2212-rtos_bsp//libucosii_bsp.a(alt_exception_entry.o)
 .bss           0x01035e70        0x0 /opt/altera/13.0sp1/nios2eds/bin/gnu/H-i686-pc-linux-gnu/bin/../lib/gcc/nios2-elf/4.1.2/../../../../nios2-elf/lib/mno-hw-mul/pg/libc.a(lib_a-atexit.o)
 .bss           0x01035e70        0x0 /opt/altera/13.0sp1/nios2eds/bin/gnu/H-i686-pc-linux-gnu/bin/../lib/gcc/nios2-elf/4.1.2/../../../../nios2-elf/lib/mno-hw-mul/pg/libc.a(lib_a-exit.o)
 .bss           0x01035e70        0x0 /opt/altera/13.0sp1/nios2eds/bin/gnu/H-i686-pc-linux-gnu/bin/../lib/gcc/nios2-elf/4.1.2/../../../../nios2-elf/lib/mno-hw-mul/pg/libc.a(lib_a-memcmp.o)
 .bss           0x01035e70        0x0 /opt/altera/13.0sp1/nios2eds/bin/gnu/H-i686-pc-linux-gnu/bin/../lib/gcc/nios2-elf/4.1.2/../../../../nios2-elf/lib/mno-hw-mul/pg/libc.a(lib_a-__atexit.o)
 .bss           0x01035e70        0x0 /opt/altera/13.0sp1/nios2eds/bin/gnu/H-i686-pc-linux-gnu/bin/../lib/gcc/nios2-elf/4.1.2/../../../../nios2-elf/lib/mno-hw-mul/pg/libc.a(lib_a-__call_atexit.o)
 .bss           0x01035e70        0x0 /opt/altera/13.0sp1/nios2eds/bin/gnu/H-i686-pc-linux-gnu/bin/../lib/gcc/nios2-elf/4.1.2/mno-hw-mul/pg/libgcc.a(_fixunsdfsi.o)
 .bss           0x01035e70        0x0 ../il2212-rtos_bsp//libucosii_bsp.a(alt_exit.o)
 *(COMMON)
 COMMON         0x01035e70    0x10000 obj/default/cpu_0.o
                0x01035e70                task1_stk
                0x01037e70                xCorr2Task_stk
                0x01039e70                GrayTask_stk
                0x0103be70                CropTask_stk
                0x0103de70                StartTask_Stack
                0x0103fe70                ObjectPosTask_stk
                0x01041e70                PosMaxTask_stk
                0x01043e70                CalcCoordTask_stk
 COMMON         0x01045e70     0x3d74 ../il2212-rtos_bsp//libucosii_bsp.a(os_core.o)
                0x01045e70                OSTmrWheelTbl
                0x01045e80                OSFlagTbl
                0x010461f0                OSTmrTbl
                0x01046530                OSMemTbl
                0x01047160                OSTaskStatStk
                0x01047960                OSQTbl
                0x01047b40                OSTmrTaskStk
                0x01048340                OSTaskIdleStk
                0x01048b40                OSEventTbl
                0x01049680                OSTCBTbl
                0x01049b90                OSTCBPrioTbl
 COMMON         0x01049be4      0x100 ../il2212-rtos_bsp//libucosii_bsp.a(alt_gmon.o)
                0x01049be4                __mcount_fn_head
 COMMON         0x01049ce4      0x100 ../il2212-rtos_bsp//libucosii_bsp.a(alt_irq_handler.o)
                0x01049ce4                alt_irq
 COMMON         0x01049de4      0x190 /opt/altera/13.0sp1/nios2eds/bin/gnu/H-i686-pc-linux-gnu/bin/../lib/gcc/nios2-elf/4.1.2/../../../../nios2-elf/lib/mno-hw-mul/pg/libc.a(lib_a-atexit.o)
                0x01049de4                _atexit0
                0x01049f74                . = ALIGN (0x4)
                0x01049f74                __bss_end = ABSOLUTE (.)

.sram           0x000801cc        0x0 load address 0x01049f74
                0x000801cc                PROVIDE (_alt_partition_sram_start, ABSOLUTE (.))
 *(.sram. sram.*)
                0x000801cc                . = ALIGN (0x4)
                0x000801cc                PROVIDE (_alt_partition_sram_end, ABSOLUTE (.))
                0x01049f74                PROVIDE (_alt_partition_sram_load_addr, LOADADDR (.sram))

.shared_onchip  0x00102000        0x0 load address 0x01049f74
                0x00102000                PROVIDE (_alt_partition_shared_onchip_start, ABSOLUTE (.))
 *(.shared_onchip. shared_onchip.*)
                0x00102000                . = ALIGN (0x4)
                0x00102000                PROVIDE (_alt_partition_shared_onchip_end, ABSOLUTE (.))
                0x01049f74                PROVIDE (_alt_partition_shared_onchip_load_addr, LOADADDR (.shared_onchip))

.sdram          0x01049f74        0x0
                0x01049f74                PROVIDE (_alt_partition_sdram_start, ABSOLUTE (.))
 *(.sdram. sdram.*)
                0x01049f74                . = ALIGN (0x4)
                0x01049f74                PROVIDE (_alt_partition_sdram_end, ABSOLUTE (.))
                0x01049f74                _end = ABSOLUTE (.)
                0x01049f74                end = ABSOLUTE (.)