Archive member included because of file (symbol)

/opt/altera/13.0sp1/nios2eds/bin/gnu/H-i686-pc-linux-gnu/bin/../lib/gcc/nios2-elf/4.1.2/mno-hw-mul/libgcc.a(_muldi3.o)
                              obj/default/cpu_0.o (__muldi3)
/opt/altera/13.0sp1/nios2eds/bin/gnu/H-i686-pc-linux-gnu/bin/../lib/gcc/nios2-elf/4.1.2/mno-hw-mul/libgcc.a(_fixunsdfsi.o)
                              obj/default/cpu_0.o (__fixunsdfsi)
/opt/altera/13.0sp1/nios2eds/bin/gnu/H-i686-pc-linux-gnu/bin/../lib/gcc/nios2-elf/4.1.2/mno-hw-mul/libgcc.a(_floatundidf.o)
                              obj/default/cpu_0.o (__floatundidf)
/opt/altera/13.0sp1/nios2eds/bin/gnu/H-i686-pc-linux-gnu/bin/../lib/gcc/nios2-elf/4.1.2/mno-hw-mul/libgcc.a(_addsub_df.o)
                              /opt/altera/13.0sp1/nios2eds/bin/gnu/H-i686-pc-linux-gnu/bin/../lib/gcc/nios2-elf/4.1.2/mno-hw-mul/libgcc.a(_fixunsdfsi.o) (__subdf3)
/opt/altera/13.0sp1/nios2eds/bin/gnu/H-i686-pc-linux-gnu/bin/../lib/gcc/nios2-elf/4.1.2/mno-hw-mul/libgcc.a(_mul_df.o)
                              obj/default/cpu_0.o (__muldf3)
/opt/altera/13.0sp1/nios2eds/bin/gnu/H-i686-pc-linux-gnu/bin/../lib/gcc/nios2-elf/4.1.2/mno-hw-mul/libgcc.a(_div_df.o)
                              obj/default/cpu_0.o (__divdf3)
/opt/altera/13.0sp1/nios2eds/bin/gnu/H-i686-pc-linux-gnu/bin/../lib/gcc/nios2-elf/4.1.2/mno-hw-mul/libgcc.a(_gt_df.o)
                              obj/default/cpu_0.o (__gtdf2)
/opt/altera/13.0sp1/nios2eds/bin/gnu/H-i686-pc-linux-gnu/bin/../lib/gcc/nios2-elf/4.1.2/mno-hw-mul/libgcc.a(_ge_df.o)
                              /opt/altera/13.0sp1/nios2eds/bin/gnu/H-i686-pc-linux-gnu/bin/../lib/gcc/nios2-elf/4.1.2/mno-hw-mul/libgcc.a(_fixunsdfsi.o) (__gedf2)
/opt/altera/13.0sp1/nios2eds/bin/gnu/H-i686-pc-linux-gnu/bin/../lib/gcc/nios2-elf/4.1.2/mno-hw-mul/libgcc.a(_si_to_df.o)
                              obj/default/cpu_0.o (__floatsidf)
/opt/altera/13.0sp1/nios2eds/bin/gnu/H-i686-pc-linux-gnu/bin/../lib/gcc/nios2-elf/4.1.2/mno-hw-mul/libgcc.a(_df_to_si.o)
                              /opt/altera/13.0sp1/nios2eds/bin/gnu/H-i686-pc-linux-gnu/bin/../lib/gcc/nios2-elf/4.1.2/mno-hw-mul/libgcc.a(_fixunsdfsi.o) (__fixdfsi)
/opt/altera/13.0sp1/nios2eds/bin/gnu/H-i686-pc-linux-gnu/bin/../lib/gcc/nios2-elf/4.1.2/mno-hw-mul/libgcc.a(_thenan_df.o)
                              /opt/altera/13.0sp1/nios2eds/bin/gnu/H-i686-pc-linux-gnu/bin/../lib/gcc/nios2-elf/4.1.2/mno-hw-mul/libgcc.a(_addsub_df.o) (__thenan_df)
/opt/altera/13.0sp1/nios2eds/bin/gnu/H-i686-pc-linux-gnu/bin/../lib/gcc/nios2-elf/4.1.2/mno-hw-mul/libgcc.a(_usi_to_df.o)
                              obj/default/cpu_0.o (__floatunsidf)
/opt/altera/13.0sp1/nios2eds/bin/gnu/H-i686-pc-linux-gnu/bin/../lib/gcc/nios2-elf/4.1.2/mno-hw-mul/libgcc.a(lib2-divmod.o)
                              obj/default/cpu_0.o (__divsi3)
/opt/altera/13.0sp1/nios2eds/bin/gnu/H-i686-pc-linux-gnu/bin/../lib/gcc/nios2-elf/4.1.2/mno-hw-mul/libgcc.a(lib2-mul.o)
                              obj/default/cpu_0.o (__mulsi3)
/opt/altera/13.0sp1/nios2eds/bin/gnu/H-i686-pc-linux-gnu/bin/../lib/gcc/nios2-elf/4.1.2/mno-hw-mul/libgcc.a(_clzsi2.o)
                              /opt/altera/13.0sp1/nios2eds/bin/gnu/H-i686-pc-linux-gnu/bin/../lib/gcc/nios2-elf/4.1.2/mno-hw-mul/libgcc.a(_si_to_df.o) (__clzsi2)
/opt/altera/13.0sp1/nios2eds/bin/gnu/H-i686-pc-linux-gnu/bin/../lib/gcc/nios2-elf/4.1.2/mno-hw-mul/libgcc.a(_pack_df.o)
                              /opt/altera/13.0sp1/nios2eds/bin/gnu/H-i686-pc-linux-gnu/bin/../lib/gcc/nios2-elf/4.1.2/mno-hw-mul/libgcc.a(_addsub_df.o) (__pack_d)
/opt/altera/13.0sp1/nios2eds/bin/gnu/H-i686-pc-linux-gnu/bin/../lib/gcc/nios2-elf/4.1.2/mno-hw-mul/libgcc.a(_unpack_df.o)
                              /opt/altera/13.0sp1/nios2eds/bin/gnu/H-i686-pc-linux-gnu/bin/../lib/gcc/nios2-elf/4.1.2/mno-hw-mul/libgcc.a(_addsub_df.o) (__unpack_d)
/opt/altera/13.0sp1/nios2eds/bin/gnu/H-i686-pc-linux-gnu/bin/../lib/gcc/nios2-elf/4.1.2/mno-hw-mul/libgcc.a(_fpcmp_parts_df.o)
                              /opt/altera/13.0sp1/nios2eds/bin/gnu/H-i686-pc-linux-gnu/bin/../lib/gcc/nios2-elf/4.1.2/mno-hw-mul/libgcc.a(_gt_df.o) (__fpcmp_parts_d)
/opt/altera/13.0sp1/nios2eds/bin/gnu/H-i686-pc-linux-gnu/bin/../lib/gcc/nios2-elf/4.1.2/mno-hw-mul/libgcc.a(_clz.o)
                              /opt/altera/13.0sp1/nios2eds/bin/gnu/H-i686-pc-linux-gnu/bin/../lib/gcc/nios2-elf/4.1.2/mno-hw-mul/libgcc.a(_clzsi2.o) (__clz_tab)
/opt/altera/13.0sp1/nios2eds/bin/gnu/H-i686-pc-linux-gnu/bin/../lib/gcc/nios2-elf/4.1.2/../../../../nios2-elf/lib/mno-hw-mul/libc.a(lib_a-printf.o)
                              obj/default/cpu_0.o (printf)
/opt/altera/13.0sp1/nios2eds/bin/gnu/H-i686-pc-linux-gnu/bin/../lib/gcc/nios2-elf/4.1.2/../../../../nios2-elf/lib/mno-hw-mul/libc.a(lib_a-putchar.o)
                              obj/default/cpu_0.o (putchar)
[...]
Memory Configuration

Name             Origin             Length             Attributes
reset            0x00080000         0x00000020
sram             0x00080020         0x0007ffe0
shared_onchip    0x00102000         0x00002000
sdram            0x01000000         0x00800000
*default*        0x00000000         0xffffffff

Linker script and memory map

LOAD ../singlertos2_bsp//obj/HAL/src/crt0.o
LOAD obj/default/cpu_0.o
LOAD obj/default/delay_asm.o
LOAD /opt/altera/13.0sp1/nios2eds/bin/gnu/H-i686-pc-linux-gnu/bin/../lib/gcc/nios2-elf/4.1.2/../../../../nios2-elf/lib/mno-hw-mul/libstdc++.a
LOAD /opt/altera/13.0sp1/nios2eds/bin/gnu/H-i686-pc-linux-gnu/bin/../lib/gcc/nios2-elf/4.1.2/../../../../nios2-elf/lib/mno-hw-mul/libm.a
LOAD /opt/altera/13.0sp1/nios2eds/bin/gnu/H-i686-pc-linux-gnu/bin/../lib/gcc/nios2-elf/4.1.2/mno-hw-mul/libgcc.a
START GROUP
LOAD /opt/altera/13.0sp1/nios2eds/bin/gnu/H-i686-pc-linux-gnu/bin/../lib/gcc/nios2-elf/4.1.2/../../../../nios2-elf/lib/mno-hw-mul/libc.a
LOAD /opt/altera/13.0sp1/nios2eds/bin/gnu/H-i686-pc-linux-gnu/bin/../lib/gcc/nios2-elf/4.1.2/mno-hw-mul/libgcc.a
LOAD ../singlertos2_bsp//libucosii_bsp.a
END GROUP
LOAD /opt/altera/13.0sp1/nios2eds/bin/gnu/H-i686-pc-linux-gnu/bin/../lib/gcc/nios2-elf/4.1.2/mno-hw-mul/libgcc.a
                0x00080000                __alt_mem_sram = 0x80000
                0x00102000                __alt_mem_shared_onchip = 0x102000
                0x01000000                __alt_mem_sdram = 0x1000000

.entry          0x00080000       0x20
 *(.entry)
 .entry         0x00080000       0x20 ../singlertos2_bsp//obj/HAL/src/crt0.o
                0x00080000                __reset

.exceptions     0x00080020      0x1a0 load address 0x01000000
                0x00080020                PROVIDE (__ram_exceptions_start, ABSOLUTE (.))
                0x00080020                . = ALIGN (0x20)
 *(.irq)
 *(.exceptions.entry.label)
 .exceptions.entry.label
                0x00080020        0x0 ../singlertos2_bsp//libucosii_bsp.a(alt_irq_entry.o)
                0x00080020                alt_irq_entry
 .exceptions.entry.label
                0x00080020        0x0 ../singlertos2_bsp//libucosii_bsp.a(alt_exception_entry.o)
                0x00080020                alt_exception
 *(.exceptions.entry.user)
 *(.exceptions.entry)
 .exceptions.entry
                0x00080020       0x54 ../singlertos2_bsp//libucosii_bsp.a(alt_exception_entry.o)
 *(.exceptions.irqtest.user)
 *(.exceptions.irqtest)
 .exceptions.irqtest
                0x00080074       0x10 ../singlertos2_bsp//libucosii_bsp.a(alt_irq_entry.o)
 *(.exceptions.irqhandler.user)
 *(.exceptions.irqhandler)
 .exceptions.irqhandler
                0x00080084        0x4 ../singlertos2_bsp//libucosii_bsp.a(alt_irq_entry.o)
 *(.exceptions.irqreturn.user)
 *(.exceptions.irqreturn)
 .exceptions.irqreturn
                0x00080088        0x4 ../singlertos2_bsp//libucosii_bsp.a(alt_irq_entry.o)
 *(.exceptions.notirq.label)
 .exceptions.notirq.label
                0x0008008c        0x0 ../singlertos2_bsp//libucosii_bsp.a(alt_irq_entry.o)
 *(.exceptions.notirq.user)
 *(.exceptions.notirq)
 .exceptions.notirq
                0x0008008c        0x8 ../singlertos2_bsp//libucosii_bsp.a(alt_exception_entry.o)
 *(.exceptions.soft.user)
 *(.exceptions.soft)
 *(.exceptions.unknown.user)
 *(.exceptions.unknown)
 .exceptions.unknown
                0x00080094        0x4 ../singlertos2_bsp//libucosii_bsp.a(alt_exception_entry.o)
 *(.exceptions.exit.label)
 .exceptions.exit.label
                0x00080098        0x0 ../singlertos2_bsp//libucosii_bsp.a(alt_irq_entry.o)
 .exceptions.exit.label
                0x00080098        0x0 ../singlertos2_bsp//libucosii_bsp.a(alt_exception_entry.o)
 *(.exceptions.exit.user)
 *(.exceptions.exit)
 .exceptions.exit
                0x00080098       0x54 ../singlertos2_bsp//libucosii_bsp.a(alt_exception_entry.o)
 *(.exceptions)
 .exceptions    0x000800ec       0xd4 ../singlertos2_bsp//libucosii_bsp.a(alt_irq_handler.o)
                0x000800ec                alt_irq_handler
                0x000801c0                PROVIDE (__ram_exceptions_end, ABSOLUTE (.))
                0x01000000                PROVIDE (__flash_exceptions_start, LOADADDR (.exceptions))

.text           0x010001a0    0x18a58
                0x010001a0                PROVIDE (stext, ABSOLUTE (.))
 *(.interp)
 *(.hash)
 *(.dynsym)
 *(.dynstr)
 *(.gnu.version)
 *(.gnu.version_d)
 *(.gnu.version_r)
 *(.rel.init)
 *(.rela.init)
 *(.rel.text .rel.text.* .rel.gnu.linkonce.t.*)
 *(.rela.text .rela.text.* .rela.gnu.linkonce.t.*)
 *(.rel.fini)
 *(.rela.fini)
 *(.rel.rodata .rel.rodata.* .rel.gnu.linkonce.r.*)
 *(.rela.rodata .rela.rodata.* .rela.gnu.linkonce.r.*)
 *(.rel.data .rel.data.* .rel.gnu.linkonce.d.*)
 *(.rela.data .rela.data.* .rela.gnu.linkonce.d.*)
 *(.rel.tdata .rel.tdata.* .rel.gnu.linkonce.td.*)
 *(.rela.tdata .rela.tdata.* .rela.gnu.linkonce.td.*)
 *(.rel.tbss .rel.tbss.* .rel.gnu.linkonce.tb.*)
 *(.rela.tbss .rela.tbss.* .rela.gnu.linkonce.tb.*)
 *(.rel.ctors)
 *(.rela.ctors)
 *(.rel.dtors)
 *(.rela.dtors)
 *(.rel.got)
 *(.rela.got)
 *(.rel.sdata .rel.sdata.* .rel.gnu.linkonce.s.*)
 *(.rela.sdata .rela.sdata.* .rela.gnu.linkonce.s.*)
 *(.rel.sbss .rel.sbss.* .rel.gnu.linkonce.sb.*)
 *(.rela.sbss .rela.sbss.* .rela.gnu.linkonce.sb.*)
 *(.rel.sdata2 .rel.sdata2.* .rel.gnu.linkonce.s2.*)
 *(.rela.sdata2 .rela.sdata2.* .rela.gnu.linkonce.s2.*)
 *(.rel.sbss2 .rel.sbss2.* .rel.gnu.linkonce.sb2.*)
 *(.rela.sbss2 .rela.sbss2.* .rela.gnu.linkonce.sb2.*)
 *(.rel.bss .rel.bss.* .rel.gnu.linkonce.b.*)
 *(.rela.bss .rela.bss.* .rela.gnu.linkonce.b.*)
 *(.rel.plt)
 *(.rela.plt)
 *(.rel.dyn)
 *(.init)
 *(.plt)
 *(.text .stub .text.* .gnu.linkonce.t.*)
 .text          0x010001a0       0x3c ../singlertos2_bsp//obj/HAL/src/crt0.o
                0x010001a0                _start
 .text          0x010001dc     0x1634 obj/default/cpu_0.o
                0x010001dc                printAscii
                0x010002e4                printAsciiHidden
                0x010004a0                sram2sm_p3
                0x01000560                grayscale
                0x0100077c                getImage
                0x01000ac0                getRowsMatrix
                0x01000ae0                getColumnsMatrix
                0x01000b00                crop
                0x01000c14                delay
                0x01000ca0                calcCoord
                0x01000d74                xcorr2
                0x010010cc                posMax
                0x010011f8                objectPos
                0x01001264                resetArray
                0x01001304                alarm_handler
                0x01001334                Task1TmrCallback
                0x01001368                task1
                0x010015c4                StartTask
                0x01001754                main
 .text          0x01001810       0x20 obj/default/delay_asm.o
                0x01001810                delay1
 .text          0x01001830      0x124 /opt/altera/13.0sp1/nios2eds/bin/gnu/H-i686-pc-linux-gnu/bin/../lib/gcc/nios2-elf/4.1.2/mno-hw-mul/libgcc.a(_muldi3.o)
                0x01001830                __muldi3
 .text          0x01001954       0xa4 /opt/altera/13.0sp1/nios2eds/bin/gnu/H-i686-pc-linux-gnu/bin/../lib/gcc/nios2-elf/4.1.2/mno-hw-mul/libgcc.a(_fixunsdfsi.o)
                0x01001954                __fixunsdfsi
 .text          0x010019f8       0x88 /opt/altera/13.0sp1/nios2eds/bin/gnu/H-i686-pc-linux-gnu/bin/../lib/gcc/nios2-elf/4.1.2/mno-hw-mul/libgcc.a(_floatundidf.o)
                0x010019f8                __floatundidf
 .text          0x01001a80      0x504 /opt/altera/13.0sp1/nios2eds/bin/gnu/H-i686-pc-linux-gnu/bin/../lib/gcc/nios2-elf/4.1.2/mno-hw-mul/libgcc.a(_addsub_df.o)
                0x01001e90                __subdf3
                0x01001f10                __adddf3
 .text          0x01001f84      0x3c4 /opt/altera/13.0sp1/nios2eds/bin/gnu/H-i686-pc-linux-gnu/bin/../lib/gcc/nios2-elf/4.1.2/mno-hw-mul/libgcc.a(_mul_df.o)
                0x01001f84                __muldf3
 .text          0x01002348      0x258 /opt/altera/13.0sp1/nios2eds/bin/gnu/H-i686-pc-linux-gnu/bin/../lib/gcc/nios2-elf/4.1.2/mno-hw-mul/libgcc.a(_div_df.o)
                0x01002348                __divdf3
 .text          0x010025a0       0x88 /opt/altera/13.0sp1/nios2eds/bin/gnu/H-i686-pc-linux-gnu/bin/../lib/gcc/nios2-elf/4.1.2/mno-hw-mul/libgcc.a(_gt_df.o)
                0x010025a0                __gtdf2
 .text          0x01002628       0x88 /opt/altera/13.0sp1/nios2eds/bin/gnu/H-i686-pc-linux-gnu/bin/../lib/gcc/nios2-elf/4.1.2/mno-hw-mul/libgcc.a(_ge_df.o)
                0x01002628                __gedf2
 .text          0x010026b0       0xf8 /opt/altera/13.0sp1/nios2eds/bin/gnu/H-i686-pc-linux-gnu/bin/../lib/gcc/nios2-elf/4.1.2/mno-hw-mul/libgcc.a(_si_to_df.o)
                0x010026b0                __floatsidf
 .text          0x010027a8       0xd8 /opt/altera/13.0sp1/nios2eds/bin/gnu/H-i686-pc-linux-gnu/bin/../lib/gcc/nios2-elf/4.1.2/mno-hw-mul/libgcc.a(_df_to_si.o)
                0x010027a8                __fixdfsi
 .text          0x01002880        0x0 /opt/altera/13.0sp1/nios2eds/bin/gnu/H-i686-pc-linux-gnu/bin/../lib/gcc/nios2-elf/4.1.2/mno-hw-mul/libgcc.a(_thenan_df.o)
 .text          0x01002880      0x194 /opt/altera/13.0sp1/nios2eds/bin/gnu/H-i686-pc-linux-gnu/bin/../lib/gcc/nios2-elf/4.1.2/mno-hw-mul/libgcc.a(_usi_to_df.o)
                0x01002880                __floatunsidf
 .text          0x01002a14      0x14c /opt/altera/13.0sp1/nios2eds/bin/gnu/H-i686-pc-linux-gnu/bin/../lib/gcc/nios2-elf/4.1.2/mno-hw-mul/libgcc.a(lib2-divmod.o)
                0x01002a90                __divsi3
                0x01002af0                __modsi3
                0x01002b50                __udivsi3
                0x01002b58                __umodsi3
 .text          0x01002b60       0x38 /opt/altera/13.0sp1/nios2eds/bin/gnu/H-i686-pc-linux-gnu/bin/../lib/gcc/nios2-elf/4.1.2/mno-hw-mul/libgcc.a(lib2-mul.o)
                0x01002b60                __mulsi3
 .text          0x01002b98       0x80 /opt/altera/13.0sp1/nios2eds/bin/gnu/H-i686-pc-linux-gnu/bin/../lib/gcc/nios2-elf/4.1.2/mno-hw-mul/libgcc.a(_clzsi2.o)
                0x01002b98                __clzsi2
 .text          0x01002c18      0x314 /opt/altera/13.0sp1/nios2eds/bin/gnu/H-i686-pc-linux-gnu/bin/../lib/gcc/nios2-elf/4.1.2/mno-hw-mul/libgcc.a(_pack_df.o)
                0x01002c18                __pack_d
 .text          0x01002f2c      0x138 /opt/altera/13.0sp1/nios2eds/bin/gnu/H-i686-pc-linux-gnu/bin/../lib/gcc/nios2-elf/4.1.2/mno-hw-mul/libgcc.a(_unpack_df.o)
                0x01002f2c                __unpack_d
 .text          0x01003064       0xc8 /opt/altera/13.0sp1/nios2eds/bin/gnu/H-i686-pc-linux-gnu/bin/../lib/gcc/nios2-elf/4.1.2/mno-hw-mul/libgcc.a(_fpcmp_parts_df.o)
                0x01003064                __fpcmp_parts_d
 .text          0x0100312c        0x0 /opt/altera/13.0sp1/nios2eds/bin/gnu/H-i686-pc-linux-gnu/bin/../lib/gcc/nios2-elf/4.1.2/mno-hw-mul/libgcc.a(_clz.o)
 .text          0x0100312c       0x78 /opt/altera/13.0sp1/nios2eds/bin/gnu/H-i686-pc-linux-gnu/bin/../lib/gcc/nios2-elf/4.1.2/../../../../nios2-elf/lib/mno-hw-mul/libc.a(lib_a-printf.o)
                0x0100312c                printf
                0x01003170                _printf_r
 .text          0x010031a4       0x24 /opt/altera/13.0sp1/nios2eds/bin/gnu/H-i686-pc-linux-gnu/bin/../lib/gcc/nios2-elf/4.1.2/../../../../nios2-elf/lib/mno-hw-mul/libc.a(lib_a-putchar.o)
                0x010031a4                putchar
                0x010031c0                _putchar_r
 .text          0x010031c8       0xb4 /opt/altera/13.0sp1/nios2eds/bin/gnu/H-i686-pc-linux-gnu/bin/../lib/gcc/nios2-elf/4.1.2/../../../../nios2-elf/lib/mno-hw-mul/libc.a(lib_a-puts.o)
                0x010031c8                _puts_r
                0x01003268                puts
 .text          0x0100327c       0x74 /opt/altera/13.0sp1/nios2eds/bin/gnu/H-i686-pc-linux-gnu/bin/../lib/gcc/nios2-elf/4.1.2/../../../../nios2-elf/lib/mno-hw-mul/libc.a(lib_a-strlen.o)
                0x0100327c                strlen
 .text          0x010032f0     0x1f40 /opt/altera/13.0sp1/nios2eds/bin/gnu/H-i686-pc-linux-gnu/bin/../lib/gcc/nios2-elf/4.1.2/../../../../nios2-elf/lib/mno-hw-mul/libc.a(lib_a-vfprintf.o)
                0x01003348                ___vfprintf_internal_r
                0x0100520c                __vfprintf_internal
 .text          0x01005230      0x13c /opt/altera/13.0sp1/nios2eds/bin/gnu/H-i686-pc-linux-gnu/bin/../lib/gcc/nios2-elf/4.1.2/../../../../nios2-elf/lib/mno-hw-mul/libc.a(lib_a-wsetup.o)
                0x01005230                __swsetup_r
 .text          0x0100536c     0x17f8 /opt/altera/13.0sp1/nios2eds/bin/gnu/H-i686-pc-linux-gnu/bin/../lib/gcc/nios2-elf/4.1.2/../../../../nios2-elf/lib/mno-hw-mul/libc.a(lib_a-dtoa.o)
                0x010055b0                _dtoa_r
 .text          0x01006b64      0x230 /opt/altera/13.0sp1/nios2eds/bin/gnu/H-i686-pc-linux-gnu/bin/../lib/gcc/nios2-elf/4.1.2/../../../../nios2-elf/lib/mno-hw-mul/libc.a(lib_a-fflush.o)
                0x01006b64                _fflush_r
                0x01006d60                fflush
 .text          0x01006d94      0x2f4 /opt/altera/13.0sp1/nios2eds/bin/gnu/H-i686-pc-linux-gnu/bin/../lib/gcc/nios2-elf/4.1.2/../../../../nios2-elf/lib/mno-hw-mul/libc.a(lib_a-findfp.o)
                0x01006dec                __sfp_lock_acquire
                0x01006df0                __sfp_lock_release
                0x01006df4                __sinit_lock_acquire
                0x01006df8                __sinit_lock_release
                0x01006dfc                __sinit
                0x01006eb0                __fp_unlock_all
                0x01006ec8                __fp_lock_all
                0x01006ee0                _cleanup_r
                0x01006eec                _cleanup
                0x01006efc                __sfmoreglue
                0x01006f98                __sfp
 .text          0x01007088      0x440 /opt/altera/13.0sp1/nios2eds/bin/gnu/H-i686-pc-linux-gnu/bin/../lib/gcc/nios2-elf/4.1.2/../../../../nios2-elf/lib/mno-hw-mul/libc.a(lib_a-freer.o)
                0x01007088                _malloc_trim_r
                0x010071b4                _free_r
 .text          0x010074c8      0x49c /opt/altera/13.0sp1/nios2eds/bin/gnu/H-i686-pc-linux-gnu/bin/../lib/gcc/nios2-elf/4.1.2/../../../../nios2-elf/lib/mno-hw-mul/libc.a(lib_a-fvwrite.o)
                0x010074c8                __sfvwrite_r
 .text          0x01007964      0x180 /opt/altera/13.0sp1/nios2eds/bin/gnu/H-i686-pc-linux-gnu/bin/../lib/gcc/nios2-elf/4.1.2/../../../../nios2-elf/lib/mno-hw-mul/libc.a(lib_a-fwalk.o)
                0x01007964                _fwalk_reent
                0x01007a2c                _fwalk
 .text          0x01007ae4        0x0 /opt/altera/13.0sp1/nios2eds/bin/gnu/H-i686-pc-linux-gnu/bin/../lib/gcc/nios2-elf/4.1.2/../../../../nios2-elf/lib/mno-hw-mul/libc.a(lib_a-impure.o)
 .text          0x01007ae4       0xc4 /opt/altera/13.0sp1/nios2eds/bin/gnu/H-i686-pc-linux-gnu/bin/../lib/gcc/nios2-elf/4.1.2/../../../../nios2-elf/lib/mno-hw-mul/libc.a(lib_a-locale.o)
                0x01007ae4                __locale_charset
                0x01007aec                _localeconv_r
                0x01007af8                localeconv
                0x01007b08                _setlocale_r
                0x01007b8c                setlocale
 .text          0x01007ba8      0x194 /opt/altera/13.0sp1/nios2eds/bin/gnu/H-i686-pc-linux-gnu/bin/../lib/gcc/nios2-elf/4.1.2/../../../../nios2-elf/lib/mno-hw-mul/libc.a(lib_a-makebuf.o)
                0x01007ba8                __smakebuf_r
 .text          0x01007d3c      0x740 /opt/altera/13.0sp1/nios2eds/bin/gnu/H-i686-pc-linux-gnu/bin/../lib/gcc/nios2-elf/4.1.2/../../../../nios2-elf/lib/mno-hw-mul/libc.a(lib_a-mallocr.o)
                0x01007d3c                _malloc_r
 .text          0x0100847c       0xe4 /opt/altera/13.0sp1/nios2eds/bin/gnu/H-i686-pc-linux-gnu/bin/../lib/gcc/nios2-elf/4.1.2/../../../../nios2-elf/lib/mno-hw-mul/libc.a(lib_a-memchr.o)
                0x0100847c                memchr
 .text          0x01008560       0xa0 /opt/altera/13.0sp1/nios2eds/bin/gnu/H-i686-pc-linux-gnu/bin/../lib/gcc/nios2-elf/4.1.2/../../../../nios2-elf/lib/mno-hw-mul/libc.a(lib_a-memcpy.o)
                0x01008560                memcpy
 .text          0x01008600       0xe0 /opt/altera/13.0sp1/nios2eds/bin/gnu/H-i686-pc-linux-gnu/bin/../lib/gcc/nios2-elf/4.1.2/../../../../nios2-elf/lib/mno-hw-mul/libc.a(lib_a-memmove.o)
                0x01008600                memmove
 .text          0x010086e0       0x98 /opt/altera/13.0sp1/nios2eds/bin/gnu/H-i686-pc-linux-gnu/bin/../lib/gcc/nios2-elf/4.1.2/../../../../nios2-elf/lib/mno-hw-mul/libc.a(lib_a-memset.o)
                0x010086e0                memset
 .text          0x01008778     0x108c /opt/altera/13.0sp1/nios2eds/bin/gnu/H-i686-pc-linux-gnu/bin/../lib/gcc/nios2-elf/4.1.2/../../../../nios2-elf/lib/mno-hw-mul/libc.a(lib_a-mprec.o)
                0x01008778                _Bfree
                0x010087a0                __hi0bits
                0x01008810                __lo0bits
                0x010088d4                __mcmp
                0x01008934                __ulp
                0x010089b4                __b2d
                0x01008ad4                __ratio
                0x01008b84                _mprec_log10
                0x01008c18                __copybits
                0x01008c70                __any_on
                0x01008cf8                _Balloc
                0x01008db4                __d2b
                0x01008f30                __mdiff
                0x010090bc                __lshift
                0x01009208                __multiply
                0x0100945c                __i2b
                0x01009498                __multadd
                0x010095c4                __pow5mult
                0x010096e4                __s2b
 .text          0x01009804      0x1ec /opt/altera/13.0sp1/nios2eds/bin/gnu/H-i686-pc-linux-gnu/bin/../lib/gcc/nios2-elf/4.1.2/../../../../nios2-elf/lib/mno-hw-mul/libc.a(lib_a-putc.o)
                0x01009804                putc
                0x01009908                _putc_r
 .text          0x010099f0      0x5f4 /opt/altera/13.0sp1/nios2eds/bin/gnu/H-i686-pc-linux-gnu/bin/../lib/gcc/nios2-elf/4.1.2/../../../../nios2-elf/lib/mno-hw-mul/libc.a(lib_a-reallocr.o)
                0x010099f0                _realloc_r
 .text          0x01009fe4       0x40 /opt/altera/13.0sp1/nios2eds/bin/gnu/H-i686-pc-linux-gnu/bin/../lib/gcc/nios2-elf/4.1.2/../../../../nios2-elf/lib/mno-hw-mul/libc.a(lib_a-s_isinfd.o)
                0x01009fe4                __isinfd
 .text          0x0100a024       0x30 /opt/altera/13.0sp1/nios2eds/bin/gnu/H-i686-pc-linux-gnu/bin/../lib/gcc/nios2-elf/4.1.2/../../../../nios2-elf/lib/mno-hw-mul/libc.a(lib_a-s_isnand.o)
                0x0100a024                __isnand
 .text          0x0100a054       0x70 /opt/altera/13.0sp1/nios2eds/bin/gnu/H-i686-pc-linux-gnu/bin/../lib/gcc/nios2-elf/4.1.2/../../../../nios2-elf/lib/mno-hw-mul/libc.a(lib_a-sbrkr.o)
                0x0100a054                _sbrk_r
 .text          0x0100a0c4      0x14c /opt/altera/13.0sp1/nios2eds/bin/gnu/H-i686-pc-linux-gnu/bin/../lib/gcc/nios2-elf/4.1.2/../../../../nios2-elf/lib/mno-hw-mul/libc.a(lib_a-stdio.o)
                0x0100a0c4                __sclose
                0x0100a0cc                __sseek
                0x0100a134                __swrite
                0x0100a1b0                __sread
 .text          0x0100a210       0xbc /opt/altera/13.0sp1/nios2eds/bin/gnu/H-i686-pc-linux-gnu/bin/../lib/gcc/nios2-elf/4.1.2/../../../../nios2-elf/lib/mno-hw-mul/libc.a(lib_a-strcmp.o)
                0x0100a210                strcmp
 .text          0x0100a2cc      0x14c /opt/altera/13.0sp1/nios2eds/bin/gnu/H-i686-pc-linux-gnu/bin/../lib/gcc/nios2-elf/4.1.2/../../../../nios2-elf/lib/mno-hw-mul/libc.a(lib_a-wbuf.o)
                0x0100a2cc                __swbuf_r
                0x0100a3fc                __swbuf
 .text          0x0100a418       0x78 /opt/altera/13.0sp1/nios2eds/bin/gnu/H-i686-pc-linux-gnu/bin/../lib/gcc/nios2-elf/4.1.2/../../../../nios2-elf/lib/mno-hw-mul/libc.a(lib_a-writer.o)
                0x0100a418                _write_r
 .text          0x0100a490       0xc8 /opt/altera/13.0sp1/nios2eds/bin/gnu/H-i686-pc-linux-gnu/bin/../lib/gcc/nios2-elf/4.1.2/../../../../nios2-elf/lib/mno-hw-mul/libc.a(lib_a-callocr.o)
                0x0100a490                _calloc_r
 .text          0x0100a558       0x70 /opt/altera/13.0sp1/nios2eds/bin/gnu/H-i686-pc-linux-gnu/bin/../lib/gcc/nios2-elf/4.1.2/../../../../nios2-elf/lib/mno-hw-mul/libc.a(lib_a-closer.o)
                0x0100a558                _close_r
 .text          0x0100a5c8      0x124 /opt/altera/13.0sp1/nios2eds/bin/gnu/H-i686-pc-linux-gnu/bin/../lib/gcc/nios2-elf/4.1.2/../../../../nios2-elf/lib/mno-hw-mul/libc.a(lib_a-fclose.o)
                0x0100a5c8                _fclose_r
                0x0100a6d8                fclose
 .text          0x0100a6ec       0x74 /opt/altera/13.0sp1/nios2eds/bin/gnu/H-i686-pc-linux-gnu/bin/../lib/gcc/nios2-elf/4.1.2/../../../../nios2-elf/lib/mno-hw-mul/libc.a(lib_a-fstatr.o)
                0x0100a6ec                _fstat_r
 .text          0x0100a760        0x0 /opt/altera/13.0sp1/nios2eds/bin/gnu/H-i686-pc-linux-gnu/bin/../lib/gcc/nios2-elf/4.1.2/../../../../nios2-elf/lib/mno-hw-mul/libc.a(lib_a-int_errno.o)
 .text          0x0100a760       0x70 /opt/altera/13.0sp1/nios2eds/bin/gnu/H-i686-pc-linux-gnu/bin/../lib/gcc/nios2-elf/4.1.2/../../../../nios2-elf/lib/mno-hw-mul/libc.a(lib_a-isattyr.o)
                0x0100a760                _isatty_r
 .text          0x0100a7d0       0x78 /opt/altera/13.0sp1/nios2eds/bin/gnu/H-i686-pc-linux-gnu/bin/../lib/gcc/nios2-elf/4.1.2/../../../../nios2-elf/lib/mno-hw-mul/libc.a(lib_a-lseekr.o)
                0x0100a7d0                _lseek_r
 .text          0x0100a848       0x78 /opt/altera/13.0sp1/nios2eds/bin/gnu/H-i686-pc-linux-gnu/bin/../lib/gcc/nios2-elf/4.1.2/../../../../nios2-elf/lib/mno-hw-mul/libc.a(lib_a-readr.o)
                0x0100a848                _read_r
 .text          0x0100a8c0      0x66c /opt/altera/13.0sp1/nios2eds/bin/gnu/H-i686-pc-linux-gnu/bin/../lib/gcc/nios2-elf/4.1.2/mno-hw-mul/libgcc.a(_udivdi3.o)
                0x0100a8c0                __udivdi3
 .text          0x0100af2c      0x660 /opt/altera/13.0sp1/nios2eds/bin/gnu/H-i686-pc-linux-gnu/bin/../lib/gcc/nios2-elf/4.1.2/mno-hw-mul/libgcc.a(_umoddi3.o)
                0x0100af2c                __umoddi3
 .text          0x0100b58c       0x88 /opt/altera/13.0sp1/nios2eds/bin/gnu/H-i686-pc-linux-gnu/bin/../lib/gcc/nios2-elf/4.1.2/mno-hw-mul/libgcc.a(_eq_df.o)
                0x0100b58c                __eqdf2
 .text          0x0100b614       0x88 /opt/altera/13.0sp1/nios2eds/bin/gnu/H-i686-pc-linux-gnu/bin/../lib/gcc/nios2-elf/4.1.2/mno-hw-mul/libgcc.a(_ne_df.o)
                0x0100b614                __nedf2
 .text          0x0100b69c       0x88 /opt/altera/13.0sp1/nios2eds/bin/gnu/H-i686-pc-linux-gnu/bin/../lib/gcc/nios2-elf/4.1.2/mno-hw-mul/libgcc.a(_lt_df.o)
                0x0100b69c                __ltdf2
 .text          0x0100b724      0x154 ../singlertos2_bsp//libucosii_bsp.a(alt_alarm_start.o)
                0x0100b724                alt_alarm_start
 .text          0x0100b878      0x160 ../singlertos2_bsp//libucosii_bsp.a(alt_close.o)
                0x0100b878                close
 .text          0x0100b9d8       0x2c ../singlertos2_bsp//libucosii_bsp.a(alt_dev.o)
 .text          0x0100ba04        0x0 ../singlertos2_bsp//libucosii_bsp.a(alt_errno.o)
 .text          0x0100ba04      0x138 ../singlertos2_bsp//libucosii_bsp.a(alt_fstat.o)
                0x0100ba04                fstat
 .text          0x0100bb3c      0x124 ../singlertos2_bsp//libucosii_bsp.a(alt_isatty.o)
                0x0100bb3c                isatty
 .text          0x0100bc60       0xec ../singlertos2_bsp//libucosii_bsp.a(alt_load.o)
                0x0100bc60                alt_load
 .text          0x0100bd4c      0x154 ../singlertos2_bsp//libucosii_bsp.a(alt_lseek.o)
                0x0100bd4c                lseek
 .text          0x0100bea0       0xc8 ../singlertos2_bsp//libucosii_bsp.a(alt_main.o)
                0x0100bea0                alt_main
 .text          0x0100bf68      0x184 ../singlertos2_bsp//libucosii_bsp.a(alt_read.o)
                0x0100bf68                read
 .text          0x0100c0ec       0x78 ../singlertos2_bsp//libucosii_bsp.a(alt_release_fd.o)
                0x0100c0ec                alt_release_fd
 .text          0x0100c164       0xbc ../singlertos2_bsp//libucosii_bsp.a(alt_sbrk.o)
                0x0100c164                sbrk
 .text          0x0100c220      0x1a8 ../singlertos2_bsp//libucosii_bsp.a(alt_tick.o)
                0x0100c220                alt_alarm_stop
                0x0100c2b8                alt_tick
 .text          0x0100c3c8      0x184 ../singlertos2_bsp//libucosii_bsp.a(alt_write.o)
                0x0100c3c8                write
 .text          0x0100c54c      0x108 ../singlertos2_bsp//libucosii_bsp.a(alt_env_lock.o)
                0x0100c54c                __env_lock
                0x0100c5f8                __env_unlock
 .text          0x0100c654      0x1d8 ../singlertos2_bsp//libucosii_bsp.a(alt_malloc_lock.o)
                0x0100c654                __malloc_lock
                0x0100c75c                __malloc_unlock
 .text          0x0100c82c     0x212c ../singlertos2_bsp//libucosii_bsp.a(os_core.o)
                0x0100c82c                OSEventNameGet
                0x0100c95c                OSEventNameSet
                0x0100caa0                OSEventPendMulti
                0x0100d154                OSInit
                0x0100d1ac                OSIntEnter
                0x0100d228                OSIntExit
                0x0100d328                OSSchedLock
                0x0100d3b4                OSSchedUnlock
                0x0100d498                OSStart
                0x0100d508                OSStatInit
                0x0100d5b4                OSTimeTick
                0x0100d7f4                OSVersion
                0x0100d814                OS_Dummy
                0x0100d830                OS_EventTaskRdy
                0x0100d9c4                OS_EventTaskWait
                0x0100dad4                OS_EventTaskWaitMulti
                0x0100dc28                OS_EventTaskRemove
                0x0100dce0                OS_EventTaskRemoveMulti
                0x0100dde4                OS_EventWaitListInit
                0x0100e1b0                OS_MemClr
                0x0100e204                OS_MemCopy
                0x0100e270                OS_Sched
                0x0100e3b4                OS_StrCopy
                0x0100e434                OS_StrLen
                0x0100e48c                OS_TaskIdle
                0x0100e4e8                OS_TaskStat
                0x0100e5b0                OS_TaskStatStkChk
                0x0100e678                OS_TCBInit
 .text          0x0100e958      0x1ec ../singlertos2_bsp//libucosii_bsp.a(os_dbg.o)
                0x0100e958                OSDebugInit
 .text          0x0100eb44     0x193c ../singlertos2_bsp//libucosii_bsp.a(os_flag.o)
                0x0100eb44                OSFlagAccept
                0x0100ee78                OSFlagCreate
                0x0100efb4                OSFlagDel
                0x0100f25c                OSFlagNameGet
                0x0100f3a0                OSFlagNameSet
                0x0100f4f4                OSFlagPend
                0x0100fb38                OSFlagPendGetFlagsRdy
                0x0100fba0                OSFlagPost
                0x0100ff48                OSFlagQuery
                0x010101e0                OS_FlagInit
                0x010103d4                OS_FlagUnlink
 .text          0x01010480      0x80c ../singlertos2_bsp//libucosii_bsp.a(os_mem.o)
                0x01010480                OSMemCreate
                0x0101069c                OSMemGet
                0x010107a0                OSMemNameGet
                0x010108ac                OSMemNameSet
                0x010109cc                OSMemPut
                0x01010abc                OSMemQuery
                0x01010bb8                OS_MemInit
 .text          0x01010c8c     0x1334 ../singlertos2_bsp//libucosii_bsp.a(os_q.o)
                0x01010c8c                OSQAccept
                0x01010de0                OSQCreate
                0x01010ff4                OSQDel
                0x010112f4                OSQFlush
                0x010113bc                OSQPend
                0x010116dc                OSQPendAbort
                0x01011858                OSQPost
                0x010119d8                OSQPostFront
                0x01011b60                OSQPostOpt
                0x01011d94                OSQQuery
                0x01011f14                OS_QInit
 .text          0x01011fc0      0xbc8 ../singlertos2_bsp//libucosii_bsp.a(os_sem.o)
                0x01011fc0                OSSemAccept
                0x01012080                OSSemCreate
                0x01012194                OSSemDel
                0x01012434                OSSemPend
                0x010126b0                OSSemPendAbort
                0x0101282c                OSSemPost
                0x01012954                OSSemQuery
                0x01012a84                OSSemSet
 .text          0x01012b88     0x1a40 ../singlertos2_bsp//libucosii_bsp.a(os_task.o)
                0x01012b88                OSTaskChangePrio
                0x010130fc                OSTaskCreate
                0x010132d0                OSTaskCreateExt
                0x010134d0                OSTaskDel
                0x010138dc                OSTaskDelReq
                0x01013a4c                OSTaskNameGet
                0x01013c04                OSTaskNameSet
                0x01013dc8                OSTaskResume
                0x01013fe0                OSTaskStkChk
                0x010141dc                OSTaskSuspend
                0x01014408                OSTaskQuery
                0x0101454c                OS_TaskStkClr
 .text          0x010145c8      0x67c ../singlertos2_bsp//libucosii_bsp.a(os_time.o)
                0x010145c8                OSTimeDly
                0x01014714                OSTimeDlyHMSM
                0x0101496c                OSTimeDlyResume
                0x01014b7c                OSTimeGet
                0x01014be0                OSTimeSet
 .text          0x01014c44     0x1350 ../singlertos2_bsp//libucosii_bsp.a(os_tmr.o)
                0x01014c44                OSTmrCreate
                0x01014e28                OSTmrDel
                0x01014fa0                OSTmrNameGet
                0x0101510c                OSTmrRemainGet
                0x01015308                OSTmrStateGet
                0x01015404                OSTmrStart
                0x01015584                OSTmrStop
                0x010157b0                OSTmrSignal
                0x01015978                OSTmr_Init
 .text          0x01015f94      0x24c ../singlertos2_bsp//libucosii_bsp.a(alt_sys_init.o)
                0x01015f94                alt_irq_init
                0x01015fc8                alt_sys_init
 .text          0x010161e0      0x148 ../singlertos2_bsp//libucosii_bsp.a(altera_avalon_jtag_uart_fd.o)
                0x010161e0                altera_avalon_jtag_uart_read_fd
                0x01016238                altera_avalon_jtag_uart_write_fd
                0x01016290                altera_avalon_jtag_uart_close_fd
                0x010162d8                altera_avalon_jtag_uart_ioctl_fd
 .text          0x01016328      0x580 ../singlertos2_bsp//libucosii_bsp.a(altera_avalon_jtag_uart_init.o)
                0x01016328                altera_avalon_jtag_uart_init
                0x01016834                altera_avalon_jtag_uart_close
 .text          0x010168a8       0xf4 ../singlertos2_bsp//libucosii_bsp.a(altera_avalon_jtag_uart_ioctl.o)
                0x010168a8                altera_avalon_jtag_uart_ioctl
 .text          0x0101699c      0x2c0 ../singlertos2_bsp//libucosii_bsp.a(altera_avalon_jtag_uart_read.o)
                0x0101699c                altera_avalon_jtag_uart_read
 .text          0x01016c5c      0x2dc ../singlertos2_bsp//libucosii_bsp.a(altera_avalon_jtag_uart_write.o)
                0x01016c5c                altera_avalon_jtag_uart_write
 .text          0x01016f38      0x370 ../singlertos2_bsp//libucosii_bsp.a(altera_avalon_mutex.o)
                0x01016fb4                altera_avalon_mutex_open
                0x0101706c                altera_avalon_mutex_close
                0x0101708c                altera_avalon_mutex_lock
                0x010170ec                altera_avalon_mutex_trylock
                0x01017164                altera_avalon_mutex_unlock
                0x010171d4                altera_avalon_mutex_is_mine
                0x01017250                altera_avalon_mutex_first_lock
 .text          0x010172a8      0x18c ../singlertos2_bsp//libucosii_bsp.a(altera_avalon_performance_counter.o)
                0x010172a8                perf_get_section_time
                0x01017358                perf_get_total_time
                0x010173ac                perf_get_num_starts
                0x010173ec                alt_get_performance_counter_base
                0x01017410                alt_get_cpu_freq
 .text          0x01017434       0xfc ../singlertos2_bsp//libucosii_bsp.a(altera_avalon_timer_sc.o)
                0x010174a8                alt_avalon_timer_sc_init
 .text          0x01017530      0x294 ../singlertos2_bsp//libucosii_bsp.a(perf_print_formatted_report.o)
                0x01017530                perf_print_formatted_report
 .text          0x010177c4       0x1c ../singlertos2_bsp//libucosii_bsp.a(alt_dcache_flush_all.o)
                0x010177c4                alt_dcache_flush_all
 .text          0x010177e0      0x114 ../singlertos2_bsp//libucosii_bsp.a(alt_dev_llist_insert.o)
                0x010177e0                alt_dev_llist_insert
 .text          0x010178f4       0x64 ../singlertos2_bsp//libucosii_bsp.a(alt_do_ctors.o)
                0x010178f4                _do_ctors
 .text          0x01017958       0x64 ../singlertos2_bsp//libucosii_bsp.a(alt_do_dtors.o)
                0x01017958                _do_dtors
 .text          0x010179bc       0x94 ../singlertos2_bsp//libucosii_bsp.a(alt_find_dev.o)
                0x010179bc                alt_find_dev
 .text          0x01017a50       0x1c ../singlertos2_bsp//libucosii_bsp.a(alt_icache_flush_all.o)
                0x01017a50                alt_icache_flush_all
 .text          0x01017a6c      0x150 ../singlertos2_bsp//libucosii_bsp.a(alt_io_redirect.o)
                0x01017b44                alt_io_redirect
 .text          0x01017bbc      0x1c0 ../singlertos2_bsp//libucosii_bsp.a(alt_irq_register.o)
                0x01017bbc                alt_irq_register
 .text          0x01017d7c        0x0 ../singlertos2_bsp//libucosii_bsp.a(alt_irq_vars.o)
 .text          0x01017d7c      0x2e4 ../singlertos2_bsp//libucosii_bsp.a(alt_open.o)
                0x01017e74                open
 .text          0x01018060       0x20 ../singlertos2_bsp//libucosii_bsp.a(altera_nios2_qsys_irq.o)
                0x01018060                altera_nios2_qsys_irq_init
 .text          0x01018080       0xd0 ../singlertos2_bsp//libucosii_bsp.a(os_cpu_a.o)
                0x01018080                OSCtxSw
                0x01018080                OSIntCtxSw
                0x0101810c                OSStartHighRdy
                0x0101812c                OSStartTsk
 .text          0x01018150      0x46c ../singlertos2_bsp//libucosii_bsp.a(os_cpu_c.o)
                0x01018150                OSTaskStkInit
                0x01018460                OSTaskCreateHook
                0x01018480                OSTaskDelHook
                0x010184a0                OSTaskSwHook
                0x010184bc                OSTaskStatHook
                0x010184d8                OSTimeTickHook
                0x01018544                OSInitHookBegin
                0x01018564                OSInitHookEnd
                0x01018580                OSTaskIdleHook
                0x0101859c                OSTCBInitHook
 .text          0x010185bc      0x120 ../singlertos2_bsp//libucosii_bsp.a(alt_find_file.o)
                0x010185bc                alt_find_file
 .text          0x010186dc      0x104 ../singlertos2_bsp//libucosii_bsp.a(alt_get_fd.o)
                0x010186dc                alt_get_fd
 .text          0x010187e0        0x0 ../singlertos2_bsp//libucosii_bsp.a(alt_irq_entry.o)
 .text          0x010187e0        0x0 ../singlertos2_bsp//libucosii_bsp.a(alt_irq_handler.o)
 .text          0x010187e0        0x0 ../singlertos2_bsp//libucosii_bsp.a(alt_exception_entry.o)
 .text          0x010187e0       0x14 /opt/altera/13.0sp1/nios2eds/bin/gnu/H-i686-pc-linux-gnu/bin/../lib/gcc/nios2-elf/4.1.2/../../../../nios2-elf/lib/mno-hw-mul/libc.a(lib_a-atexit.o)
                0x010187e0                atexit
 .text          0x010187f4       0x38 /opt/altera/13.0sp1/nios2eds/bin/gnu/H-i686-pc-linux-gnu/bin/../lib/gcc/nios2-elf/4.1.2/../../../../nios2-elf/lib/mno-hw-mul/libc.a(lib_a-exit.o)
                0x010187f4                exit
 .text          0x0101882c       0x74 /opt/altera/13.0sp1/nios2eds/bin/gnu/H-i686-pc-linux-gnu/bin/../lib/gcc/nios2-elf/4.1.2/../../../../nios2-elf/lib/mno-hw-mul/libc.a(lib_a-memcmp.o)
                0x0101882c                memcmp
 .text          0x010188a0      0x134 /opt/altera/13.0sp1/nios2eds/bin/gnu/H-i686-pc-linux-gnu/bin/../lib/gcc/nios2-elf/4.1.2/../../../../nios2-elf/lib/mno-hw-mul/libc.a(lib_a-__atexit.o)
                0x010188a0                __register_exitproc
 .text          0x010189d4      0x1b4 /opt/altera/13.0sp1/nios2eds/bin/gnu/H-i686-pc-linux-gnu/bin/../lib/gcc/nios2-elf/4.1.2/../../../../nios2-elf/lib/mno-hw-mul/libc.a(lib_a-__call_atexit.o)
                0x010189d8                __call_exitprocs
 .text          0x01018b88       0x6c ../singlertos2_bsp//libucosii_bsp.a(alt_exit.o)
                0x01018bc8                _exit
 *(.gnu.warning.*)
 *(.fini)
                0x01018bf4                PROVIDE (__etext, ABSOLUTE (.))
                0x01018bf4                PROVIDE (_etext, ABSOLUTE (.))
                0x01018bf4                PROVIDE (etext, ABSOLUTE (.))
 *(.eh_frame_hdr)
                0x01018bf4                . = ALIGN (0x4)
                0x01018bf4                PROVIDE (__preinit_array_start, ABSOLUTE (.))
 *(.preinit_array)
                0x01018bf4                PROVIDE (__preinit_array_end, ABSOLUTE (.))
                0x01018bf4                PROVIDE (__init_array_start, ABSOLUTE (.))
 *(.init_array)
                0x01018bf4                PROVIDE (__init_array_end, ABSOLUTE (.))
                0x01018bf4                PROVIDE (__fini_array_start, ABSOLUTE (.))
 *(.fini_array)
                0x01018bf4                PROVIDE (__fini_array_end, ABSOLUTE (.))
 *(.eh_frame)
 *(.gcc_except_table)
 *(.dynamic)
                0x01018bf4                PROVIDE (__CTOR_LIST__, ABSOLUTE (.))
 *(.ctors)
 *(SORT(.ctors.*))
 .ctors.65535   0x01018bf4        0x4 /opt/altera/13.0sp1/nios2eds/bin/gnu/H-i686-pc-linux-gnu/bin/../lib/gcc/nios2-elf/4.1.2/../../../../nios2-elf/lib/mno-hw-mul/libc.a(lib_a-__call_atexit.o)
                0x01018bf8                PROVIDE (__CTOR_END__, ABSOLUTE (.))
                0x01018bf8                PROVIDE (__DTOR_LIST__, ABSOLUTE (.))
 *(.dtors)
 *(SORT(.dtors.*))
                0x01018bf8                PROVIDE (__DTOR_END__, ABSOLUTE (.))
 *(.jcr)
                0x01018bf8                . = ALIGN (0x4)

.rodata         0x01018bf8      0x720
                0x01018bf8                PROVIDE (__ram_rodata_start, ABSOLUTE (.))
                0x01018bf8                . = ALIGN (0x4)
 *(.rodata .rodata.* .gnu.linkonce.r.*)
 .rodata        0x01018bf8      0x100 obj/default/cpu_0.o
 .rodata        0x01018cf8       0x14 /opt/altera/13.0sp1/nios2eds/bin/gnu/H-i686-pc-linux-gnu/bin/../lib/gcc/nios2-elf/4.1.2/mno-hw-mul/libgcc.a(_thenan_df.o)
                0x01018cf8                __thenan_df
 .rodata        0x01018d0c      0x100 /opt/altera/13.0sp1/nios2eds/bin/gnu/H-i686-pc-linux-gnu/bin/../lib/gcc/nios2-elf/4.1.2/mno-hw-mul/libgcc.a(_clz.o)
                0x01018d0c                __clz_tab
 .rodata.str1.4
                0x01018e0c        0x2 /opt/altera/13.0sp1/nios2eds/bin/gnu/H-i686-pc-linux-gnu/bin/../lib/gcc/nios2-elf/4.1.2/../../../../nios2-elf/lib/mno-hw-mul/libc.a(lib_a-puts.o)
                                  0x4 (size before relaxing)
 *fill*         0x01018e0e        0x2 00
 .rodata.str1.4
                0x01018e10       0x5e /opt/altera/13.0sp1/nios2eds/bin/gnu/H-i686-pc-linux-gnu/bin/../lib/gcc/nios2-elf/4.1.2/../../../../nios2-elf/lib/mno-hw-mul/libc.a(lib_a-vfprintf.o)
                                 0x60 (size before relaxing)
 .rodata        0x01018e6e       0x20 /opt/altera/13.0sp1/nios2eds/bin/gnu/H-i686-pc-linux-gnu/bin/../lib/gcc/nios2-elf/4.1.2/../../../../nios2-elf/lib/mno-hw-mul/libc.a(lib_a-vfprintf.o)
 *fill*         0x01018e8e        0x2 00
 .rodata.str1.4
                0x01018e90       0x10 /opt/altera/13.0sp1/nios2eds/bin/gnu/H-i686-pc-linux-gnu/bin/../lib/gcc/nios2-elf/4.1.2/../../../../nios2-elf/lib/mno-hw-mul/libc.a(lib_a-dtoa.o)
                                 0x14 (size before relaxing)
 .rodata.str1.4
                0x01018ea0        0x2 /opt/altera/13.0sp1/nios2eds/bin/gnu/H-i686-pc-linux-gnu/bin/../lib/gcc/nios2-elf/4.1.2/../../../../nios2-elf/lib/mno-hw-mul/libc.a(lib_a-impure.o)
                                  0x4 (size before relaxing)
 *fill*         0x01018ea2        0x2 00
 .rodata.str1.4
                0x01018ea4       0x10 /opt/altera/13.0sp1/nios2eds/bin/gnu/H-i686-pc-linux-gnu/bin/../lib/gcc/nios2-elf/4.1.2/../../../../nios2-elf/lib/mno-hw-mul/libc.a(lib_a-locale.o)
                                 0x18 (size before relaxing)
 .rodata        0x01018eb4       0x30 /opt/altera/13.0sp1/nios2eds/bin/gnu/H-i686-pc-linux-gnu/bin/../lib/gcc/nios2-elf/4.1.2/../../../../nios2-elf/lib/mno-hw-mul/libc.a(lib_a-locale.o)
 .rodata        0x01018ee4      0x124 /opt/altera/13.0sp1/nios2eds/bin/gnu/H-i686-pc-linux-gnu/bin/../lib/gcc/nios2-elf/4.1.2/../../../../nios2-elf/lib/mno-hw-mul/libc.a(lib_a-mprec.o)
                0x01018ee4                __mprec_tens
                0x01018fac                __mprec_bigtens
                0x01018fd4                __mprec_tinytens
 .rodata        0x01019008        0xc ../singlertos2_bsp//libucosii_bsp.a(alt_dev.o)
 .rodata        0x01019014       0x14 ../singlertos2_bsp//libucosii_bsp.a(alt_main.o)
 .rodata        0x01019028      0x120 ../singlertos2_bsp//libucosii_bsp.a(os_core.o)
                0x01019028                OSUnMapTbl
 .rodata        0x01019148       0x38 ../singlertos2_bsp//libucosii_bsp.a(os_tmr.o)
 .rodata        0x01019180       0x94 ../singlertos2_bsp//libucosii_bsp.a(alt_sys_init.o)
 .rodata        0x01019214      0x100 ../singlertos2_bsp//libucosii_bsp.a(perf_print_formatted_report.o)
 .rodata        0x01019314        0x4 ../singlertos2_bsp//libucosii_bsp.a(os_cpu_c.o)
 *(.rodata1)
                0x01019318                . = ALIGN (0x4)
                0x01019318                PROVIDE (__ram_rodata_end, ABSOLUTE (.))
                0x01018bf8                PROVIDE (__flash_rodata_start, LOADADDR (.rodata))

.rwdata         0x01019318     0xdc04 load address 0x01026f1c
                0x01019318                PROVIDE (__ram_rwdata_start, ABSOLUTE (.))
                0x01019318                . = ALIGN (0x4)
 *(.got.plt)
 *(.got)
 *(.data1)
 *(.data .data.* .gnu.linkonce.d.*)
 .data          0x01019318        0x0 ../singlertos2_bsp//obj/HAL/src/crt0.o
 .data          0x01019318     0xc02c obj/default/cpu_0.o
                0x01019318                test_ppm_1
                0x0101c31b                test_ppm_2
                0x0101f31e                test_ppm_3
                0x01022321                test_ppm_4
                0x01025324                image_sequence
                0x01025334                asciiChars
 .data          0x01025344        0x0 obj/default/delay_asm.o
 .data          0x01025344        0x0 /opt/altera/13.0sp1/nios2eds/bin/gnu/H-i686-pc-linux-gnu/bin/../lib/gcc/nios2-elf/4.1.2/mno-hw-mul/libgcc.a(_muldi3.o)
 .data          0x01025344        0x0 /opt/altera/13.0sp1/nios2eds/bin/gnu/H-i686-pc-linux-gnu/bin/../lib/gcc/nios2-elf/4.1.2/mno-hw-mul/libgcc.a(_fixunsdfsi.o)
 .data          0x01025344        0x0 /opt/altera/13.0sp1/nios2eds/bin/gnu/H-i686-pc-linux-gnu/bin/../lib/gcc/nios2-elf/4.1.2/mno-hw-mul/libgcc.a(_floatundidf.o)
 .data          0x01025344        0x0 /opt/altera/13.0sp1/nios2eds/bin/gnu/H-i686-pc-linux-gnu/bin/../lib/gcc/nios2-elf/4.1.2/mno-hw-mul/libgcc.a(_addsub_df.o)
 .data          0x01025344        0x0 /opt/altera/13.0sp1/nios2eds/bin/gnu/H-i686-pc-linux-gnu/bin/../lib/gcc/nios2-elf/4.1.2/mno-hw-mul/libgcc.a(_mul_df.o)
 .data          0x01025344        0x0 /opt/altera/13.0sp1/nios2eds/bin/gnu/H-i686-pc-linux-gnu/bin/../lib/gcc/nios2-elf/4.1.2/mno-hw-mul/libgcc.a(_div_df.o)
 .data          0x01025344        0x0 /opt/altera/13.0sp1/nios2eds/bin/gnu/H-i686-pc-linux-gnu/bin/../lib/gcc/nios2-elf/4.1.2/mno-hw-mul/libgcc.a(_gt_df.o)
 .data          0x01025344        0x0 /opt/altera/13.0sp1/nios2eds/bin/gnu/H-i686-pc-linux-gnu/bin/../lib/gcc/nios2-elf/4.1.2/mno-hw-mul/libgcc.a(_ge_df.o)
 .data          0x01025344        0x0 /opt/altera/13.0sp1/nios2eds/bin/gnu/H-i686-pc-linux-gnu/bin/../lib/gcc/nios2-elf/4.1.2/mno-hw-mul/libgcc.a(_si_to_df.o)
 .data          0x01025344        0x0 /opt/altera/13.0sp1/nios2eds/bin/gnu/H-i686-pc-linux-gnu/bin/../lib/gcc/nios2-elf/4.1.2/mno-hw-mul/libgcc.a(_df_to_si.o)
 .data          0x01025344        0x0 /opt/altera/13.0sp1/nios2eds/bin/gnu/H-i686-pc-linux-gnu/bin/../lib/gcc/nios2-elf/4.1.2/mno-hw-mul/libgcc.a(_thenan_df.o)
 .data          0x01025344        0x0 /opt/altera/13.0sp1/nios2eds/bin/gnu/H-i686-pc-linux-gnu/bin/../lib/gcc/nios2-elf/4.1.2/mno-hw-mul/libgcc.a(_usi_to_df.o)
 .data          0x01025344        0x0 /opt/altera/13.0sp1/nios2eds/bin/gnu/H-i686-pc-linux-gnu/bin/../lib/gcc/nios2-elf/4.1.2/mno-hw-mul/libgcc.a(lib2-divmod.o)
 .data          0x01025344        0x0 /opt/altera/13.0sp1/nios2eds/bin/gnu/H-i686-pc-linux-gnu/bin/../lib/gcc/nios2-elf/4.1.2/mno-hw-mul/libgcc.a(lib2-mul.o)
 .data          0x01025344        0x0 /opt/altera/13.0sp1/nios2eds/bin/gnu/H-i686-pc-linux-gnu/bin/../lib/gcc/nios2-elf/4.1.2/mno-hw-mul/libgcc.a(_clzsi2.o)
 .data          0x01025344        0x0 /opt/altera/13.0sp1/nios2eds/bin/gnu/H-i686-pc-linux-gnu/bin/../lib/gcc/nios2-elf/4.1.2/mno-hw-mul/libgcc.a(_pack_df.o)
 .data          0x01025344        0x0 /opt/altera/13.0sp1/nios2eds/bin/gnu/H-i686-pc-linux-gnu/bin/../lib/gcc/nios2-elf/4.1.2/mno-hw-mul/libgcc.a(_unpack_df.o)
 .data          0x01025344        0x0 /opt/altera/13.0sp1/nios2eds/bin/gnu/H-i686-pc-linux-gnu/bin/../lib/gcc/nios2-elf/4.1.2/mno-hw-mul/libgcc.a(_fpcmp_parts_df.o)
 .data          0x01025344        0x0 /opt/altera/13.0sp1/nios2eds/bin/gnu/H-i686-pc-linux-gnu/bin/../lib/gcc/nios2-elf/4.1.2/mno-hw-mul/libgcc.a(_clz.o)
 .data          0x01025344        0x0 /opt/altera/13.0sp1/nios2eds/bin/gnu/H-i686-pc-linux-gnu/bin/../lib/gcc/nios2-elf/4.1.2/../../../../nios2-elf/lib/mno-hw-mul/libc.a(lib_a-printf.o)
 .data          0x01025344        0x0 /opt/altera/13.0sp1/nios2eds/bin/gnu/H-i686-pc-linux-gnu/bin/../lib/gcc/nios2-elf/4.1.2/../../../../nios2-elf/lib/mno-hw-mul/libc.a(lib_a-putchar.o)
 .data          0x01025344        0x0 /opt/altera/13.0sp1/nios2eds/bin/gnu/H-i686-pc-linux-gnu/bin/../lib/gcc/nios2-elf/4.1.2/../../../../nios2-elf/lib/mno-hw-mul/libc.a(lib_a-puts.o)
 .data          0x01025344        0x0 /opt/altera/13.0sp1/nios2eds/bin/gnu/H-i686-pc-linux-gnu/bin/../lib/gcc/nios2-elf/4.1.2/../../../../nios2-elf/lib/mno-hw-mul/libc.a(lib_a-strlen.o)
 .data          0x01025344        0x0 /opt/altera/13.0sp1/nios2eds/bin/gnu/H-i686-pc-linux-gnu/bin/../lib/gcc/nios2-elf/4.1.2/../../../../nios2-elf/lib/mno-hw-mul/libc.a(lib_a-vfprintf.o)
 .data          0x01025344        0x0 /opt/altera/13.0sp1/nios2eds/bin/gnu/H-i686-pc-linux-gnu/bin/../lib/gcc/nios2-elf/4.1.2/../../../../nios2-elf/lib/mno-hw-mul/libc.a(lib_a-wsetup.o)
 .data          0x01025344        0x0 /opt/altera/13.0sp1/nios2eds/bin/gnu/H-i686-pc-linux-gnu/bin/../lib/gcc/nios2-elf/4.1.2/../../../../nios2-elf/lib/mno-hw-mul/libc.a(lib_a-dtoa.o)
 .data          0x01025344        0x0 /opt/altera/13.0sp1/nios2eds/bin/gnu/H-i686-pc-linux-gnu/bin/../lib/gcc/nios2-elf/4.1.2/../../../../nios2-elf/lib/mno-hw-mul/libc.a(lib_a-fflush.o)
 .data          0x01025344        0x0 /opt/altera/13.0sp1/nios2eds/bin/gnu/H-i686-pc-linux-gnu/bin/../lib/gcc/nios2-elf/4.1.2/../../../../nios2-elf/lib/mno-hw-mul/libc.a(lib_a-findfp.o)
 .data          0x01025344        0x0 /opt/altera/13.0sp1/nios2eds/bin/gnu/H-i686-pc-linux-gnu/bin/../lib/gcc/nios2-elf/4.1.2/../../../../nios2-elf/lib/mno-hw-mul/libc.a(lib_a-freer.o)
 .data          0x01025344        0x0 /opt/altera/13.0sp1/nios2eds/bin/gnu/H-i686-pc-linux-gnu/bin/../lib/gcc/nios2-elf/4.1.2/../../../../nios2-elf/lib/mno-hw-mul/libc.a(lib_a-fvwrite.o)
 .data          0x01025344        0x0 /opt/altera/13.0sp1/nios2eds/bin/gnu/H-i686-pc-linux-gnu/bin/../lib/gcc/nios2-elf/4.1.2/../../../../nios2-elf/lib/mno-hw-mul/libc.a(lib_a-fwalk.o)
 .data          0x01025344      0x400 /opt/altera/13.0sp1/nios2eds/bin/gnu/H-i686-pc-linux-gnu/bin/../lib/gcc/nios2-elf/4.1.2/../../../../nios2-elf/lib/mno-hw-mul/libc.a(lib_a-impure.o)
 .data          0x01025744        0xc /opt/altera/13.0sp1/nios2eds/bin/gnu/H-i686-pc-linux-gnu/bin/../lib/gcc/nios2-elf/4.1.2/../../../../nios2-elf/lib/mno-hw-mul/libc.a(lib_a-locale.o)
                0x01025744                __lc_ctype
 .data          0x01025750        0x0 /opt/altera/13.0sp1/nios2eds/bin/gnu/H-i686-pc-linux-gnu/bin/../lib/gcc/nios2-elf/4.1.2/../../../../nios2-elf/lib/mno-hw-mul/libc.a(lib_a-makebuf.o)
 .data          0x01025750      0x408 /opt/altera/13.0sp1/nios2eds/bin/gnu/H-i686-pc-linux-gnu/bin/../lib/gcc/nios2-elf/4.1.2/../../../../nios2-elf/lib/mno-hw-mul/libc.a(lib_a-mallocr.o)
                0x01025750                __malloc_av_
 .data          0x01025b58        0x0 /opt/altera/13.0sp1/nios2eds/bin/gnu/H-i686-pc-linux-gnu/bin/../lib/gcc/nios2-elf/4.1.2/../../../../nios2-elf/lib/mno-hw-mul/libc.a(lib_a-memchr.o)
 .data          0x01025b58        0x0 /opt/altera/13.0sp1/nios2eds/bin/gnu/H-i686-pc-linux-gnu/bin/../lib/gcc/nios2-elf/4.1.2/../../../../nios2-elf/lib/mno-hw-mul/libc.a(lib_a-memcpy.o)
 .data          0x01025b58        0x0 /opt/altera/13.0sp1/nios2eds/bin/gnu/H-i686-pc-linux-gnu/bin/../lib/gcc/nios2-elf/4.1.2/../../../../nios2-elf/lib/mno-hw-mul/libc.a(lib_a-memmove.o)
 .data          0x01025b58        0x0 /opt/altera/13.0sp1/nios2eds/bin/gnu/H-i686-pc-linux-gnu/bin/../lib/gcc/nios2-elf/4.1.2/../../../../nios2-elf/lib/mno-hw-mul/libc.a(lib_a-memset.o)
 .data          0x01025b58        0x0 /opt/altera/13.0sp1/nios2eds/bin/gnu/H-i686-pc-linux-gnu/bin/../lib/gcc/nios2-elf/4.1.2/../../../../nios2-elf/lib/mno-hw-mul/libc.a(lib_a-mprec.o)
 .data          0x01025b58        0x0 /opt/altera/13.0sp1/nios2eds/bin/gnu/H-i686-pc-linux-gnu/bin/../lib/gcc/nios2-elf/4.1.2/../../../../nios2-elf/lib/mno-hw-mul/libc.a(lib_a-putc.o)
 .data          0x01025b58        0x0 /opt/altera/13.0sp1/nios2eds/bin/gnu/H-i686-pc-linux-gnu/bin/../lib/gcc/nios2-elf/4.1.2/../../../../nios2-elf/lib/mno-hw-mul/libc.a(lib_a-reallocr.o)
 .data          0x01025b58        0x0 /opt/altera/13.0sp1/nios2eds/bin/gnu/H-i686-pc-linux-gnu/bin/../lib/gcc/nios2-elf/4.1.2/../../../../nios2-elf/lib/mno-hw-mul/libc.a(lib_a-s_isinfd.o)
 .data          0x01025b58        0x0 /opt/altera/13.0sp1/nios2eds/bin/gnu/H-i686-pc-linux-gnu/bin/../lib/gcc/nios2-elf/4.1.2/../../../../nios2-elf/lib/mno-hw-mul/libc.a(lib_a-s_isnand.o)
 .data          0x01025b58        0x0 /opt/altera/13.0sp1/nios2eds/bin/gnu/H-i686-pc-linux-gnu/bin/../lib/gcc/nios2-elf/4.1.2/../../../../nios2-elf/lib/mno-hw-mul/libc.a(lib_a-sbrkr.o)
 .data          0x01025b58        0x0 /opt/altera/13.0sp1/nios2eds/bin/gnu/H-i686-pc-linux-gnu/bin/../lib/gcc/nios2-elf/4.1.2/../../../../nios2-elf/lib/mno-hw-mul/libc.a(lib_a-stdio.o)
 .data          0x01025b58        0x0 /opt/altera/13.0sp1/nios2eds/bin/gnu/H-i686-pc-linux-gnu/bin/../lib/gcc/nios2-elf/4.1.2/../../../../nios2-elf/lib/mno-hw-mul/libc.a(lib_a-strcmp.o)
 .data          0x01025b58        0x0 /opt/altera/13.0sp1/nios2eds/bin/gnu/H-i686-pc-linux-gnu/bin/../lib/gcc/nios2-elf/4.1.2/../../../../nios2-elf/lib/mno-hw-mul/libc.a(lib_a-wbuf.o)
 .data          0x01025b58        0x0 /opt/altera/13.0sp1/nios2eds/bin/gnu/H-i686-pc-linux-gnu/bin/../lib/gcc/nios2-elf/4.1.2/../../../../nios2-elf/lib/mno-hw-mul/libc.a(lib_a-writer.o)
 .data          0x01025b58        0x0 /opt/altera/13.0sp1/nios2eds/bin/gnu/H-i686-pc-linux-gnu/bin/../lib/gcc/nios2-elf/4.1.2/../../../../nios2-elf/lib/mno-hw-mul/libc.a(lib_a-callocr.o)
 .data          0x01025b58        0x0 /opt/altera/13.0sp1/nios2eds/bin/gnu/H-i686-pc-linux-gnu/bin/../lib/gcc/nios2-elf/4.1.2/../../../../nios2-elf/lib/mno-hw-mul/libc.a(lib_a-closer.o)
 .data          0x01025b58        0x0 /opt/altera/13.0sp1/nios2eds/bin/gnu/H-i686-pc-linux-gnu/bin/../lib/gcc/nios2-elf/4.1.2/../../../../nios2-elf/lib/mno-hw-mul/libc.a(lib_a-fclose.o)
 .data          0x01025b58        0x0 /opt/altera/13.0sp1/nios2eds/bin/gnu/H-i686-pc-linux-gnu/bin/../lib/gcc/nios2-elf/4.1.2/../../../../nios2-elf/lib/mno-hw-mul/libc.a(lib_a-fstatr.o)
 .data          0x01025b58        0x0 /opt/altera/13.0sp1/nios2eds/bin/gnu/H-i686-pc-linux-gnu/bin/../lib/gcc/nios2-elf/4.1.2/../../../../nios2-elf/lib/mno-hw-mul/libc.a(lib_a-int_errno.o)
 .data          0x01025b58        0x0 /opt/altera/13.0sp1/nios2eds/bin/gnu/H-i686-pc-linux-gnu/bin/../lib/gcc/nios2-elf/4.1.2/../../../../nios2-elf/lib/mno-hw-mul/libc.a(lib_a-isattyr.o)
 .data          0x01025b58        0x0 /opt/altera/13.0sp1/nios2eds/bin/gnu/H-i686-pc-linux-gnu/bin/../lib/gcc/nios2-elf/4.1.2/../../../../nios2-elf/lib/mno-hw-mul/libc.a(lib_a-lseekr.o)
 .data          0x01025b58        0x0 /opt/altera/13.0sp1/nios2eds/bin/gnu/H-i686-pc-linux-gnu/bin/../lib/gcc/nios2-elf/4.1.2/../../../../nios2-elf/lib/mno-hw-mul/libc.a(lib_a-readr.o)
 .data          0x01025b58        0x0 /opt/altera/13.0sp1/nios2eds/bin/gnu/H-i686-pc-linux-gnu/bin/../lib/gcc/nios2-elf/4.1.2/mno-hw-mul/libgcc.a(_udivdi3.o)
 .data          0x01025b58        0x0 /opt/altera/13.0sp1/nios2eds/bin/gnu/H-i686-pc-linux-gnu/bin/../lib/gcc/nios2-elf/4.1.2/mno-hw-mul/libgcc.a(_umoddi3.o)
 .data          0x01025b58        0x0 /opt/altera/13.0sp1/nios2eds/bin/gnu/H-i686-pc-linux-gnu/bin/../lib/gcc/nios2-elf/4.1.2/mno-hw-mul/libgcc.a(_eq_df.o)
 .data          0x01025b58        0x0 /opt/altera/13.0sp1/nios2eds/bin/gnu/H-i686-pc-linux-gnu/bin/../lib/gcc/nios2-elf/4.1.2/mno-hw-mul/libgcc.a(_ne_df.o)
 .data          0x01025b58        0x0 /opt/altera/13.0sp1/nios2eds/bin/gnu/H-i686-pc-linux-gnu/bin/../lib/gcc/nios2-elf/4.1.2/mno-hw-mul/libgcc.a(_lt_df.o)
 .data          0x01025b58        0x0 ../singlertos2_bsp//libucosii_bsp.a(alt_alarm_start.o)
 .data          0x01025b58        0x0 ../singlertos2_bsp//libucosii_bsp.a(alt_close.o)
 .data          0x01025b58      0x1a8 ../singlertos2_bsp//libucosii_bsp.a(alt_dev.o)
                0x01025b58                alt_dev_null
                0x01025b80                alt_fd_list
 .data          0x01025d00        0x0 ../singlertos2_bsp//libucosii_bsp.a(alt_errno.o)
 .data          0x01025d00        0x0 ../singlertos2_bsp//libucosii_bsp.a(alt_fstat.o)
 .data          0x01025d00        0x0 ../singlertos2_bsp//libucosii_bsp.a(alt_isatty.o)
 .data          0x01025d00        0x0 ../singlertos2_bsp//libucosii_bsp.a(alt_load.o)
 .data          0x01025d00        0x0 ../singlertos2_bsp//libucosii_bsp.a(alt_lseek.o)
 .data          0x01025d00        0x0 ../singlertos2_bsp//libucosii_bsp.a(alt_main.o)
 .data          0x01025d00        0x0 ../singlertos2_bsp//libucosii_bsp.a(alt_read.o)
 .data          0x01025d00        0x0 ../singlertos2_bsp//libucosii_bsp.a(alt_release_fd.o)
 .data          0x01025d00        0x0 ../singlertos2_bsp//libucosii_bsp.a(alt_sbrk.o)
 .data          0x01025d00        0x0 ../singlertos2_bsp//libucosii_bsp.a(alt_tick.o)
 .data          0x01025d00        0x0 ../singlertos2_bsp//libucosii_bsp.a(alt_write.o)
 .data          0x01025d00        0x0 ../singlertos2_bsp//libucosii_bsp.a(alt_env_lock.o)
 .data          0x01025d00        0x0 ../singlertos2_bsp//libucosii_bsp.a(alt_malloc_lock.o)
 .data          0x01025d00        0x0 ../singlertos2_bsp//libucosii_bsp.a(os_core.o)
 .data          0x01025d00        0x0 ../singlertos2_bsp//libucosii_bsp.a(os_dbg.o)
 .data          0x01025d00        0x0 ../singlertos2_bsp//libucosii_bsp.a(os_flag.o)
 .data          0x01025d00        0x0 ../singlertos2_bsp//libucosii_bsp.a(os_mem.o)
 .data          0x01025d00        0x0 ../singlertos2_bsp//libucosii_bsp.a(os_q.o)
 .data          0x01025d00        0x0 ../singlertos2_bsp//libucosii_bsp.a(os_sem.o)
 .data          0x01025d00        0x0 ../singlertos2_bsp//libucosii_bsp.a(os_task.o)
 .data          0x01025d00        0x0 ../singlertos2_bsp//libucosii_bsp.a(os_time.o)
 .data          0x01025d00        0x0 ../singlertos2_bsp//libucosii_bsp.a(os_tmr.o)
 .data          0x01025d00     0x1154 ../singlertos2_bsp//libucosii_bsp.a(alt_sys_init.o)
 .data          0x01026e54        0x0 ../singlertos2_bsp//libucosii_bsp.a(altera_avalon_jtag_uart_fd.o)
 .data          0x01026e54        0x0 ../singlertos2_bsp//libucosii_bsp.a(altera_avalon_jtag_uart_init.o)
 .data          0x01026e54        0x0 ../singlertos2_bsp//libucosii_bsp.a(altera_avalon_jtag_uart_ioctl.o)
 .data          0x01026e54        0x0 ../singlertos2_bsp//libucosii_bsp.a(altera_avalon_jtag_uart_read.o)
 .data          0x01026e54        0x0 ../singlertos2_bsp//libucosii_bsp.a(altera_avalon_jtag_uart_write.o)
 .data          0x01026e54        0x0 ../singlertos2_bsp//libucosii_bsp.a(altera_avalon_mutex.o)
 .data          0x01026e54        0x0 ../singlertos2_bsp//libucosii_bsp.a(altera_avalon_performance_counter.o)
 .data          0x01026e54        0x0 ../singlertos2_bsp//libucosii_bsp.a(altera_avalon_timer_sc.o)
 .data          0x01026e54        0x0 ../singlertos2_bsp//libucosii_bsp.a(perf_print_formatted_report.o)
 .data          0x01026e54        0x0 ../singlertos2_bsp//libucosii_bsp.a(alt_dcache_flush_all.o)
 .data          0x01026e54        0x0 ../singlertos2_bsp//libucosii_bsp.a(alt_dev_llist_insert.o)
 .data          0x01026e54        0x0 ../singlertos2_bsp//libucosii_bsp.a(alt_do_ctors.o)
 .data          0x01026e54        0x0 ../singlertos2_bsp//libucosii_bsp.a(alt_do_dtors.o)
 .data          0x01026e54        0x0 ../singlertos2_bsp//libucosii_bsp.a(alt_find_dev.o)
 .data          0x01026e54        0x0 ../singlertos2_bsp//libucosii_bsp.a(alt_icache_flush_all.o)
 .data          0x01026e54        0x0 ../singlertos2_bsp//libucosii_bsp.a(alt_io_redirect.o)
 .data          0x01026e54        0x0 ../singlertos2_bsp//libucosii_bsp.a(alt_irq_register.o)
 .data          0x01026e54        0x0 ../singlertos2_bsp//libucosii_bsp.a(alt_irq_vars.o)
 .data          0x01026e54        0x0 ../singlertos2_bsp//libucosii_bsp.a(alt_open.o)
 .data          0x01026e54        0x0 ../singlertos2_bsp//libucosii_bsp.a(altera_nios2_qsys_irq.o)
 .data          0x01026e54        0x0 ../singlertos2_bsp//libucosii_bsp.a(os_cpu_a.o)
 .data          0x01026e54        0x0 ../singlertos2_bsp//libucosii_bsp.a(os_cpu_c.o)
 .data          0x01026e54        0x0 ../singlertos2_bsp//libucosii_bsp.a(alt_find_file.o)
 .data          0x01026e54        0x0 ../singlertos2_bsp//libucosii_bsp.a(alt_get_fd.o)
 .data          0x01026e54        0x0 ../singlertos2_bsp//libucosii_bsp.a(alt_irq_entry.o)
 .data          0x01026e54        0x0 ../singlertos2_bsp//libucosii_bsp.a(alt_irq_handler.o)
 .data          0x01026e54        0x0 ../singlertos2_bsp//libucosii_bsp.a(alt_exception_entry.o)
 .data          0x01026e54        0x0 /opt/altera/13.0sp1/nios2eds/bin/gnu/H-i686-pc-linux-gnu/bin/../lib/gcc/nios2-elf/4.1.2/../../../../nios2-elf/lib/mno-hw-mul/libc.a(lib_a-atexit.o)
 .data          0x01026e54        0x0 /opt/altera/13.0sp1/nios2eds/bin/gnu/H-i686-pc-linux-gnu/bin/../lib/gcc/nios2-elf/4.1.2/../../../../nios2-elf/lib/mno-hw-mul/libc.a(lib_a-exit.o)
 .data          0x01026e54        0x0 /opt/altera/13.0sp1/nios2eds/bin/gnu/H-i686-pc-linux-gnu/bin/../lib/gcc/nios2-elf/4.1.2/../../../../nios2-elf/lib/mno-hw-mul/libc.a(lib_a-memcmp.o)
 .data          0x01026e54        0x0 /opt/altera/13.0sp1/nios2eds/bin/gnu/H-i686-pc-linux-gnu/bin/../lib/gcc/nios2-elf/4.1.2/../../../../nios2-elf/lib/mno-hw-mul/libc.a(lib_a-__atexit.o)
 .data          0x01026e54        0x0 /opt/altera/13.0sp1/nios2eds/bin/gnu/H-i686-pc-linux-gnu/bin/../lib/gcc/nios2-elf/4.1.2/../../../../nios2-elf/lib/mno-hw-mul/libc.a(lib_a-__call_atexit.o)
 .data          0x01026e54        0x0 ../singlertos2_bsp//libucosii_bsp.a(alt_exit.o)
                0x0102ee54                _gp = ABSOLUTE ((. + 0x8000))
                0x0102ee54                PROVIDE (gp, _gp)
 *(.rwdata .rwdata.*)
 *(.sdata .sdata.* .gnu.linkonce.s.*)
 .sdata         0x01026e54        0x2 obj/default/cpu_0.o
                0x01026e54                sequence_length
                0x01026e55                NR_ASCII_CHARS
 *fill*         0x01026e56        0x2 00
 .sdata         0x01026e58        0x8 /opt/altera/13.0sp1/nios2eds/bin/gnu/H-i686-pc-linux-gnu/bin/../lib/gcc/nios2-elf/4.1.2/../../../../nios2-elf/lib/mno-hw-mul/libc.a(lib_a-impure.o)
                0x01026e58                _impure_ptr
                0x01026e5c                _global_impure_ptr
 .sdata         0x01026e60        0x8 /opt/altera/13.0sp1/nios2eds/bin/gnu/H-i686-pc-linux-gnu/bin/../lib/gcc/nios2-elf/4.1.2/../../../../nios2-elf/lib/mno-hw-mul/libc.a(lib_a-locale.o)
                0x01026e60                __mb_cur_max
 .sdata         0x01026e68        0x8 /opt/altera/13.0sp1/nios2eds/bin/gnu/H-i686-pc-linux-gnu/bin/../lib/gcc/nios2-elf/4.1.2/../../../../nios2-elf/lib/mno-hw-mul/libc.a(lib_a-mallocr.o)
                0x01026e68                __malloc_trim_threshold
                0x01026e6c                __malloc_sbrk_base
 .sdata         0x01026e70       0x14 ../singlertos2_bsp//libucosii_bsp.a(alt_dev.o)
                0x01026e70                alt_fs_list
                0x01026e78                alt_dev_list
                0x01026e80                alt_max_fd
 .sdata         0x01026e84        0x4 ../singlertos2_bsp//libucosii_bsp.a(alt_errno.o)
                0x01026e84                alt_errno
 .sdata         0x01026e88        0x4 ../singlertos2_bsp//libucosii_bsp.a(alt_sbrk.o)
 .sdata         0x01026e8c        0x8 ../singlertos2_bsp//libucosii_bsp.a(alt_tick.o)
                0x01026e8c                alt_alarm_list
 .sdata         0x01026e94        0x4 ../singlertos2_bsp//libucosii_bsp.a(alt_env_lock.o)
 .sdata         0x01026e98        0x4 ../singlertos2_bsp//libucosii_bsp.a(alt_malloc_lock.o)
 .sdata         0x01026e9c       0x74 ../singlertos2_bsp//libucosii_bsp.a(os_dbg.o)
                0x01026e9c                OSDebugEn
                0x01026ea0                OSEndiannessTest
                0x01026ea4                OSEventEn
                0x01026ea6                OSEventMax
                0x01026ea8                OSEventNameSize
                0x01026eaa                OSEventSize
                0x01026eac                OSEventTblSize
                0x01026eae                OSEventMultiEn
                0x01026eb0                OSFlagEn
                0x01026eb2                OSFlagGrpSize
                0x01026eb4                OSFlagNodeSize
                0x01026eb6                OSFlagWidth
                0x01026eb8                OSFlagMax
                0x01026eba                OSFlagNameSize
                0x01026ebc                OSLowestPrio
                0x01026ebe                OSMboxEn
                0x01026ec0                OSMemEn
                0x01026ec2                OSMemMax
                0x01026ec4                OSMemNameSize
                0x01026ec6                OSMemSize
                0x01026ec8                OSMemTblSize
                0x01026eca                OSMutexEn
                0x01026ecc                OSPtrSize
                0x01026ece                OSQEn
                0x01026ed0                OSQMax
                0x01026ed2                OSQSize
                0x01026ed4                OSRdyTblSize
                0x01026ed6                OSSemEn
                0x01026ed8                OSStkWidth
                0x01026eda                OSTaskCreateEn
                0x01026edc                OSTaskCreateExtEn
                0x01026ede                OSTaskDelEn
                0x01026ee0                OSTaskIdleStkSize
                0x01026ee2                OSTaskProfileEn
                0x01026ee4                OSTaskMax
                0x01026ee6                OSTaskNameSize
                0x01026ee8                OSTaskStatEn
                0x01026eea                OSTaskStatStkSize
                0x01026eec                OSTaskStatStkChkEn
                0x01026eee                OSTaskSwHookEn
                0x01026ef0                OSTCBPrioTblMax
                0x01026ef2                OSTCBSize
                0x01026ef4                OSTicksPerSec
                0x01026ef6                OSTimeTickHookEn
                0x01026ef8                OSVersionNbr
                0x01026efa                OSTmrEn
                0x01026efc                OSTmrCfgMax
                0x01026efe                OSTmrCfgNameSize
                0x01026f00                OSTmrCfgWheelSize
                0x01026f02                OSTmrCfgTicksPerSec
                0x01026f04                OSTmrSize
                0x01026f06                OSTmrTblSize
                0x01026f08                OSTmrWheelSize
                0x01026f0a                OSTmrWheelTblSize
                0x01026f0c                OSDataSize
 .sdata         0x01026f10        0x8 ../singlertos2_bsp//libucosii_bsp.a(altera_avalon_mutex.o)
                0x01026f10                alt_mutex_list
 .sdata         0x01026f18        0x4 ../singlertos2_bsp//libucosii_bsp.a(alt_irq_vars.o)
                0x01026f18                alt_priority_mask
 *(.sdata2 .sdata2.* .gnu.linkonce.s2.*)
                0x01026f1c                . = ALIGN (0x4)
                0x01026f1c                _edata = ABSOLUTE (.)
                0x01026f1c                PROVIDE (edata, ABSOLUTE (.))
                0x01026f1c                PROVIDE (__ram_rwdata_end, ABSOLUTE (.))
                0x01026f1c                PROVIDE (__flash_rwdata_start, LOADADDR (.rwdata))

.bss            0x01034b20     0xc5e4
                0x01034b20                __bss_start = ABSOLUTE (.)
                0x01034b20                PROVIDE (__sbss_start, ABSOLUTE (.))
                0x01034b20                PROVIDE (___sbss_start, ABSOLUTE (.))
 *(.dynsbss)
 *(.sbss .sbss.* .gnu.linkonce.sb.*)
 .sbss          0x01034b20       0x1c obj/default/cpu_0.o
                0x01034b20                Task1Tmr
                0x01034b24                init
                0x01034b2c                Task1TmrSem
                0x01034b30                detect
                0x01034b38                delay_timer
 .sbss          0x01034b3c        0xc /opt/altera/13.0sp1/nios2eds/bin/gnu/H-i686-pc-linux-gnu/bin/../lib/gcc/nios2-elf/4.1.2/../../../../nios2-elf/lib/mno-hw-mul/libc.a(lib_a-locale.o)
                0x01034b3c                __nlocale_changed
                0x01034b40                __mlocale_changed
                0x01034b44                _PathLocale
 .sbss          0x01034b48        0xc /opt/altera/13.0sp1/nios2eds/bin/gnu/H-i686-pc-linux-gnu/bin/../lib/gcc/nios2-elf/4.1.2/../../../../nios2-elf/lib/mno-hw-mul/libc.a(lib_a-mallocr.o)
                0x01034b48                __malloc_top_pad
                0x01034b4c                __malloc_max_sbrked_mem
                0x01034b50                __malloc_max_total_mem
 .sbss          0x01034b54        0x4 /opt/altera/13.0sp1/nios2eds/bin/gnu/H-i686-pc-linux-gnu/bin/../lib/gcc/nios2-elf/4.1.2/../../../../nios2-elf/lib/mno-hw-mul/libc.a(lib_a-int_errno.o)
                0x01034b54                errno
 .sbss          0x01034b58        0x4 ../singlertos2_bsp//libucosii_bsp.a(alt_dev.o)
                0x01034b58                alt_fd_list_lock
 .sbss          0x01034b5c        0xc ../singlertos2_bsp//libucosii_bsp.a(alt_main.o)
                0x01034b5c                alt_argc
                0x01034b60                alt_argv
                0x01034b64                alt_envp
 .sbss          0x01034b68        0x8 ../singlertos2_bsp//libucosii_bsp.a(alt_tick.o)
                0x01034b68                _alt_tick_rate
                0x01034b6c                _alt_nticks
 .sbss          0x01034b70        0x8 ../singlertos2_bsp//libucosii_bsp.a(alt_env_lock.o)
                0x01034b74                alt_envsem
 .sbss          0x01034b78        0x8 ../singlertos2_bsp//libucosii_bsp.a(alt_malloc_lock.o)
                0x01034b7c                alt_heapsem
 .sbss          0x01034b80       0x68 ../singlertos2_bsp//libucosii_bsp.a(os_core.o)
                0x01034b80                OSTmrFreeList
                0x01034b84                OSLockNesting
                0x01034b88                OSTmrSemSignal
                0x01034b8c                OSRunning
                0x01034b90                OSIdleCtr
                0x01034b94                OSTmrUsed
                0x01034b96                OSPrioHighRdy
                0x01034b97                OSPrioCur
                0x01034b98                OSTCBList
                0x01034b9c                OSTickStepState
                0x01034ba0                OSCtxSwCtr
                0x01034ba4                OSTmrFree
                0x01034ba8                OSIdleCtrMax
                0x01034bac                OSTCBFreeList
                0x01034bb0                OSCPUUsage
                0x01034bb1                OSTaskCtr
                0x01034bb4                OSMemFreeList
                0x01034bb8                OSTCBHighRdy
                0x01034bbc                OSQFreeList
                0x01034bc0                OSRdyGrp
                0x01034bc1                OSRdyTbl
                0x01034bc4                OSEventFreeList
                0x01034bc8                OSIntNesting
                0x01034bcc                OSTCBCur
                0x01034bd0                OSTmrTime
                0x01034bd4                OSTime
                0x01034bd8                OSTmrSem
                0x01034bdc                OSFlagFreeList
                0x01034be0                OSStatRdy
                0x01034be4                OSIdleCtrRun
 .sbss          0x01034be8        0x4 ../singlertos2_bsp//libucosii_bsp.a(alt_irq_vars.o)
                0x01034be8                alt_irq_active
 .sbss          0x01034bec        0x2 ../singlertos2_bsp//libucosii_bsp.a(os_cpu_c.o)
 *(.sbss2 .sbss2.* .gnu.linkonce.sb2.*)
 *(.scommon)
                0x01034bee                PROVIDE (__sbss_end, ABSOLUTE (.))
                0x01034bee                PROVIDE (___sbss_end, ABSOLUTE (.))
 *(.dynbss)
 *(.bss .bss.* .gnu.linkonce.b.*)
 .bss           0x01034bee        0x0 ../singlertos2_bsp//obj/HAL/src/crt0.o
 *fill*         0x01034bee        0x2 00
 .bss           0x01034bf0       0x18 obj/default/cpu_0.o
 .bss           0x01034c08        0x0 obj/default/delay_asm.o
 .bss           0x01034c08        0x0 /opt/altera/13.0sp1/nios2eds/bin/gnu/H-i686-pc-linux-gnu/bin/../lib/gcc/nios2-elf/4.1.2/mno-hw-mul/libgcc.a(_muldi3.o)
 .bss           0x01034c08        0x0 /opt/altera/13.0sp1/nios2eds/bin/gnu/H-i686-pc-linux-gnu/bin/../lib/gcc/nios2-elf/4.1.2/mno-hw-mul/libgcc.a(_fixunsdfsi.o)
 .bss           0x01034c08        0x0 /opt/altera/13.0sp1/nios2eds/bin/gnu/H-i686-pc-linux-gnu/bin/../lib/gcc/nios2-elf/4.1.2/mno-hw-mul/libgcc.a(_floatundidf.o)
 .bss           0x01034c08        0x0 /opt/altera/13.0sp1/nios2eds/bin/gnu/H-i686-pc-linux-gnu/bin/../lib/gcc/nios2-elf/4.1.2/mno-hw-mul/libgcc.a(_addsub_df.o)
 .bss           0x01034c08        0x0 /opt/altera/13.0sp1/nios2eds/bin/gnu/H-i686-pc-linux-gnu/bin/../lib/gcc/nios2-elf/4.1.2/mno-hw-mul/libgcc.a(_mul_df.o)
 .bss           0x01034c08        0x0 /opt/altera/13.0sp1/nios2eds/bin/gnu/H-i686-pc-linux-gnu/bin/../lib/gcc/nios2-elf/4.1.2/mno-hw-mul/libgcc.a(_div_df.o)
 .bss           0x01034c08        0x0 /opt/altera/13.0sp1/nios2eds/bin/gnu/H-i686-pc-linux-gnu/bin/../lib/gcc/nios2-elf/4.1.2/mno-hw-mul/libgcc.a(_gt_df.o)
 .bss           0x01034c08        0x0 /opt/altera/13.0sp1/nios2eds/bin/gnu/H-i686-pc-linux-gnu/bin/../lib/gcc/nios2-elf/4.1.2/mno-hw-mul/libgcc.a(_ge_df.o)
 .bss           0x01034c08        0x0 /opt/altera/13.0sp1/nios2eds/bin/gnu/H-i686-pc-linux-gnu/bin/../lib/gcc/nios2-elf/4.1.2/mno-hw-mul/libgcc.a(_si_to_df.o)
 .bss           0x01034c08        0x0 /opt/altera/13.0sp1/nios2eds/bin/gnu/H-i686-pc-linux-gnu/bin/../lib/gcc/nios2-elf/4.1.2/mno-hw-mul/libgcc.a(_df_to_si.o)
 .bss           0x01034c08        0x0 /opt/altera/13.0sp1/nios2eds/bin/gnu/H-i686-pc-linux-gnu/bin/../lib/gcc/nios2-elf/4.1.2/mno-hw-mul/libgcc.a(_thenan_df.o)
 .bss           0x01034c08        0x0 /opt/altera/13.0sp1/nios2eds/bin/gnu/H-i686-pc-linux-gnu/bin/../lib/gcc/nios2-elf/4.1.2/mno-hw-mul/libgcc.a(_usi_to_df.o)
 .bss           0x01034c08        0x0 /opt/altera/13.0sp1/nios2eds/bin/gnu/H-i686-pc-linux-gnu/bin/../lib/gcc/nios2-elf/4.1.2/mno-hw-mul/libgcc.a(lib2-divmod.o)
 .bss           0x01034c08        0x0 /opt/altera/13.0sp1/nios2eds/bin/gnu/H-i686-pc-linux-gnu/bin/../lib/gcc/nios2-elf/4.1.2/mno-hw-mul/libgcc.a(lib2-mul.o)
 .bss           0x01034c08        0x0 /opt/altera/13.0sp1/nios2eds/bin/gnu/H-i686-pc-linux-gnu/bin/../lib/gcc/nios2-elf/4.1.2/mno-hw-mul/libgcc.a(_clzsi2.o)
 .bss           0x01034c08        0x0 /opt/altera/13.0sp1/nios2eds/bin/gnu/H-i686-pc-linux-gnu/bin/../lib/gcc/nios2-elf/4.1.2/mno-hw-mul/libgcc.a(_pack_df.o)
 .bss           0x01034c08        0x0 /opt/altera/13.0sp1/nios2eds/bin/gnu/H-i686-pc-linux-gnu/bin/../lib/gcc/nios2-elf/4.1.2/mno-hw-mul/libgcc.a(_unpack_df.o)
 .bss           0x01034c08        0x0 /opt/altera/13.0sp1/nios2eds/bin/gnu/H-i686-pc-linux-gnu/bin/../lib/gcc/nios2-elf/4.1.2/mno-hw-mul/libgcc.a(_fpcmp_parts_df.o)
 .bss           0x01034c08        0x0 /opt/altera/13.0sp1/nios2eds/bin/gnu/H-i686-pc-linux-gnu/bin/../lib/gcc/nios2-elf/4.1.2/mno-hw-mul/libgcc.a(_clz.o)
 .bss           0x01034c08        0x0 /opt/altera/13.0sp1/nios2eds/bin/gnu/H-i686-pc-linux-gnu/bin/../lib/gcc/nios2-elf/4.1.2/../../../../nios2-elf/lib/mno-hw-mul/libc.a(lib_a-printf.o)
 .bss           0x01034c08        0x0 /opt/altera/13.0sp1/nios2eds/bin/gnu/H-i686-pc-linux-gnu/bin/../lib/gcc/nios2-elf/4.1.2/../../../../nios2-elf/lib/mno-hw-mul/libc.a(lib_a-putchar.o)
 .bss           0x01034c08        0x0 /opt/altera/13.0sp1/nios2eds/bin/gnu/H-i686-pc-linux-gnu/bin/../lib/gcc/nios2-elf/4.1.2/../../../../nios2-elf/lib/mno-hw-mul/libc.a(lib_a-puts.o)
 .bss           0x01034c08        0x0 /opt/altera/13.0sp1/nios2eds/bin/gnu/H-i686-pc-linux-gnu/bin/../lib/gcc/nios2-elf/4.1.2/../../../../nios2-elf/lib/mno-hw-mul/libc.a(lib_a-strlen.o)
 .bss           0x01034c08        0x0 /opt/altera/13.0sp1/nios2eds/bin/gnu/H-i686-pc-linux-gnu/bin/../lib/gcc/nios2-elf/4.1.2/../../../../nios2-elf/lib/mno-hw-mul/libc.a(lib_a-vfprintf.o)
 .bss           0x01034c08        0x0 /opt/altera/13.0sp1/nios2eds/bin/gnu/H-i686-pc-linux-gnu/bin/../lib/gcc/nios2-elf/4.1.2/../../../../nios2-elf/lib/mno-hw-mul/libc.a(lib_a-wsetup.o)
 .bss           0x01034c08        0x0 /opt/altera/13.0sp1/nios2eds/bin/gnu/H-i686-pc-linux-gnu/bin/../lib/gcc/nios2-elf/4.1.2/../../../../nios2-elf/lib/mno-hw-mul/libc.a(lib_a-dtoa.o)
 .bss           0x01034c08        0x0 /opt/altera/13.0sp1/nios2eds/bin/gnu/H-i686-pc-linux-gnu/bin/../lib/gcc/nios2-elf/4.1.2/../../../../nios2-elf/lib/mno-hw-mul/libc.a(lib_a-fflush.o)
 .bss           0x01034c08        0x0 /opt/altera/13.0sp1/nios2eds/bin/gnu/H-i686-pc-linux-gnu/bin/../lib/gcc/nios2-elf/4.1.2/../../../../nios2-elf/lib/mno-hw-mul/libc.a(lib_a-findfp.o)
 .bss           0x01034c08        0x0 /opt/altera/13.0sp1/nios2eds/bin/gnu/H-i686-pc-linux-gnu/bin/../lib/gcc/nios2-elf/4.1.2/../../../../nios2-elf/lib/mno-hw-mul/libc.a(lib_a-freer.o)
 .bss           0x01034c08        0x0 /opt/altera/13.0sp1/nios2eds/bin/gnu/H-i686-pc-linux-gnu/bin/../lib/gcc/nios2-elf/4.1.2/../../../../nios2-elf/lib/mno-hw-mul/libc.a(lib_a-fvwrite.o)
 .bss           0x01034c08        0x0 /opt/altera/13.0sp1/nios2eds/bin/gnu/H-i686-pc-linux-gnu/bin/../lib/gcc/nios2-elf/4.1.2/../../../../nios2-elf/lib/mno-hw-mul/libc.a(lib_a-fwalk.o)
 .bss           0x01034c08        0x0 /opt/altera/13.0sp1/nios2eds/bin/gnu/H-i686-pc-linux-gnu/bin/../lib/gcc/nios2-elf/4.1.2/../../../../nios2-elf/lib/mno-hw-mul/libc.a(lib_a-impure.o)
 .bss           0x01034c08        0x0 /opt/altera/13.0sp1/nios2eds/bin/gnu/H-i686-pc-linux-gnu/bin/../lib/gcc/nios2-elf/4.1.2/../../../../nios2-elf/lib/mno-hw-mul/libc.a(lib_a-locale.o)
 .bss           0x01034c08        0x0 /opt/altera/13.0sp1/nios2eds/bin/gnu/H-i686-pc-linux-gnu/bin/../lib/gcc/nios2-elf/4.1.2/../../../../nios2-elf/lib/mno-hw-mul/libc.a(lib_a-makebuf.o)
 .bss           0x01034c08       0x28 /opt/altera/13.0sp1/nios2eds/bin/gnu/H-i686-pc-linux-gnu/bin/../lib/gcc/nios2-elf/4.1.2/../../../../nios2-elf/lib/mno-hw-mul/libc.a(lib_a-mallocr.o)
                0x01034c08                __malloc_current_mallinfo
 .bss           0x01034c30        0x0 /opt/altera/13.0sp1/nios2eds/bin/gnu/H-i686-pc-linux-gnu/bin/../lib/gcc/nios2-elf/4.1.2/../../../../nios2-elf/lib/mno-hw-mul/libc.a(lib_a-memchr.o)
 .bss           0x01034c30        0x0 /opt/altera/13.0sp1/nios2eds/bin/gnu/H-i686-pc-linux-gnu/bin/../lib/gcc/nios2-elf/4.1.2/../../../../nios2-elf/lib/mno-hw-mul/libc.a(lib_a-memcpy.o)
 .bss           0x01034c30        0x0 /opt/altera/13.0sp1/nios2eds/bin/gnu/H-i686-pc-linux-gnu/bin/../lib/gcc/nios2-elf/4.1.2/../../../../nios2-elf/lib/mno-hw-mul/libc.a(lib_a-memmove.o)
 .bss           0x01034c30        0x0 /opt/altera/13.0sp1/nios2eds/bin/gnu/H-i686-pc-linux-gnu/bin/../lib/gcc/nios2-elf/4.1.2/../../../../nios2-elf/lib/mno-hw-mul/libc.a(lib_a-memset.o)
 .bss           0x01034c30        0x0 /opt/altera/13.0sp1/nios2eds/bin/gnu/H-i686-pc-linux-gnu/bin/../lib/gcc/nios2-elf/4.1.2/../../../../nios2-elf/lib/mno-hw-mul/libc.a(lib_a-mprec.o)
 .bss           0x01034c30        0x0 /opt/altera/13.0sp1/nios2eds/bin/gnu/H-i686-pc-linux-gnu/bin/../lib/gcc/nios2-elf/4.1.2/../../../../nios2-elf/lib/mno-hw-mul/libc.a(lib_a-putc.o)
 .bss           0x01034c30        0x0 /opt/altera/13.0sp1/nios2eds/bin/gnu/H-i686-pc-linux-gnu/bin/../lib/gcc/nios2-elf/4.1.2/../../../../nios2-elf/lib/mno-hw-mul/libc.a(lib_a-reallocr.o)
 .bss           0x01034c30        0x0 /opt/altera/13.0sp1/nios2eds/bin/gnu/H-i686-pc-linux-gnu/bin/../lib/gcc/nios2-elf/4.1.2/../../../../nios2-elf/lib/mno-hw-mul/libc.a(lib_a-s_isinfd.o)
 .bss           0x01034c30        0x0 /opt/altera/13.0sp1/nios2eds/bin/gnu/H-i686-pc-linux-gnu/bin/../lib/gcc/nios2-elf/4.1.2/../../../../nios2-elf/lib/mno-hw-mul/libc.a(lib_a-s_isnand.o)
 .bss           0x01034c30        0x0 /opt/altera/13.0sp1/nios2eds/bin/gnu/H-i686-pc-linux-gnu/bin/../lib/gcc/nios2-elf/4.1.2/../../../../nios2-elf/lib/mno-hw-mul/libc.a(lib_a-sbrkr.o)
 .bss           0x01034c30        0x0 /opt/altera/13.0sp1/nios2eds/bin/gnu/H-i686-pc-linux-gnu/bin/../lib/gcc/nios2-elf/4.1.2/../../../../nios2-elf/lib/mno-hw-mul/libc.a(lib_a-stdio.o)
 .bss           0x01034c30        0x0 /opt/altera/13.0sp1/nios2eds/bin/gnu/H-i686-pc-linux-gnu/bin/../lib/gcc/nios2-elf/4.1.2/../../../../nios2-elf/lib/mno-hw-mul/libc.a(lib_a-strcmp.o)
 .bss           0x01034c30        0x0 /opt/altera/13.0sp1/nios2eds/bin/gnu/H-i686-pc-linux-gnu/bin/../lib/gcc/nios2-elf/4.1.2/../../../../nios2-elf/lib/mno-hw-mul/libc.a(lib_a-wbuf.o)
 .bss           0x01034c30        0x0 /opt/altera/13.0sp1/nios2eds/bin/gnu/H-i686-pc-linux-gnu/bin/../lib/gcc/nios2-elf/4.1.2/../../../../nios2-elf/lib/mno-hw-mul/libc.a(lib_a-writer.o)
 .bss           0x01034c30        0x0 /opt/altera/13.0sp1/nios2eds/bin/gnu/H-i686-pc-linux-gnu/bin/../lib/gcc/nios2-elf/4.1.2/../../../../nios2-elf/lib/mno-hw-mul/libc.a(lib_a-callocr.o)
 .bss           0x01034c30        0x0 /opt/altera/13.0sp1/nios2eds/bin/gnu/H-i686-pc-linux-gnu/bin/../lib/gcc/nios2-elf/4.1.2/../../../../nios2-elf/lib/mno-hw-mul/libc.a(lib_a-closer.o)
 .bss           0x01034c30        0x0 /opt/altera/13.0sp1/nios2eds/bin/gnu/H-i686-pc-linux-gnu/bin/../lib/gcc/nios2-elf/4.1.2/../../../../nios2-elf/lib/mno-hw-mul/libc.a(lib_a-fclose.o)
 .bss           0x01034c30        0x0 /opt/altera/13.0sp1/nios2eds/bin/gnu/H-i686-pc-linux-gnu/bin/../lib/gcc/nios2-elf/4.1.2/../../../../nios2-elf/lib/mno-hw-mul/libc.a(lib_a-fstatr.o)
 .bss           0x01034c30        0x0 /opt/altera/13.0sp1/nios2eds/bin/gnu/H-i686-pc-linux-gnu/bin/../lib/gcc/nios2-elf/4.1.2/../../../../nios2-elf/lib/mno-hw-mul/libc.a(lib_a-int_errno.o)
 .bss           0x01034c30        0x0 /opt/altera/13.0sp1/nios2eds/bin/gnu/H-i686-pc-linux-gnu/bin/../lib/gcc/nios2-elf/4.1.2/../../../../nios2-elf/lib/mno-hw-mul/libc.a(lib_a-isattyr.o)
 .bss           0x01034c30        0x0 /opt/altera/13.0sp1/nios2eds/bin/gnu/H-i686-pc-linux-gnu/bin/../lib/gcc/nios2-elf/4.1.2/../../../../nios2-elf/lib/mno-hw-mul/libc.a(lib_a-lseekr.o)
 .bss           0x01034c30        0x0 /opt/altera/13.0sp1/nios2eds/bin/gnu/H-i686-pc-linux-gnu/bin/../lib/gcc/nios2-elf/4.1.2/../../../../nios2-elf/lib/mno-hw-mul/libc.a(lib_a-readr.o)
 .bss           0x01034c30        0x0 /opt/altera/13.0sp1/nios2eds/bin/gnu/H-i686-pc-linux-gnu/bin/../lib/gcc/nios2-elf/4.1.2/mno-hw-mul/libgcc.a(_udivdi3.o)
 .bss           0x01034c30        0x0 /opt/altera/13.0sp1/nios2eds/bin/gnu/H-i686-pc-linux-gnu/bin/../lib/gcc/nios2-elf/4.1.2/mno-hw-mul/libgcc.a(_umoddi3.o)
 .bss           0x01034c30        0x0 /opt/altera/13.0sp1/nios2eds/bin/gnu/H-i686-pc-linux-gnu/bin/../lib/gcc/nios2-elf/4.1.2/mno-hw-mul/libgcc.a(_eq_df.o)
 .bss           0x01034c30        0x0 /opt/altera/13.0sp1/nios2eds/bin/gnu/H-i686-pc-linux-gnu/bin/../lib/gcc/nios2-elf/4.1.2/mno-hw-mul/libgcc.a(_ne_df.o)
 .bss           0x01034c30        0x0 /opt/altera/13.0sp1/nios2eds/bin/gnu/H-i686-pc-linux-gnu/bin/../lib/gcc/nios2-elf/4.1.2/mno-hw-mul/libgcc.a(_lt_df.o)
 .bss           0x01034c30        0x0 ../singlertos2_bsp//libucosii_bsp.a(alt_alarm_start.o)
 .bss           0x01034c30        0x0 ../singlertos2_bsp//libucosii_bsp.a(alt_close.o)
 .bss           0x01034c30        0x0 ../singlertos2_bsp//libucosii_bsp.a(alt_dev.o)
 .bss           0x01034c30        0x0 ../singlertos2_bsp//libucosii_bsp.a(alt_errno.o)
 .bss           0x01034c30        0x0 ../singlertos2_bsp//libucosii_bsp.a(alt_fstat.o)
 .bss           0x01034c30        0x0 ../singlertos2_bsp//libucosii_bsp.a(alt_isatty.o)
 .bss           0x01034c30        0x0 ../singlertos2_bsp//libucosii_bsp.a(alt_load.o)
 .bss           0x01034c30        0x0 ../singlertos2_bsp//libucosii_bsp.a(alt_lseek.o)
 .bss           0x01034c30        0x0 ../singlertos2_bsp//libucosii_bsp.a(alt_main.o)
 .bss           0x01034c30        0x0 ../singlertos2_bsp//libucosii_bsp.a(alt_read.o)
 .bss           0x01034c30        0x0 ../singlertos2_bsp//libucosii_bsp.a(alt_release_fd.o)
 .bss           0x01034c30        0x0 ../singlertos2_bsp//libucosii_bsp.a(alt_sbrk.o)
 .bss           0x01034c30        0x0 ../singlertos2_bsp//libucosii_bsp.a(alt_tick.o)
 .bss           0x01034c30        0x0 ../singlertos2_bsp//libucosii_bsp.a(alt_write.o)
 .bss           0x01034c30        0x0 ../singlertos2_bsp//libucosii_bsp.a(alt_env_lock.o)
 .bss           0x01034c30        0x0 ../singlertos2_bsp//libucosii_bsp.a(alt_malloc_lock.o)
 .bss           0x01034c30        0x0 ../singlertos2_bsp//libucosii_bsp.a(os_core.o)
 .bss           0x01034c30        0x0 ../singlertos2_bsp//libucosii_bsp.a(os_dbg.o)
 .bss           0x01034c30        0x0 ../singlertos2_bsp//libucosii_bsp.a(os_flag.o)
 .bss           0x01034c30        0x0 ../singlertos2_bsp//libucosii_bsp.a(os_mem.o)
 .bss           0x01034c30        0x0 ../singlertos2_bsp//libucosii_bsp.a(os_q.o)
 .bss           0x01034c30        0x0 ../singlertos2_bsp//libucosii_bsp.a(os_sem.o)
 .bss           0x01034c30        0x0 ../singlertos2_bsp//libucosii_bsp.a(os_task.o)
 .bss           0x01034c30        0x0 ../singlertos2_bsp//libucosii_bsp.a(os_time.o)
 .bss           0x01034c30        0x0 ../singlertos2_bsp//libucosii_bsp.a(os_tmr.o)
 .bss           0x01034c30        0x0 ../singlertos2_bsp//libucosii_bsp.a(alt_sys_init.o)
 .bss           0x01034c30        0x0 ../singlertos2_bsp//libucosii_bsp.a(altera_avalon_jtag_uart_fd.o)
 .bss           0x01034c30        0x0 ../singlertos2_bsp//libucosii_bsp.a(altera_avalon_jtag_uart_init.o)
 .bss           0x01034c30        0x0 ../singlertos2_bsp//libucosii_bsp.a(altera_avalon_jtag_uart_ioctl.o)
 .bss           0x01034c30        0x0 ../singlertos2_bsp//libucosii_bsp.a(altera_avalon_jtag_uart_read.o)
 .bss           0x01034c30        0x0 ../singlertos2_bsp//libucosii_bsp.a(altera_avalon_jtag_uart_write.o)
 .bss           0x01034c30        0x0 ../singlertos2_bsp//libucosii_bsp.a(altera_avalon_mutex.o)
 .bss           0x01034c30        0x0 ../singlertos2_bsp//libucosii_bsp.a(altera_avalon_performance_counter.o)
 .bss           0x01034c30        0x0 ../singlertos2_bsp//libucosii_bsp.a(altera_avalon_timer_sc.o)
 .bss           0x01034c30        0x0 ../singlertos2_bsp//libucosii_bsp.a(perf_print_formatted_report.o)
 .bss           0x01034c30        0x0 ../singlertos2_bsp//libucosii_bsp.a(alt_dcache_flush_all.o)
 .bss           0x01034c30        0x0 ../singlertos2_bsp//libucosii_bsp.a(alt_dev_llist_insert.o)
 .bss           0x01034c30        0x0 ../singlertos2_bsp//libucosii_bsp.a(alt_do_ctors.o)
 .bss           0x01034c30        0x0 ../singlertos2_bsp//libucosii_bsp.a(alt_do_dtors.o)
 .bss           0x01034c30        0x0 ../singlertos2_bsp//libucosii_bsp.a(alt_find_dev.o)
 .bss           0x01034c30        0x0 ../singlertos2_bsp//libucosii_bsp.a(alt_icache_flush_all.o)
 .bss           0x01034c30        0x0 ../singlertos2_bsp//libucosii_bsp.a(alt_io_redirect.o)
 .bss           0x01034c30        0x0 ../singlertos2_bsp//libucosii_bsp.a(alt_irq_register.o)
 .bss           0x01034c30        0x0 ../singlertos2_bsp//libucosii_bsp.a(alt_irq_vars.o)
 .bss           0x01034c30        0x0 ../singlertos2_bsp//libucosii_bsp.a(alt_open.o)
 .bss           0x01034c30        0x0 ../singlertos2_bsp//libucosii_bsp.a(altera_nios2_qsys_irq.o)
 .bss           0x01034c30        0x0 ../singlertos2_bsp//libucosii_bsp.a(os_cpu_a.o)
 .bss           0x01034c30        0x0 ../singlertos2_bsp//libucosii_bsp.a(os_cpu_c.o)
 .bss           0x01034c30        0x0 ../singlertos2_bsp//libucosii_bsp.a(alt_find_file.o)
 .bss           0x01034c30        0x0 ../singlertos2_bsp//libucosii_bsp.a(alt_get_fd.o)
 .bss           0x01034c30        0x0 ../singlertos2_bsp//libucosii_bsp.a(alt_irq_entry.o)
 .bss           0x01034c30        0x0 ../singlertos2_bsp//libucosii_bsp.a(alt_irq_handler.o)
 .bss           0x01034c30        0x0 ../singlertos2_bsp//libucosii_bsp.a(alt_exception_entry.o)
 .bss           0x01034c30        0x0 /opt/altera/13.0sp1/nios2eds/bin/gnu/H-i686-pc-linux-gnu/bin/../lib/gcc/nios2-elf/4.1.2/../../../../nios2-elf/lib/mno-hw-mul/libc.a(lib_a-atexit.o)
 .bss           0x01034c30        0x0 /opt/altera/13.0sp1/nios2eds/bin/gnu/H-i686-pc-linux-gnu/bin/../lib/gcc/nios2-elf/4.1.2/../../../../nios2-elf/lib/mno-hw-mul/libc.a(lib_a-exit.o)
 .bss           0x01034c30        0x0 /opt/altera/13.0sp1/nios2eds/bin/gnu/H-i686-pc-linux-gnu/bin/../lib/gcc/nios2-elf/4.1.2/../../../../nios2-elf/lib/mno-hw-mul/libc.a(lib_a-memcmp.o)
 .bss           0x01034c30        0x0 /opt/altera/13.0sp1/nios2eds/bin/gnu/H-i686-pc-linux-gnu/bin/../lib/gcc/nios2-elf/4.1.2/../../../../nios2-elf/lib/mno-hw-mul/libc.a(lib_a-__atexit.o)
 .bss           0x01034c30        0x0 /opt/altera/13.0sp1/nios2eds/bin/gnu/H-i686-pc-linux-gnu/bin/../lib/gcc/nios2-elf/4.1.2/../../../../nios2-elf/lib/mno-hw-mul/libc.a(lib_a-__call_atexit.o)
 .bss           0x01034c30        0x0 ../singlertos2_bsp//libucosii_bsp.a(alt_exit.o)
 *(COMMON)
 COMMON         0x01034c30     0x84d0 obj/default/cpu_0.o
                0x01034c30                task1_stk
                0x01036c30                xcorr2Result
                0x010382f8                StartTask_Stack
                0x0103a2f8                grayed
                0x0103b2f8                cropResult
 COMMON         0x0103d100     0x3d74 ../singlertos2_bsp//libucosii_bsp.a(os_core.o)
                0x0103d100                OSTmrWheelTbl
                0x0103d110                OSFlagTbl
                0x0103d480                OSTmrTbl
                0x0103d7c0                OSMemTbl
                0x0103e3f0                OSTaskStatStk
                0x0103ebf0                OSQTbl
                0x0103edd0                OSTmrTaskStk
                0x0103f5d0                OSTaskIdleStk
                0x0103fdd0                OSEventTbl
                0x01040910                OSTCBTbl
                0x01040e20                OSTCBPrioTbl
 COMMON         0x01040e74      0x100 ../singlertos2_bsp//libucosii_bsp.a(alt_irq_handler.o)
                0x01040e74                alt_irq
 COMMON         0x01040f74      0x190 /opt/altera/13.0sp1/nios2eds/bin/gnu/H-i686-pc-linux-gnu/bin/../lib/gcc/nios2-elf/4.1.2/../../../../nios2-elf/lib/mno-hw-mul/libc.a(lib_a-atexit.o)
                0x01040f74                _atexit0
                0x01041104                . = ALIGN (0x4)
                0x01041104                __bss_end = ABSOLUTE (.)

.sram           0x000801c0        0x0 load address 0x01041104
                0x000801c0                PROVIDE (_alt_partition_sram_start, ABSOLUTE (.))
 *(.sram. sram.*)
                0x000801c0                . = ALIGN (0x4)
                0x000801c0                PROVIDE (_alt_partition_sram_end, ABSOLUTE (.))
                0x01041104                PROVIDE (_alt_partition_sram_load_addr, LOADADDR (.sram))

.shared_onchip  0x00102000        0x0 load address 0x01041104
                0x00102000                PROVIDE (_alt_partition_shared_onchip_start, ABSOLUTE (.))
 *(.shared_onchip. shared_onchip.*)
                0x00102000                . = ALIGN (0x4)
                0x00102000                PROVIDE (_alt_partition_shared_onchip_end, ABSOLUTE (.))
                0x01041104                PROVIDE (_alt_partition_shared_onchip_load_addr, LOADADDR (.shared_onchip))

.sdram          0x01041104        0x0
                0x01041104                PROVIDE (_alt_partition_sdram_start, ABSOLUTE (.))
 *(.sdram. sdram.*)
                0x01041104                . = ALIGN (0x4)
                0x01041104                PROVIDE (_alt_partition_sdram_end, ABSOLUTE (.))
                0x01041104                _end = ABSOLUTE (.)
                0x01041104                end = ABSOLUTE (.)
                0x01041104                __alt_stack_base = ABSOLUTE (.)
                0x01041104                PROVIDE (_alt_partition_sdram_load_addr, LOADADDR (.sdram))

.stab
 *(.stab)

.stabstr
 *(.stabstr)

.stab.excl
 *(.stab.excl)

.stab.exclstr
 *(.stab.exclstr)

.stab.index
 *(.stab.index)

.stab.indexstr
 *(.stab.indexstr)

.comment        0x00000000       0x26
 *(.comment)
 .comment       0x00000000       0x26 obj/default/cpu_0.o
                                 0x27 (size before relaxing)
 .comment       0x00000000       0x27 /opt/altera/13.0sp1/nios2eds/bin/gnu/H-i686-pc-linux-gnu/bin/../lib/gcc/nios2-elf/4.1.2/mno-hw-mul/libgcc.a(_muldi3.o)
 .comment       0x00000000       0x27 /opt/altera/13.0sp1/nios2eds/bin/gnu/H-i686-pc-linux-gnu/bin/../lib/gcc/nios2-elf/4.1.2/mno-hw-mul/libgcc.a(_fixunsdfsi.o)
 .comment       0x00000000       0x27 /opt/altera/13.0sp1/nios2eds/bin/gnu/H-i686-pc-linux-gnu/bin/../lib/gcc/nios2-elf/4.1.2/mno-hw-mul/libgcc.a(_floatundidf.o)
 .comment       0x00000000       0x27 /opt/altera/13.0sp1/nios2eds/bin/gnu/H-i686-pc-linux-gnu/bin/../lib/gcc/nios2-elf/4.1.2/mno-hw-mul/libgcc.a(_addsub_df.o)
 .comment       0x00000000       0x27 /opt/altera/13.0sp1/nios2eds/bin/gnu/H-i686-pc-linux-gnu/bin/../lib/gcc/nios2-elf/4.1.2/mno-hw-mul/libgcc.a(_mul_df.o)
 .comment       0x00000000       0x27 /opt/altera/13.0sp1/nios2eds/bin/gnu/H-i686-pc-linux-gnu/bin/../lib/gcc/nios2-elf/4.1.2/mno-hw-mul/libgcc.a(_div_df.o)
 .comment       0x00000000       0x27 /opt/altera/13.0sp1/nios2eds/bin/gnu/H-i686-pc-linux-gnu/bin/../lib/gcc/nios2-elf/4.1.2/mno-hw-mul/libgcc.a(_gt_df.o)
 .comment       0x00000000       0x27 /opt/altera/13.0sp1/nios2eds/bin/gnu/H-i686-pc-linux-gnu/bin/../lib/gcc/nios2-elf/4.1.2/mno-hw-mul/libgcc.a(_ge_df.o)
 .comment       0x00000000       0x27 /opt/altera/13.0sp1/nios2eds/bin/gnu/H-i686-pc-linux-gnu/bin/../lib/gcc/nios2-elf/4.1.2/mno-hw-mul/libgcc.a(_si_to_df.o)
 .comment       0x00000000       0x27 /opt/altera/13.0sp1/nios2eds/bin/gnu/H-i686-pc-linux-gnu/bin/../lib/gcc/nios2-elf/4.1.2/mno-hw-mul/libgcc.a(_df_to_si.o)
 .comment       0x00000000       0x27 /opt/altera/13.0sp1/nios2eds/bin/gnu/H-i686-pc-linux-gnu/bin/../lib/gcc/nios2-elf/4.1.2/mno-hw-mul/libgcc.a(_thenan_df.o)
 .comment       0x00000000       0x27 /opt/altera/13.0sp1/nios2eds/bin/gnu/H-i686-pc-linux-gnu/bin/../lib/gcc/nios2-elf/4.1.2/mno-hw-mul/libgcc.a(_usi_to_df.o)
 .comment       0x00000000       0x27 /opt/altera/13.0sp1/nios2eds/bin/gnu/H-i686-pc-linux-gnu/bin/../lib/gcc/nios2-elf/4.1.2/mno-hw-mul/libgcc.a(lib2-divmod.o)
 .comment       0x00000000       0x27 /opt/altera/13.0sp1/nios2eds/bin/gnu/H-i686-pc-linux-gnu/bin/../lib/gcc/nios2-elf/4.1.2/mno-hw-mul/libgcc.a(lib2-mul.o)