Archive member included because of file (symbol)

/opt/altera/13.0sp1/nios2eds/bin/gnu/H-i686-pc-linux-gnu/bin/../lib/gcc/nios2-elf/4.1.2/mno-hw-mul/pg/libgcc.a(_udivdi3.o)
                              obj/default/cpu_0.o (__udivdi3)
/opt/altera/13.0sp1/nios2eds/bin/gnu/H-i686-pc-linux-gnu/bin/../lib/gcc/nios2-elf/4.1.2/mno-hw-mul/pg/libgcc.a(_div_df.o)
                              obj/default/cpu_0.o (__divdf3)
/opt/altera/13.0sp1/nios2eds/bin/gnu/H-i686-pc-linux-gnu/bin/../lib/gcc/nios2-elf/4.1.2/mno-hw-mul/pg/libgcc.a(_thenan_df.o)
                              /opt/altera/13.0sp1/nios2eds/bin/gnu/H-i686-pc-linux-gnu/bin/../lib/gcc/nios2-elf/4.1.2/mno-hw-mul/pg/libgcc.a(_div_df.o) (__thenan_df)
/opt/altera/13.0sp1/nios2eds/bin/gnu/H-i686-pc-linux-gnu/bin/../lib/gcc/nios2-elf/4.1.2/mno-hw-mul/pg/libgcc.a(_usi_to_df.o)
                              obj/default/cpu_0.o (__floatunsidf)
/opt/altera/13.0sp1/nios2eds/bin/gnu/H-i686-pc-linux-gnu/bin/../lib/gcc/nios2-elf/4.1.2/mno-hw-mul/pg/libgcc.a(lib2-divmod.o)
                              obj/default/cpu_0.o (__divsi3)
/opt/altera/13.0sp1/nios2eds/bin/gnu/H-i686-pc-linux-gnu/bin/../lib/gcc/nios2-elf/4.1.2/mno-hw-mul/pg/libgcc.a(lib2-mul.o)
                              obj/default/cpu_0.o (__mulsi3)
/opt/altera/13.0sp1/nios2eds/bin/gnu/H-i686-pc-linux-gnu/bin/../lib/gcc/nios2-elf/4.1.2/mno-hw-mul/pg/libgcc.a(_clz.o)
                              /opt/altera/13.0sp1/nios2eds/bin/gnu/H-i686-pc-linux-gnu/bin/../lib/gcc/nios2-elf/4.1.2/mno-hw-mul/pg/libgcc.a(_udivdi3.o) (__clz_tab)
/opt/altera/13.0sp1/nios2eds/bin/gnu/H-i686-pc-linux-gnu/bin/../lib/gcc/nios2-elf/4.1.2/mno-hw-mul/pg/libgcc.a(_clzsi2.o)
                              /opt/altera/13.0sp1/nios2eds/bin/gnu/H-i686-pc-linux-gnu/bin/../lib/gcc/nios2-elf/4.1.2/mno-hw-mul/pg/libgcc.a(_usi_to_df.o) (__clzsi2)
/opt/altera/13.0sp1/nios2eds/bin/gnu/H-i686-pc-linux-gnu/bin/../lib/gcc/nios2-elf/4.1.2/mno-hw-mul/pg/libgcc.a(_pack_df.o)
                              /opt/altera/13.0sp1/nios2eds/bin/gnu/H-i686-pc-linux-gnu/bin/../lib/gcc/nios2-elf/4.1.2/mno-hw-mul/pg/libgcc.a(_div_df.o) (__pack_d)
/opt/altera/13.0sp1/nios2eds/bin/gnu/H-i686-pc-linux-gnu/bin/../lib/gcc/nios2-elf/4.1.2/mno-hw-mul/pg/libgcc.a(_unpack_df.o)
                              /opt/altera/13.0sp1/nios2eds/bin/gnu/H-i686-pc-linux-gnu/bin/../lib/gcc/nios2-elf/4.1.2/mno-hw-mul/pg/libgcc.a(_div_df.o) (__unpack_d)
/opt/altera/13.0sp1/nios2eds/bin/gnu/H-i686-pc-linux-gnu/bin/../lib/gcc/nios2-elf/4.1.2/../../../../nios2-elf/lib/mno-hw-mul/pg/libc.a(lib_a-printf.o)
                              obj/default/cpu_0.o (printf)
/opt/altera/13.0sp1/nios2eds/bin/gnu/H-i686-pc-linux-gnu/bin/../lib/gcc/nios2-elf/4.1.2/../../../../nios2-elf/lib/mno-hw-mul/pg/libc.a(lib_a-putchar.o)
                              obj/default/cpu_0.o (putchar)
/opt/altera/13.0sp1/nios2eds/bin/gnu/H-i686-pc-linux-gnu/bin/../lib/gcc/nios2-elf/4.1.2/../../../../nios2-elf/lib/mno-hw-mul/pg/libc.a(lib_a-puts.o)
                              obj/default/cpu_0.o (puts)
/opt/altera/13.0sp1/nios2eds/bin/gnu/H-i686-pc-linux-gnu/bin/../lib/gcc/nios2-elf/4.1.2/../../../../nios2-elf/lib/mno-hw-mul/pg/libc.a(lib_a-strlen.o)
                              /opt/altera/13.0sp1/nios2eds/bin/gnu/H-i686-pc-linux-gnu/bin/../lib/gcc/nios2-elf/4.1.2/../../../../nios2-elf/lib/mno-hw-mul/pg/libc.a(lib_a-puts.o) (strlen)
/opt/altera/13.0sp1/nios2eds/bin/gnu/H-i686-pc-linux-gnu/bin/../lib/gcc/nios2-elf/4.1.2/../../../../nios2-elf/lib/mno-hw-mul/pg/libc.a(lib_a-vfprintf.o)
                              /opt/altera/13.0sp1/nios2eds/bin/gnu/H-i686-pc-linux-gnu/bin/../lib/gcc/nios2-elf/4.1.2/../../../../nios2-elf/lib/mno-hw-mul/pg/libc.a(lib_a-printf.o) (___vfprintf_internal_r)
/opt/altera/13.0sp1/nios2eds/bin/gnu/H-i686-pc-linux-gnu/bin/../lib/gcc/nios2-elf/4.1.2/../../../../nios2-elf/lib/mno-hw-mul/pg/libc.a(lib_a-wsetup.o)
                              /opt/altera/13.0sp1/nios2eds/bin/gnu/H-i686-pc-linux-gnu/bin/../lib/gcc/nios2-elf/4.1.2/../../../../nios2-elf/lib/mno-hw-mul/pg/libc.a(lib_a-vfprintf.o) (__swsetup_r)
/opt/altera/13.0sp1/nios2eds/bin/gnu/H-i686-pc-linux-gnu/bin/../lib/gcc/nios2-elf/4.1.2/../../../../nios2-elf/lib/mno-hw-mul/pg/libc.a(lib_a-dtoa.o)
                              /opt/altera/13.0sp1/nios2eds/bin/gnu/H-i686-pc-linux-gnu/bin/../lib/gcc/nios2-elf/4.1.2/../../../../nios2-elf/lib/mno-hw-mul/pg/libc.a(lib_a-vfprintf.o) (_dtoa_r)
/opt/altera/13.0sp1/nios2eds/bin/gnu/H-i686-pc-linux-gnu/bin/../lib/gcc/nios2-elf/4.1.2/../../../../nios2-elf/lib/mno-hw-mul/pg/libc.a(lib_a-fflush.o)
                              /opt/altera/13.0sp1/nios2eds/bin/gnu/H-i686-pc-linux-gnu/bin/../lib/gcc/nios2-elf/4.1.2/../../../../nios2-elf/lib/mno-hw-mul/pg/libc.a(lib_a-vfprintf.o) (_fflush_r)
/opt/altera/13.0sp1/nios2eds/bin/gnu/H-i686-pc-linux-gnu/bin/../lib/gcc/nios2-elf/4.1.2/../../../../nios2-elf/lib/mno-hw-mul/pg/libc.a(lib_a-findfp.o)
[...]
Memory Configuration

Name             Origin             Length             Attributes
reset            0x00080000         0x00000020
sram             0x00080020         0x0007ffe0
shared_onchip    0x00102000         0x00002000
sdram            0x01000000         0x00800000
*default*        0x00000000         0xffffffff

Linker script and memory map

LOAD ../rt_bsp//obj/HAL/src/crt0.o
LOAD obj/default/cpu_0.o
LOAD obj/default/delay_asm.o
LOAD /opt/altera/13.0sp1/nios2eds/bin/gnu/H-i686-pc-linux-gnu/bin/../lib/gcc/nios2-elf/4.1.2/../../../../nios2-elf/lib/mno-hw-mul/pg/libstdc++.a
LOAD /opt/altera/13.0sp1/nios2eds/bin/gnu/H-i686-pc-linux-gnu/bin/../lib/gcc/nios2-elf/4.1.2/../../../../nios2-elf/lib/mno-hw-mul/pg/libm.a
LOAD /opt/altera/13.0sp1/nios2eds/bin/gnu/H-i686-pc-linux-gnu/bin/../lib/gcc/nios2-elf/4.1.2/mno-hw-mul/pg/libgcc.a
START GROUP
LOAD /opt/altera/13.0sp1/nios2eds/bin/gnu/H-i686-pc-linux-gnu/bin/../lib/gcc/nios2-elf/4.1.2/../../../../nios2-elf/lib/mno-hw-mul/pg/libc.a
LOAD /opt/altera/13.0sp1/nios2eds/bin/gnu/H-i686-pc-linux-gnu/bin/../lib/gcc/nios2-elf/4.1.2/mno-hw-mul/pg/libgcc.a
LOAD ../rt_bsp//libucosii_bsp.a
END GROUP
LOAD /opt/altera/13.0sp1/nios2eds/bin/gnu/H-i686-pc-linux-gnu/bin/../lib/gcc/nios2-elf/4.1.2/mno-hw-mul/pg/libgcc.a
                0x00080000                __alt_mem_sram = 0x80000
                0x00102000                __alt_mem_shared_onchip = 0x102000
                0x01000000                __alt_mem_sdram = 0x1000000

.entry          0x00080000       0x20
 *(.entry)
 .entry         0x00080000       0x20 ../rt_bsp//obj/HAL/src/crt0.o
                0x00080000                __reset

.exceptions     0x00080020      0x1ac load address 0x01000000
                0x00080020                PROVIDE (__ram_exceptions_start, ABSOLUTE (.))
                0x00080020                . = ALIGN (0x20)
 *(.irq)
 *(.exceptions.entry.label)
 .exceptions.entry.label
                0x00080020        0x0 ../rt_bsp//libucosii_bsp.a(alt_irq_entry.o)
                0x00080020                alt_irq_entry
 .exceptions.entry.label
                0x00080020        0x0 ../rt_bsp//libucosii_bsp.a(alt_exception_entry.o)
                0x00080020                alt_exception
 *(.exceptions.entry.user)
 *(.exceptions.entry)
 .exceptions.entry
                0x00080020       0x54 ../rt_bsp//libucosii_bsp.a(alt_exception_entry.o)
 *(.exceptions.irqtest.user)
 *(.exceptions.irqtest)
 .exceptions.irqtest
                0x00080074       0x10 ../rt_bsp//libucosii_bsp.a(alt_irq_entry.o)
 *(.exceptions.irqhandler.user)
 *(.exceptions.irqhandler)
 .exceptions.irqhandler
                0x00080084        0x4 ../rt_bsp//libucosii_bsp.a(alt_irq_entry.o)
 *(.exceptions.irqreturn.user)
 *(.exceptions.irqreturn)
 .exceptions.irqreturn
                0x00080088        0x4 ../rt_bsp//libucosii_bsp.a(alt_irq_entry.o)
 *(.exceptions.notirq.label)
 .exceptions.notirq.label
                0x0008008c        0x0 ../rt_bsp//libucosii_bsp.a(alt_irq_entry.o)
 *(.exceptions.notirq.user)
 *(.exceptions.notirq)
 .exceptions.notirq
                0x0008008c        0x8 ../rt_bsp//libucosii_bsp.a(alt_exception_entry.o)
 *(.exceptions.soft.user)
 *(.exceptions.soft)
 *(.exceptions.unknown.user)
 *(.exceptions.unknown)
 .exceptions.unknown
                0x00080094        0x4 ../rt_bsp//libucosii_bsp.a(alt_exception_entry.o)
 *(.exceptions.exit.label)
 .exceptions.exit.label
                0x00080098        0x0 ../rt_bsp//libucosii_bsp.a(alt_irq_entry.o)
 .exceptions.exit.label
                0x00080098        0x0 ../rt_bsp//libucosii_bsp.a(alt_exception_entry.o)
 *(.exceptions.exit.user)
 *(.exceptions.exit)
 .exceptions.exit
                0x00080098       0x54 ../rt_bsp//libucosii_bsp.a(alt_exception_entry.o)
 *(.exceptions)
 .exceptions    0x000800ec       0xe0 ../rt_bsp//libucosii_bsp.a(alt_irq_handler.o)
                0x000800ec                alt_irq_handler
                0x000801cc                PROVIDE (__ram_exceptions_end, ABSOLUTE (.))
                0x01000000                PROVIDE (__flash_exceptions_start, LOADADDR (.exceptions))

.text           0x010001ac    0x19a80
                0x010001ac                PROVIDE (stext, ABSOLUTE (.))
 *(.interp)
 *(.hash)
 *(.dynsym)
 *(.dynstr)
 *(.gnu.version)
 *(.gnu.version_d)
 *(.gnu.version_r)
 *(.rel.init)
 *(.rela.init)
 *(.rel.text .rel.text.* .rel.gnu.linkonce.t.*)
 *(.rela.text .rela.text.* .rela.gnu.linkonce.t.*)
 *(.rel.fini)
 *(.rela.fini)
 *(.rel.rodata .rel.rodata.* .rel.gnu.linkonce.r.*)
 *(.rela.rodata .rela.rodata.* .rela.gnu.linkonce.r.*)
 *(.rel.data .rel.data.* .rel.gnu.linkonce.d.*)
 *(.rela.data .rela.data.* .rela.gnu.linkonce.d.*)
 *(.rel.tdata .rel.tdata.* .rel.gnu.linkonce.td.*)
 *(.rela.tdata .rela.tdata.* .rela.gnu.linkonce.td.*)
 *(.rel.tbss .rel.tbss.* .rel.gnu.linkonce.tb.*)
 *(.rela.tbss .rela.tbss.* .rela.gnu.linkonce.tb.*)
 *(.rel.ctors)
 *(.rela.ctors)
 *(.rel.dtors)
 *(.rela.dtors)
 *(.rel.got)
 *(.rela.got)
 *(.rel.sdata .rel.sdata.* .rel.gnu.linkonce.s.*)
 *(.rela.sdata .rela.sdata.* .rela.gnu.linkonce.s.*)
 *(.rel.sbss .rel.sbss.* .rel.gnu.linkonce.sb.*)
 *(.rela.sbss .rela.sbss.* .rela.gnu.linkonce.sb.*)
 *(.rel.sdata2 .rel.sdata2.* .rel.gnu.linkonce.s2.*)
 *(.rela.sdata2 .rela.sdata2.* .rela.gnu.linkonce.s2.*)
 *(.rel.sbss2 .rel.sbss2.* .rel.gnu.linkonce.sb2.*)
 *(.rela.sbss2 .rela.sbss2.* .rela.gnu.linkonce.sb2.*)
 *(.rel.bss .rel.bss.* .rel.gnu.linkonce.b.*)
 *(.rela.bss .rela.bss.* .rela.gnu.linkonce.b.*)
 *(.rel.plt)
 *(.rela.plt)
 *(.rel.dyn)
 *(.init)
 *(.plt)
 *(.text .stub .text.* .gnu.linkonce.t.*)
 .text          0x010001ac       0x3c ../rt_bsp//obj/HAL/src/crt0.o
                0x010001ac                _start
 .text          0x010001e8     0x13d4 obj/default/cpu_0.o
                0x010001e8                printAscii
                0x010002fc                printAsciiHidden
                0x010004c4                alarm_handler
                0x01000500                Grayscale
                0x010006cc                GrayTask
                0x01000844                CalcCoord
                0x010009a4                CalcCoordTask
                0x01000a24                crop
                0x01000b40                CropTask
                0x01000bb4                stencilmat
                0x01000db4                xCorr2
                0x01000f08                xCorr2Task
                0x01000f58                posMax
                0x010010f4                PosMaxTask
                0x01001144                objectPos
                0x010011c8                ObjectPosTask
                0x01001258                StartTask
                0x010014f4                main
 .text          0x010015bc       0x20 obj/default/delay_asm.o
                0x010015bc                delay1
 .text          0x010015dc      0x678 /opt/altera/13.0sp1/nios2eds/bin/gnu/H-i686-pc-linux-gnu/bin/../lib/gcc/nios2-elf/4.1.2/mno-hw-mul/pg/libgcc.a(_udivdi3.o)
                0x010015dc                __udivdi3
 .text          0x01001c54      0x264 /opt/altera/13.0sp1/nios2eds/bin/gnu/H-i686-pc-linux-gnu/bin/../lib/gcc/nios2-elf/4.1.2/mno-hw-mul/pg/libgcc.a(_div_df.o)
                0x01001c54                __divdf3
 .text          0x01001eb8        0x0 /opt/altera/13.0sp1/nios2eds/bin/gnu/H-i686-pc-linux-gnu/bin/../lib/gcc/nios2-elf/4.1.2/mno-hw-mul/pg/libgcc.a(_thenan_df.o)
 .text          0x01001eb8      0x1a0 /opt/altera/13.0sp1/nios2eds/bin/gnu/H-i686-pc-linux-gnu/bin/../lib/gcc/nios2-elf/4.1.2/mno-hw-mul/pg/libgcc.a(_usi_to_df.o)
                0x01001eb8                __floatunsidf
 .text          0x01002058      0x188 /opt/altera/13.0sp1/nios2eds/bin/gnu/H-i686-pc-linux-gnu/bin/../lib/gcc/nios2-elf/4.1.2/mno-hw-mul/pg/libgcc.a(lib2-divmod.o)
                0x010020e0                __divsi3
                0x0100214c                __modsi3
                0x010021b8                __udivsi3
                0x010021cc                __umodsi3
 .text          0x010021e0       0x44 /opt/altera/13.0sp1/nios2eds/bin/gnu/H-i686-pc-linux-gnu/bin/../lib/gcc/nios2-elf/4.1.2/mno-hw-mul/pg/libgcc.a(lib2-mul.o)
                0x010021e0                __mulsi3
 .text          0x01002224        0x0 /opt/altera/13.0sp1/nios2eds/bin/gnu/H-i686-pc-linux-gnu/bin/../lib/gcc/nios2-elf/4.1.2/mno-hw-mul/pg/libgcc.a(_clz.o)
 .text          0x01002224       0x8c /opt/altera/13.0sp1/nios2eds/bin/gnu/H-i686-pc-linux-gnu/bin/../lib/gcc/nios2-elf/4.1.2/mno-hw-mul/pg/libgcc.a(_clzsi2.o)
                0x01002224                __clzsi2
 .text          0x010022b0      0x320 /opt/altera/13.0sp1/nios2eds/bin/gnu/H-i686-pc-linux-gnu/bin/../lib/gcc/nios2-elf/4.1.2/mno-hw-mul/pg/libgcc.a(_pack_df.o)
                0x010022b0                __pack_d
 .text          0x010025d0      0x144 /opt/altera/13.0sp1/nios2eds/bin/gnu/H-i686-pc-linux-gnu/bin/../lib/gcc/nios2-elf/4.1.2/mno-hw-mul/pg/libgcc.a(_unpack_df.o)
                0x010025d0                __unpack_d
 .text          0x01002714       0x90 /opt/altera/13.0sp1/nios2eds/bin/gnu/H-i686-pc-linux-gnu/bin/../lib/gcc/nios2-elf/4.1.2/../../../../nios2-elf/lib/mno-hw-mul/pg/libc.a(lib_a-printf.o)
                0x01002714                printf
                0x01002764                _printf_r
 .text          0x010027a4       0x3c /opt/altera/13.0sp1/nios2eds/bin/gnu/H-i686-pc-linux-gnu/bin/../lib/gcc/nios2-elf/4.1.2/../../../../nios2-elf/lib/mno-hw-mul/pg/libc.a(lib_a-putchar.o)
                0x010027a4                putchar
                0x010027cc                _putchar_r
 .text          0x010027e0       0xcc /opt/altera/13.0sp1/nios2eds/bin/gnu/H-i686-pc-linux-gnu/bin/../lib/gcc/nios2-elf/4.1.2/../../../../nios2-elf/lib/mno-hw-mul/pg/libc.a(lib_a-puts.o)
                0x010027e0                _puts_r
                0x0100288c                puts
 .text          0x010028ac       0x80 /opt/altera/13.0sp1/nios2eds/bin/gnu/H-i686-pc-linux-gnu/bin/../lib/gcc/nios2-elf/4.1.2/../../../../nios2-elf/lib/mno-hw-mul/pg/libc.a(lib_a-strlen.o)
                0x010028ac                strlen
 .text          0x0100292c     0x1f64 /opt/altera/13.0sp1/nios2eds/bin/gnu/H-i686-pc-linux-gnu/bin/../lib/gcc/nios2-elf/4.1.2/../../../../nios2-elf/lib/mno-hw-mul/pg/libc.a(lib_a-vfprintf.o)
                0x01002990                ___vfprintf_internal_r
                0x01004860                __vfprintf_internal
 .text          0x01004890      0x148 /opt/altera/13.0sp1/nios2eds/bin/gnu/H-i686-pc-linux-gnu/bin/../lib/gcc/nios2-elf/4.1.2/../../../../nios2-elf/lib/mno-hw-mul/pg/libc.a(lib_a-wsetup.o)
                0x01004890                __swsetup_r
 .text          0x010049d8     0x1810 /opt/altera/13.0sp1/nios2eds/bin/gnu/H-i686-pc-linux-gnu/bin/../lib/gcc/nios2-elf/4.1.2/../../../../nios2-elf/lib/mno-hw-mul/pg/libc.a(lib_a-dtoa.o)
                0x01004c28                _dtoa_r
 .text          0x010061e8      0x248 /opt/altera/13.0sp1/nios2eds/bin/gnu/H-i686-pc-linux-gnu/bin/../lib/gcc/nios2-elf/4.1.2/../../../../nios2-elf/lib/mno-hw-mul/pg/libc.a(lib_a-fflush.o)
                0x010061e8                _fflush_r
                0x010063f0                fflush
 .text          0x01006430      0x39c /opt/altera/13.0sp1/nios2eds/bin/gnu/H-i686-pc-linux-gnu/bin/../lib/gcc/nios2-elf/4.1.2/../../../../nios2-elf/lib/mno-hw-mul/pg/libc.a(lib_a-findfp.o)
                0x01006494                __sfp_lock_acquire
                0x010064a4                __sfp_lock_release
                0x010064b4                __sinit_lock_acquire
                0x010064c4                __sinit_lock_release
                0x010064d4                __sinit
                0x010065ac                __fp_unlock_all
                0x010065d0                __fp_lock_all
                0x010065f4                _cleanup_r
                0x0100660c                _cleanup
                0x01006628                __sfmoreglue
                0x010066d0                __sfp
 .text          0x010067cc      0x458 /opt/altera/13.0sp1/nios2eds/bin/gnu/H-i686-pc-linux-gnu/bin/../lib/gcc/nios2-elf/4.1.2/../../../../nios2-elf/lib/mno-hw-mul/pg/libc.a(lib_a-freer.o)
                0x010067cc                _malloc_trim_r
                0x01006904                _free_r
 .text          0x01006c24      0x4a8 /opt/altera/13.0sp1/nios2eds/bin/gnu/H-i686-pc-linux-gnu/bin/../lib/gcc/nios2-elf/4.1.2/../../../../nios2-elf/lib/mno-hw-mul/pg/libc.a(lib_a-fvwrite.o)
                0x01006c24                __sfvwrite_r
 .text          0x010070cc      0x198 /opt/altera/13.0sp1/nios2eds/bin/gnu/H-i686-pc-linux-gnu/bin/../lib/gcc/nios2-elf/4.1.2/../../../../nios2-elf/lib/mno-hw-mul/pg/libc.a(lib_a-fwalk.o)
                0x010070cc                _fwalk_reent
                0x010071a0                _fwalk
 .text          0x01007264        0x0 /opt/altera/13.0sp1/nios2eds/bin/gnu/H-i686-pc-linux-gnu/bin/../lib/gcc/nios2-elf/4.1.2/../../../../nios2-elf/lib/mno-hw-mul/pg/libc.a(lib_a-impure.o)
 .text          0x01007264      0x100 /opt/altera/13.0sp1/nios2eds/bin/gnu/H-i686-pc-linux-gnu/bin/../lib/gcc/nios2-elf/4.1.2/../../../../nios2-elf/lib/mno-hw-mul/pg/libc.a(lib_a-locale.o)
                0x01007264                __locale_charset
                0x01007278                _localeconv_r
                0x01007290                localeconv
                0x010072ac                _setlocale_r
                0x0100733c                setlocale
 .text          0x01007364      0x1a0 /opt/altera/13.0sp1/nios2eds/bin/gnu/H-i686-pc-linux-gnu/bin/../lib/gcc/nios2-elf/4.1.2/../../../../nios2-elf/lib/mno-hw-mul/pg/libc.a(lib_a-makebuf.o)
                0x01007364                __smakebuf_r
 .text          0x01007504      0x74c /opt/altera/13.0sp1/nios2eds/bin/gnu/H-i686-pc-linux-gnu/bin/../lib/gcc/nios2-elf/4.1.2/../../../../nios2-elf/lib/mno-hw-mul/pg/libc.a(lib_a-mallocr.o)
                0x01007504                _malloc_r
 .text          0x01007c50       0xf0 /opt/altera/13.0sp1/nios2eds/bin/gnu/H-i686-pc-linux-gnu/bin/../lib/gcc/nios2-elf/4.1.2/../../../../nios2-elf/lib/mno-hw-mul/pg/libc.a(lib_a-memchr.o)
                0x01007c50                memchr
 .text          0x01007d40       0xac /opt/altera/13.0sp1/nios2eds/bin/gnu/H-i686-pc-linux-gnu/bin/../lib/gcc/nios2-elf/4.1.2/../../../../nios2-elf/lib/mno-hw-mul/pg/libc.a(lib_a-memcpy.o)
                0x01007d40                memcpy
 .text          0x01007dec       0xec /opt/altera/13.0sp1/nios2eds/bin/gnu/H-i686-pc-linux-gnu/bin/../lib/gcc/nios2-elf/4.1.2/../../../../nios2-elf/lib/mno-hw-mul/pg/libc.a(lib_a-memmove.o)
                0x01007dec                memmove
 .text          0x01007ed8       0xa4 /opt/altera/13.0sp1/nios2eds/bin/gnu/H-i686-pc-linux-gnu/bin/../lib/gcc/nios2-elf/4.1.2/../../../../nios2-elf/lib/mno-hw-mul/pg/libc.a(lib_a-memset.o)
                0x01007ed8                memset
 .text          0x01007f7c     0x1174 /opt/altera/13.0sp1/nios2eds/bin/gnu/H-i686-pc-linux-gnu/bin/../lib/gcc/nios2-elf/4.1.2/../../../../nios2-elf/lib/mno-hw-mul/pg/libc.a(lib_a-mprec.o)
                0x01007f7c                _Bfree
                0x01007fb0                __hi0bits
                0x0100802c                __lo0bits
                0x010080fc                __mcmp
                0x01008168                __ulp
                0x010081f4                __b2d
                0x01008320                __ratio
                0x010083dc                _mprec_log10
                0x0100847c                __copybits
                0x010084e0                __any_on
                0x01008578                _Balloc
                0x01008640                __d2b
                0x010087c8                __mdiff
                0x01008960                __lshift
                0x01008ab8                __multiply
                0x01008d18                __i2b
                0x01008d60                __multadd
                0x01008e98                __pow5mult
                0x01008fc4                __s2b
 .text          0x010090f0      0x204 /opt/altera/13.0sp1/nios2eds/bin/gnu/H-i686-pc-linux-gnu/bin/../lib/gcc/nios2-elf/4.1.2/../../../../nios2-elf/lib/mno-hw-mul/pg/libc.a(lib_a-putc.o)
                0x010090f0                putc
                0x01009200                _putc_r
 .text          0x010092f4      0x600 /opt/altera/13.0sp1/nios2eds/bin/gnu/H-i686-pc-linux-gnu/bin/../lib/gcc/nios2-elf/4.1.2/../../../../nios2-elf/lib/mno-hw-mul/pg/libc.a(lib_a-reallocr.o)
                0x010092f4                _realloc_r
 .text          0x010098f4       0x4c /opt/altera/13.0sp1/nios2eds/bin/gnu/H-i686-pc-linux-gnu/bin/../lib/gcc/nios2-elf/4.1.2/../../../../nios2-elf/lib/mno-hw-mul/pg/libc.a(lib_a-s_isinfd.o)
                0x010098f4                __isinfd
 .text          0x01009940       0x3c /opt/altera/13.0sp1/nios2eds/bin/gnu/H-i686-pc-linux-gnu/bin/../lib/gcc/nios2-elf/4.1.2/../../../../nios2-elf/lib/mno-hw-mul/pg/libc.a(lib_a-s_isnand.o)
                0x01009940                __isnand
 .text          0x0100997c       0x7c /opt/altera/13.0sp1/nios2eds/bin/gnu/H-i686-pc-linux-gnu/bin/../lib/gcc/nios2-elf/4.1.2/../../../../nios2-elf/lib/mno-hw-mul/pg/libc.a(lib_a-sbrkr.o)
                0x0100997c                _sbrk_r
 .text          0x010099f8      0x17c /opt/altera/13.0sp1/nios2eds/bin/gnu/H-i686-pc-linux-gnu/bin/../lib/gcc/nios2-elf/4.1.2/../../../../nios2-elf/lib/mno-hw-mul/pg/libc.a(lib_a-stdio.o)
                0x010099f8                __sclose
                0x01009a0c                __sseek
                0x01009a80                __swrite
                0x01009b08                __sread
 .text          0x01009b74       0xc8 /opt/altera/13.0sp1/nios2eds/bin/gnu/H-i686-pc-linux-gnu/bin/../lib/gcc/nios2-elf/4.1.2/../../../../nios2-elf/lib/mno-hw-mul/pg/libc.a(lib_a-strcmp.o)
                0x01009b74                strcmp
 .text          0x01009c3c      0x164 /opt/altera/13.0sp1/nios2eds/bin/gnu/H-i686-pc-linux-gnu/bin/../lib/gcc/nios2-elf/4.1.2/../../../../nios2-elf/lib/mno-hw-mul/pg/libc.a(lib_a-wbuf.o)
                0x01009c3c                __swbuf_r
                0x01009d78                __swbuf
 .text          0x01009da0       0x84 /opt/altera/13.0sp1/nios2eds/bin/gnu/H-i686-pc-linux-gnu/bin/../lib/gcc/nios2-elf/4.1.2/../../../../nios2-elf/lib/mno-hw-mul/pg/libc.a(lib_a-writer.o)
                0x01009da0                _write_r
 .text          0x01009e24       0xd4 /opt/altera/13.0sp1/nios2eds/bin/gnu/H-i686-pc-linux-gnu/bin/../lib/gcc/nios2-elf/4.1.2/../../../../nios2-elf/lib/mno-hw-mul/pg/libc.a(lib_a-callocr.o)
                0x01009e24                _calloc_r
 .text          0x01009ef8       0x7c /opt/altera/13.0sp1/nios2eds/bin/gnu/H-i686-pc-linux-gnu/bin/../lib/gcc/nios2-elf/4.1.2/../../../../nios2-elf/lib/mno-hw-mul/pg/libc.a(lib_a-closer.o)
                0x01009ef8                _close_r
 .text          0x01009f74      0x13c /opt/altera/13.0sp1/nios2eds/bin/gnu/H-i686-pc-linux-gnu/bin/../lib/gcc/nios2-elf/4.1.2/../../../../nios2-elf/lib/mno-hw-mul/pg/libc.a(lib_a-fclose.o)
                0x01009f74                _fclose_r
                0x0100a090                fclose
 .text          0x0100a0b0       0x80 /opt/altera/13.0sp1/nios2eds/bin/gnu/H-i686-pc-linux-gnu/bin/../lib/gcc/nios2-elf/4.1.2/../../../../nios2-elf/lib/mno-hw-mul/pg/libc.a(lib_a-fstatr.o)
                0x0100a0b0                _fstat_r
 .text          0x0100a130        0x0 /opt/altera/13.0sp1/nios2eds/bin/gnu/H-i686-pc-linux-gnu/bin/../lib/gcc/nios2-elf/4.1.2/../../../../nios2-elf/lib/mno-hw-mul/pg/libc.a(lib_a-int_errno.o)
 .text          0x0100a130       0x7c /opt/altera/13.0sp1/nios2eds/bin/gnu/H-i686-pc-linux-gnu/bin/../lib/gcc/nios2-elf/4.1.2/../../../../nios2-elf/lib/mno-hw-mul/pg/libc.a(lib_a-isattyr.o)
                0x0100a130                _isatty_r
 .text          0x0100a1ac       0x84 /opt/altera/13.0sp1/nios2eds/bin/gnu/H-i686-pc-linux-gnu/bin/../lib/gcc/nios2-elf/4.1.2/../../../../nios2-elf/lib/mno-hw-mul/pg/libc.a(lib_a-lseekr.o)
                0x0100a1ac                _lseek_r
 .text          0x0100a230       0x84 /opt/altera/13.0sp1/nios2eds/bin/gnu/H-i686-pc-linux-gnu/bin/../lib/gcc/nios2-elf/4.1.2/../../../../nios2-elf/lib/mno-hw-mul/pg/libc.a(lib_a-readr.o)
                0x0100a230                _read_r
 .text          0x0100a2b4      0x66c /opt/altera/13.0sp1/nios2eds/bin/gnu/H-i686-pc-linux-gnu/bin/../lib/gcc/nios2-elf/4.1.2/mno-hw-mul/pg/libgcc.a(_umoddi3.o)
                0x0100a2b4                __umoddi3
 .text          0x0100a920      0x528 /opt/altera/13.0sp1/nios2eds/bin/gnu/H-i686-pc-linux-gnu/bin/../lib/gcc/nios2-elf/4.1.2/mno-hw-mul/pg/libgcc.a(_addsub_df.o)
                0x0100ad3c                __subdf3
                0x0100adc8                __adddf3
 .text          0x0100ae48      0x3d0 /opt/altera/13.0sp1/nios2eds/bin/gnu/H-i686-pc-linux-gnu/bin/../lib/gcc/nios2-elf/4.1.2/mno-hw-mul/pg/libgcc.a(_mul_df.o)
                0x0100ae48                __muldf3
 .text          0x0100b218       0x94 /opt/altera/13.0sp1/nios2eds/bin/gnu/H-i686-pc-linux-gnu/bin/../lib/gcc/nios2-elf/4.1.2/mno-hw-mul/pg/libgcc.a(_eq_df.o)
                0x0100b218                __eqdf2
 .text          0x0100b2ac       0x94 /opt/altera/13.0sp1/nios2eds/bin/gnu/H-i686-pc-linux-gnu/bin/../lib/gcc/nios2-elf/4.1.2/mno-hw-mul/pg/libgcc.a(_ne_df.o)
                0x0100b2ac                __nedf2
 .text          0x0100b340       0x94 /opt/altera/13.0sp1/nios2eds/bin/gnu/H-i686-pc-linux-gnu/bin/../lib/gcc/nios2-elf/4.1.2/mno-hw-mul/pg/libgcc.a(_gt_df.o)
                0x0100b340                __gtdf2
 .text          0x0100b3d4       0x94 /opt/altera/13.0sp1/nios2eds/bin/gnu/H-i686-pc-linux-gnu/bin/../lib/gcc/nios2-elf/4.1.2/mno-hw-mul/pg/libgcc.a(_ge_df.o)
                0x0100b3d4                __gedf2
 .text          0x0100b468       0x94 /opt/altera/13.0sp1/nios2eds/bin/gnu/H-i686-pc-linux-gnu/bin/../lib/gcc/nios2-elf/4.1.2/mno-hw-mul/pg/libgcc.a(_lt_df.o)
                0x0100b468                __ltdf2
 .text          0x0100b4fc      0x104 /opt/altera/13.0sp1/nios2eds/bin/gnu/H-i686-pc-linux-gnu/bin/../lib/gcc/nios2-elf/4.1.2/mno-hw-mul/pg/libgcc.a(_si_to_df.o)
                0x0100b4fc                __floatsidf
 .text          0x0100b600       0xe4 /opt/altera/13.0sp1/nios2eds/bin/gnu/H-i686-pc-linux-gnu/bin/../lib/gcc/nios2-elf/4.1.2/mno-hw-mul/pg/libgcc.a(_df_to_si.o)
                0x0100b600                __fixdfsi
 .text          0x0100b6e4      0x130 /opt/altera/13.0sp1/nios2eds/bin/gnu/H-i686-pc-linux-gnu/bin/../lib/gcc/nios2-elf/4.1.2/mno-hw-mul/pg/libgcc.a(_muldi3.o)
                0x0100b6e4                __muldi3
 .text          0x0100b814       0xdc /opt/altera/13.0sp1/nios2eds/bin/gnu/H-i686-pc-linux-gnu/bin/../lib/gcc/nios2-elf/4.1.2/mno-hw-mul/pg/libgcc.a(_fpcmp_parts_df.o)
                0x0100b814                __fpcmp_parts_d
 .text          0x0100b8f0      0x160 ../rt_bsp//libucosii_bsp.a(alt_alarm_start.o)
                0x0100b8f0                alt_alarm_start
 .text          0x0100ba50      0x178 ../rt_bsp//libucosii_bsp.a(alt_close.o)
                0x0100ba50                close
 .text          0x0100bbc8       0x38 ../rt_bsp//libucosii_bsp.a(alt_dev.o)
 .text          0x0100bc00        0x0 ../rt_bsp//libucosii_bsp.a(alt_errno.o)
 .text          0x0100bc00      0x150 ../rt_bsp//libucosii_bsp.a(alt_fstat.o)
                0x0100bc00                fstat
 .text          0x0100bd50      0x13c ../rt_bsp//libucosii_bsp.a(alt_isatty.o)
                0x0100bd50                isatty
 .text          0x0100be8c      0x104 ../rt_bsp//libucosii_bsp.a(alt_load.o)
                0x0100be8c                alt_load
 .text          0x0100bf90      0x16c ../rt_bsp//libucosii_bsp.a(alt_lseek.o)
                0x0100bf90                lseek
 .text          0x0100c0fc       0xd4 ../rt_bsp//libucosii_bsp.a(alt_main.o)
                0x0100c0fc                alt_main
 .text          0x0100c1d0       0x9c ../rt_bsp//libucosii_bsp.a(alt_mcount.o)
                0x0100c1d0                mcount
                0x0100c1d0                _mcount
 .text          0x0100c26c      0x19c ../rt_bsp//libucosii_bsp.a(alt_read.o)
                0x0100c26c                read
 .text          0x0100c408       0x84 ../rt_bsp//libucosii_bsp.a(alt_release_fd.o)
                0x0100c408                alt_release_fd
 .text          0x0100c48c       0xbc ../rt_bsp//libucosii_bsp.a(alt_sbrk.o)
                0x0100c48c                sbrk
 .text          0x0100c548      0x1c0 ../rt_bsp//libucosii_bsp.a(alt_tick.o)
                0x0100c548                alt_alarm_stop
                0x0100c5ec                alt_tick
 .text          0x0100c708      0x19c ../rt_bsp//libucosii_bsp.a(alt_write.o)
                0x0100c708                write
 .text          0x0100c8a4      0x120 ../rt_bsp//libucosii_bsp.a(alt_env_lock.o)
                0x0100c8a4                __env_lock
                0x0100c95c                __env_unlock
 .text          0x0100c9c4      0x1f0 ../rt_bsp//libucosii_bsp.a(alt_malloc_lock.o)
                0x0100c9c4                __malloc_lock
                0x0100cad8                __malloc_unlock
 .text          0x0100cbb4     0x22d0 ../rt_bsp//libucosii_bsp.a(os_core.o)
                0x0100cbb4                OSEventNameGet
                0x0100ccf0                OSEventNameSet
                0x0100ce40                OSEventPendMulti
                0x0100d500                OSInit
                0x0100d564                OSIntEnter
                0x0100d5ec                OSIntExit
                0x0100d6f8                OSSchedLock
                0x0100d790                OSSchedUnlock
                0x0100d880                OSStart
                0x0100d8fc                OSStatInit
                0x0100d9b4                OSTimeTick
                0x0100dc00                OSVersion
                0x0100dc2c                OS_Dummy
                0x0100dc54                OS_EventTaskRdy
                0x0100ddf4                OS_EventTaskWait
                0x0100df10                OS_EventTaskWaitMulti
                0x0100e070                OS_EventTaskRemove
                0x0100e134                OS_EventTaskRemoveMulti
                0x0100e244                OS_EventWaitListInit
                0x0100e664                OS_MemClr
                0x0100e6c4                OS_MemCopy
                0x0100e73c                OS_Sched
                0x0100e898                OS_StrCopy
                0x0100e924                OS_StrLen
                0x0100e988                OS_TaskIdle
                0x0100e9f0                OS_TaskStat
                0x0100eac4                OS_TaskStatStkChk
                0x0100eb98                OS_TCBInit
 .text          0x0100ee84      0x1f8 ../rt_bsp//libucosii_bsp.a(os_dbg.o)
                0x0100ee84                OSDebugInit
 .text          0x0100f07c     0x19d8 ../rt_bsp//libucosii_bsp.a(os_flag.o)
                0x0100f07c                OSFlagAccept
                0x0100f3bc                OSFlagCreate
                0x0100f504                OSFlagDel
                0x0100f7b8                OSFlagNameGet
                0x0100f908                OSFlagNameSet
                0x0100fa68                OSFlagPend
                0x010100b8                OSFlagPendGetFlagsRdy
                0x0101012c                OSFlagPost
                0x010104e0                OSFlagQuery
                0x01010790                OS_FlagInit
                0x0101099c                OS_FlagUnlink
 .text          0x01010a54      0x860 ../rt_bsp//libucosii_bsp.a(os_mem.o)
                0x01010a54                OSMemCreate
                0x01010c7c                OSMemGet
                0x01010d8c                OSMemNameGet
                0x01010ea4                OSMemNameSet
                0x01010fd0                OSMemPut
                0x010110cc                OSMemQuery
                0x010111d4                OS_MemInit
 .text          0x010112b4     0x13b8 ../rt_bsp//libucosii_bsp.a(os_q.o)
                0x010112b4                OSQAccept
                0x01011414                OSQCreate
                0x01011634                OSQDel
                0x01011940                OSQFlush
                0x01011a14                OSQPend
                0x01011d40                OSQPendAbort
                0x01011ec8                OSQPost
                0x01012054                OSQPostFront
                0x010121e8                OSQPostOpt
                0x01012428                OSQQuery
                0x010125b4                OS_QInit
 .text          0x0101266c      0xc28 ../rt_bsp//libucosii_bsp.a(os_sem.o)
                0x0101266c                OSSemAccept
                0x01012738                OSSemCreate
                0x01012858                OSSemDel
                0x01012b04                OSSemPend
                0x01012d8c                OSSemPendAbort
                0x01012f14                OSSemPost
                0x01013048                OSSemQuery
                0x01013184                OSSemSet
 .text          0x01013294     0x1ad0 ../rt_bsp//libucosii_bsp.a(os_task.o)
                0x01013294                OSTaskChangePrio
                0x01013814                OSTaskCreate
                0x010139f4                OSTaskCreateExt
                0x01013c00                OSTaskDel
                0x01014018                OSTaskDelReq
                0x01014194                OSTaskNameGet
                0x01014358                OSTaskNameSet
                0x01014528                OSTaskResume
                0x0101474c                OSTaskStkChk
                0x01014954                OSTaskSuspend
                0x01014b8c                OSTaskQuery
                0x01014cdc                OS_TaskStkClr
 .text          0x01014d64      0x6b8 ../rt_bsp//libucosii_bsp.a(os_time.o)
                0x01014d64                OSTimeDly
                0x01014ebc                OSTimeDlyHMSM
                0x01015120                OSTimeDlyResume
                0x0101533c                OSTimeGet
                0x010153ac                OSTimeSet
 .text          0x0101541c     0x141c ../rt_bsp//libucosii_bsp.a(os_tmr.o)
                0x0101541c                OSTmrCreate
                0x0101560c                OSTmrDel
                0x01015790                OSTmrNameGet
                0x01015908                OSTmrRemainGet
                0x01015b10                OSTmrStateGet
                0x01015c18                OSTmrStart
                0x01015da4                OSTmrStop
                0x01015fdc                OSTmrSignal
                0x010161c8                OSTmr_Init
 .text          0x01016838      0x288 ../rt_bsp//libucosii_bsp.a(alt_sys_init.o)
                0x01016838                alt_irq_init
                0x01016878                alt_sys_init
 .text          0x01016ac0      0x178 ../rt_bsp//libucosii_bsp.a(altera_avalon_jtag_uart_fd.o)
                0x01016ac0                altera_avalon_jtag_uart_read_fd
                0x01016b24                altera_avalon_jtag_uart_write_fd
                0x01016b88                altera_avalon_jtag_uart_close_fd
                0x01016bdc                altera_avalon_jtag_uart_ioctl_fd
 .text          0x01016c38      0x5b0 ../rt_bsp//libucosii_bsp.a(altera_avalon_jtag_uart_init.o)
                0x01016c38                altera_avalon_jtag_uart_init
                0x01017168                altera_avalon_jtag_uart_close
 .text          0x010171e8      0x100 ../rt_bsp//libucosii_bsp.a(altera_avalon_jtag_uart_ioctl.o)
                0x010171e8                altera_avalon_jtag_uart_ioctl
 .text          0x010172e8      0x2cc ../rt_bsp//libucosii_bsp.a(altera_avalon_jtag_uart_read.o)
                0x010172e8                altera_avalon_jtag_uart_read
 .text          0x010175b4      0x2e8 ../rt_bsp//libucosii_bsp.a(altera_avalon_jtag_uart_write.o)
                0x010175b4                altera_avalon_jtag_uart_write
 .text          0x0101789c      0x3dc ../rt_bsp//libucosii_bsp.a(altera_avalon_mutex.o)
                0x01017924                altera_avalon_mutex_open
                0x010179f4                altera_avalon_mutex_close
                0x01017a20                altera_avalon_mutex_lock
                0x01017a8c                altera_avalon_mutex_trylock
                0x01017b10                altera_avalon_mutex_unlock
                0x01017b8c                altera_avalon_mutex_is_mine
                0x01017c14                altera_avalon_mutex_first_lock
 .text          0x01017c78      0x1c8 ../rt_bsp//libucosii_bsp.a(altera_avalon_performance_counter.o)
                0x01017c78                perf_get_section_time
                0x01017d34                perf_get_total_time
                0x01017d94                perf_get_num_starts
                0x01017de0                alt_get_performance_counter_base
                0x01017e10                alt_get_cpu_freq
 .text          0x01017e40      0x114 ../rt_bsp//libucosii_bsp.a(altera_avalon_timer_sc.o)
                0x01017ec0                alt_avalon_timer_sc_init
 .text          0x01017f54      0x2a0 ../rt_bsp//libucosii_bsp.a(perf_print_formatted_report.o)
                0x01017f54                perf_print_formatted_report
 .text          0x010181f4       0x28 ../rt_bsp//libucosii_bsp.a(alt_dcache_flush_all.o)
                0x010181f4                alt_dcache_flush_all
 .text          0x0101821c      0x12c ../rt_bsp//libucosii_bsp.a(alt_dev_llist_insert.o)
                0x0101821c                alt_dev_llist_insert
 .text          0x01018348       0x70 ../rt_bsp//libucosii_bsp.a(alt_do_ctors.o)
                0x01018348                _do_ctors
 .text          0x010183b8       0x70 ../rt_bsp//libucosii_bsp.a(alt_do_dtors.o)
                0x010183b8                _do_dtors
 .text          0x01018428       0xa0 ../rt_bsp//libucosii_bsp.a(alt_find_dev.o)
                0x01018428                alt_find_dev
 .text          0x010184c8      0x2e8 ../rt_bsp//libucosii_bsp.a(alt_gmon.o)
                0x010184c8                __mcount_record
 .text          0x010187b0       0x28 ../rt_bsp//libucosii_bsp.a(alt_icache_flush_all.o)
                0x010187b0                alt_icache_flush_all
 .text          0x010187d8      0x168 ../rt_bsp//libucosii_bsp.a(alt_io_redirect.o)
                0x010188bc                alt_io_redirect
 .text          0x01018940      0x1cc ../rt_bsp//libucosii_bsp.a(alt_irq_register.o)
                0x01018940                alt_irq_register
 .text          0x01018b0c        0x0 ../rt_bsp//libucosii_bsp.a(alt_irq_vars.o)
 .text          0x01018b0c      0x308 ../rt_bsp//libucosii_bsp.a(alt_open.o)
                0x01018c10                open
 .text          0x01018e14       0x2c ../rt_bsp//libucosii_bsp.a(altera_nios2_qsys_irq.o)
                0x01018e14                altera_nios2_qsys_irq_init
 .text          0x01018e40       0xd0 ../rt_bsp//libucosii_bsp.a(os_cpu_a.o)
                0x01018e40                OSCtxSw
                0x01018e40                OSIntCtxSw
                0x01018ecc                OSStartHighRdy
                0x01018eec                OSStartTsk
 .text          0x01018f10      0x4e4 ../rt_bsp//libucosii_bsp.a(os_cpu_c.o)
                0x01018f10                OSTaskStkInit
                0x0101922c                OSTaskCreateHook
                0x01019258                OSTaskDelHook
                0x01019284                OSTaskSwHook
                0x010192ac                OSTaskStatHook
                0x010192d4                OSTimeTickHook
                0x0101934c                OSInitHookBegin
                0x01019378                OSInitHookEnd
                0x010193a0                OSTaskIdleHook
                0x010193c8                OSTCBInitHook
 .text          0x010193f4      0x12c ../rt_bsp//libucosii_bsp.a(alt_find_file.o)
                0x010193f4                alt_find_file
 .text          0x01019520      0x110 ../rt_bsp//libucosii_bsp.a(alt_get_fd.o)
                0x01019520                alt_get_fd
 .text          0x01019630        0x0 ../rt_bsp//libucosii_bsp.a(alt_irq_entry.o)
 .text          0x01019630        0x0 ../rt_bsp//libucosii_bsp.a(alt_irq_handler.o)
 .text          0x01019630        0x0 ../rt_bsp//libucosii_bsp.a(alt_exception_entry.o)
 .text          0x01019630       0x20 /opt/altera/13.0sp1/nios2eds/bin/gnu/H-i686-pc-linux-gnu/bin/../lib/gcc/nios2-elf/4.1.2/../../../../nios2-elf/lib/mno-hw-mul/pg/libc.a(lib_a-atexit.o)
                0x01019630                atexit
 .text          0x01019650       0x44 /opt/altera/13.0sp1/nios2eds/bin/gnu/H-i686-pc-linux-gnu/bin/../lib/gcc/nios2-elf/4.1.2/../../../../nios2-elf/lib/mno-hw-mul/pg/libc.a(lib_a-exit.o)
                0x01019650                exit
 .text          0x01019694       0x80 /opt/altera/13.0sp1/nios2eds/bin/gnu/H-i686-pc-linux-gnu/bin/../lib/gcc/nios2-elf/4.1.2/../../../../nios2-elf/lib/mno-hw-mul/pg/libc.a(lib_a-memcmp.o)
                0x01019694                memcmp
 .text          0x01019714      0x140 /opt/altera/13.0sp1/nios2eds/bin/gnu/H-i686-pc-linux-gnu/bin/../lib/gcc/nios2-elf/4.1.2/../../../../nios2-elf/lib/mno-hw-mul/pg/libc.a(lib_a-__atexit.o)
                0x01019714                __register_exitproc
 .text          0x01019854      0x1cc /opt/altera/13.0sp1/nios2eds/bin/gnu/H-i686-pc-linux-gnu/bin/../lib/gcc/nios2-elf/4.1.2/../../../../nios2-elf/lib/mno-hw-mul/pg/libc.a(lib_a-__call_atexit.o)
                0x01019864                __call_exitprocs
 .text          0x01019a20       0xb0 /opt/altera/13.0sp1/nios2eds/bin/gnu/H-i686-pc-linux-gnu/bin/../lib/gcc/nios2-elf/4.1.2/mno-hw-mul/pg/libgcc.a(_fixunsdfsi.o)
                0x01019a20                __fixunsdfsi
 .text          0x01019ad0       0x94 /opt/altera/13.0sp1/nios2eds/bin/gnu/H-i686-pc-linux-gnu/bin/../lib/gcc/nios2-elf/4.1.2/mno-hw-mul/pg/libgcc.a(_floatundidf.o)
                0x01019ad0                __floatundidf
 .text          0x01019b64       0xc4 ../rt_bsp//libucosii_bsp.a(alt_exit.o)
                0x01019bf0                _exit
 *(.gnu.warning.*)
 *(.fini)
                0x01019c28                PROVIDE (__etext, ABSOLUTE (.))
                0x01019c28                PROVIDE (_etext, ABSOLUTE (.))
                0x01019c28                PROVIDE (etext, ABSOLUTE (.))
 *(.eh_frame_hdr)
                0x01019c28                . = ALIGN (0x4)
                0x01019c28                PROVIDE (__preinit_array_start, ABSOLUTE (.))
 *(.preinit_array)
                0x01019c28                PROVIDE (__preinit_array_end, ABSOLUTE (.))
                0x01019c28                PROVIDE (__init_array_start, ABSOLUTE (.))
 *(.init_array)
                0x01019c28                PROVIDE (__init_array_end, ABSOLUTE (.))
                0x01019c28                PROVIDE (__fini_array_start, ABSOLUTE (.))
 *(.fini_array)
                0x01019c28                PROVIDE (__fini_array_end, ABSOLUTE (.))
 *(.eh_frame)
 *(.gcc_except_table)
 *(.dynamic)
                0x01019c28                PROVIDE (__CTOR_LIST__, ABSOLUTE (.))
 *(.ctors)
 *(SORT(.ctors.*))
 .ctors.65535   0x01019c28        0x4 /opt/altera/13.0sp1/nios2eds/bin/gnu/H-i686-pc-linux-gnu/bin/../lib/gcc/nios2-elf/4.1.2/../../../../nios2-elf/lib/mno-hw-mul/pg/libc.a(lib_a-__call_atexit.o)
                0x01019c2c                PROVIDE (__CTOR_END__, ABSOLUTE (.))
                0x01019c2c                PROVIDE (__DTOR_LIST__, ABSOLUTE (.))
 *(.dtors)
 *(SORT(.dtors.*))
                0x01019c2c                PROVIDE (__DTOR_END__, ABSOLUTE (.))
 *(.jcr)
                0x01019c2c                . = ALIGN (0x4)

.rodata         0x01019c2c      0x6d0
                0x01019c2c                PROVIDE (__ram_rodata_start, ABSOLUTE (.))
                0x01019c2c                . = ALIGN (0x4)
 *(.rodata .rodata.* .gnu.linkonce.r.*)
 .rodata        0x01019c2c       0xb0 obj/default/cpu_0.o
 .rodata        0x01019cdc       0x14 /opt/altera/13.0sp1/nios2eds/bin/gnu/H-i686-pc-linux-gnu/bin/../lib/gcc/nios2-elf/4.1.2/mno-hw-mul/pg/libgcc.a(_thenan_df.o)
                0x01019cdc                __thenan_df
 .rodata        0x01019cf0      0x100 /opt/altera/13.0sp1/nios2eds/bin/gnu/H-i686-pc-linux-gnu/bin/../lib/gcc/nios2-elf/4.1.2/mno-hw-mul/pg/libgcc.a(_clz.o)
                0x01019cf0                __clz_tab
 .rodata.str1.4
                0x01019df0        0x2 /opt/altera/13.0sp1/nios2eds/bin/gnu/H-i686-pc-linux-gnu/bin/../lib/gcc/nios2-elf/4.1.2/../../../../nios2-elf/lib/mno-hw-mul/pg/libc.a(lib_a-puts.o)
                                  0x4 (size before relaxing)
 *fill*         0x01019df2        0x2 00
 .rodata.str1.4
                0x01019df4       0x5e /opt/altera/13.0sp1/nios2eds/bin/gnu/H-i686-pc-linux-gnu/bin/../lib/gcc/nios2-elf/4.1.2/../../../../nios2-elf/lib/mno-hw-mul/pg/libc.a(lib_a-vfprintf.o)
                                 0x60 (size before relaxing)
 .rodata        0x01019e52       0x20 /opt/altera/13.0sp1/nios2eds/bin/gnu/H-i686-pc-linux-gnu/bin/../lib/gcc/nios2-elf/4.1.2/../../../../nios2-elf/lib/mno-hw-mul/pg/libc.a(lib_a-vfprintf.o)
 *fill*         0x01019e72        0x2 00
 .rodata.str1.4
                0x01019e74       0x10 /opt/altera/13.0sp1/nios2eds/bin/gnu/H-i686-pc-linux-gnu/bin/../lib/gcc/nios2-elf/4.1.2/../../../../nios2-elf/lib/mno-hw-mul/pg/libc.a(lib_a-dtoa.o)
                                 0x14 (size before relaxing)
 .rodata.str1.4
                0x01019e84        0x2 /opt/altera/13.0sp1/nios2eds/bin/gnu/H-i686-pc-linux-gnu/bin/../lib/gcc/nios2-elf/4.1.2/../../../../nios2-elf/lib/mno-hw-mul/pg/libc.a(lib_a-impure.o)
                                  0x4 (size before relaxing)
 *fill*         0x01019e86        0x2 00
 .rodata.str1.4
                0x01019e88       0x10 /opt/altera/13.0sp1/nios2eds/bin/gnu/H-i686-pc-linux-gnu/bin/../lib/gcc/nios2-elf/4.1.2/../../../../nios2-elf/lib/mno-hw-mul/pg/libc.a(lib_a-locale.o)
                                 0x18 (size before relaxing)
 .rodata        0x01019e98       0x30 /opt/altera/13.0sp1/nios2eds/bin/gnu/H-i686-pc-linux-gnu/bin/../lib/gcc/nios2-elf/4.1.2/../../../../nios2-elf/lib/mno-hw-mul/pg/libc.a(lib_a-locale.o)
 .rodata        0x01019ec8      0x124 /opt/altera/13.0sp1/nios2eds/bin/gnu/H-i686-pc-linux-gnu/bin/../lib/gcc/nios2-elf/4.1.2/../../../../nios2-elf/lib/mno-hw-mul/pg/libc.a(lib_a-mprec.o)
                0x01019ec8                __mprec_tens
                0x01019f90                __mprec_bigtens
                0x01019fb8                __mprec_tinytens
 .rodata        0x01019fec        0xc ../rt_bsp//libucosii_bsp.a(alt_dev.o)
 .rodata        0x01019ff8       0x14 ../rt_bsp//libucosii_bsp.a(alt_main.o)
 .rodata        0x0101a00c      0x120 ../rt_bsp//libucosii_bsp.a(os_core.o)
                0x0101a00c                OSUnMapTbl
 .rodata        0x0101a12c       0x38 ../rt_bsp//libucosii_bsp.a(os_tmr.o)
 .rodata        0x0101a164       0x94 ../rt_bsp//libucosii_bsp.a(alt_sys_init.o)
 .rodata        0x0101a1f8      0x100 ../rt_bsp//libucosii_bsp.a(perf_print_formatted_report.o)
 .rodata        0x0101a2f8        0x4 ../rt_bsp//libucosii_bsp.a(os_cpu_c.o)
 *(.rodata1)
                0x0101a2fc                . = ALIGN (0x4)
                0x0101a2fc                PROVIDE (__ram_rodata_end, ABSOLUTE (.))
                0x01019c2c                PROVIDE (__flash_rodata_start, LOADADDR (.rodata))

.rwdata         0x0101a2fc     0xdc34 load address 0x01027f30
                0x0101a2fc                PROVIDE (__ram_rwdata_start, ABSOLUTE (.))
                0x0101a2fc                . = ALIGN (0x4)
 *(.got.plt)
 *(.got)
 *(.data1)
 *(.data .data.* .gnu.linkonce.d.*)
 .data          0x0101a2fc        0x0 ../rt_bsp//obj/HAL/src/crt0.o
 .data          0x0101a2fc     0xc02c obj/default/cpu_0.o
                0x0101a2fc                asciiChars
                0x0101a30c                test_ppm_1
                0x0101d30f                test_ppm_2
                0x01020312                test_ppm_3
                0x01023315                test_ppm_4
                0x01026318                image_sequence
 .data          0x01026328        0x0 obj/default/delay_asm.o
 .data          0x01026328        0x0 /opt/altera/13.0sp1/nios2eds/bin/gnu/H-i686-pc-linux-gnu/bin/../lib/gcc/nios2-elf/4.1.2/mno-hw-mul/pg/libgcc.a(_udivdi3.o)
 .data          0x01026328        0x0 /opt/altera/13.0sp1/nios2eds/bin/gnu/H-i686-pc-linux-gnu/bin/../lib/gcc/nios2-elf/4.1.2/mno-hw-mul/pg/libgcc.a(_div_df.o)
 .data          0x01026328        0x0 /opt/altera/13.0sp1/nios2eds/bin/gnu/H-i686-pc-linux-gnu/bin/../lib/gcc/nios2-elf/4.1.2/mno-hw-mul/pg/libgcc.a(_thenan_df.o)
 .data          0x01026328        0x0 /opt/altera/13.0sp1/nios2eds/bin/gnu/H-i686-pc-linux-gnu/bin/../lib/gcc/nios2-elf/4.1.2/mno-hw-mul/pg/libgcc.a(_usi_to_df.o)
 .data          0x01026328        0x0 /opt/altera/13.0sp1/nios2eds/bin/gnu/H-i686-pc-linux-gnu/bin/../lib/gcc/nios2-elf/4.1.2/mno-hw-mul/pg/libgcc.a(lib2-divmod.o)
 .data          0x01026328        0x0 /opt/altera/13.0sp1/nios2eds/bin/gnu/H-i686-pc-linux-gnu/bin/../lib/gcc/nios2-elf/4.1.2/mno-hw-mul/pg/libgcc.a(lib2-mul.o)
 .data          0x01026328        0x0 /opt/altera/13.0sp1/nios2eds/bin/gnu/H-i686-pc-linux-gnu/bin/../lib/gcc/nios2-elf/4.1.2/mno-hw-mul/pg/libgcc.a(_clz.o)
 .data          0x01026328        0x0 /opt/altera/13.0sp1/nios2eds/bin/gnu/H-i686-pc-linux-gnu/bin/../lib/gcc/nios2-elf/4.1.2/mno-hw-mul/pg/libgcc.a(_clzsi2.o)
 .data          0x01026328        0x0 /opt/altera/13.0sp1/nios2eds/bin/gnu/H-i686-pc-linux-gnu/bin/../lib/gcc/nios2-elf/4.1.2/mno-hw-mul/pg/libgcc.a(_pack_df.o)
 .data          0x01026328        0x0 /opt/altera/13.0sp1/nios2eds/bin/gnu/H-i686-pc-linux-gnu/bin/../lib/gcc/nios2-elf/4.1.2/mno-hw-mul/pg/libgcc.a(_unpack_df.o)
 .data          0x01026328        0x0 /opt/altera/13.0sp1/nios2eds/bin/gnu/H-i686-pc-linux-gnu/bin/../lib/gcc/nios2-elf/4.1.2/../../../../nios2-elf/lib/mno-hw-mul/pg/libc.a(lib_a-printf.o)
 .data          0x01026328        0x0 /opt/altera/13.0sp1/nios2eds/bin/gnu/H-i686-pc-linux-gnu/bin/../lib/gcc/nios2-elf/4.1.2/../../../../nios2-elf/lib/mno-hw-mul/pg/libc.a(lib_a-putchar.o)
 .data          0x01026328        0x0 /opt/altera/13.0sp1/nios2eds/bin/gnu/H-i686-pc-linux-gnu/bin/../lib/gcc/nios2-elf/4.1.2/../../../../nios2-elf/lib/mno-hw-mul/pg/libc.a(lib_a-puts.o)
 .data          0x01026328        0x0 /opt/altera/13.0sp1/nios2eds/bin/gnu/H-i686-pc-linux-gnu/bin/../lib/gcc/nios2-elf/4.1.2/../../../../nios2-elf/lib/mno-hw-mul/pg/libc.a(lib_a-strlen.o)
 .data          0x01026328        0x0 /opt/altera/13.0sp1/nios2eds/bin/gnu/H-i686-pc-linux-gnu/bin/../lib/gcc/nios2-elf/4.1.2/../../../../nios2-elf/lib/mno-hw-mul/pg/libc.a(lib_a-vfprintf.o)
 .data          0x01026328        0x0 /opt/altera/13.0sp1/nios2eds/bin/gnu/H-i686-pc-linux-gnu/bin/../lib/gcc/nios2-elf/4.1.2/../../../../nios2-elf/lib/mno-hw-mul/pg/libc.a(lib_a-wsetup.o)
 .data          0x01026328        0x0 /opt/altera/13.0sp1/nios2eds/bin/gnu/H-i686-pc-linux-gnu/bin/../lib/gcc/nios2-elf/4.1.2/../../../../nios2-elf/lib/mno-hw-mul/pg/libc.a(lib_a-dtoa.o)
 .data          0x01026328        0x0 /opt/altera/13.0sp1/nios2eds/bin/gnu/H-i686-pc-linux-gnu/bin/../lib/gcc/nios2-elf/4.1.2/../../../../nios2-elf/lib/mno-hw-mul/pg/libc.a(lib_a-fflush.o)
 .data          0x01026328        0x0 /opt/altera/13.0sp1/nios2eds/bin/gnu/H-i686-pc-linux-gnu/bin/../lib/gcc/nios2-elf/4.1.2/../../../../nios2-elf/lib/mno-hw-mul/pg/libc.a(lib_a-findfp.o)
 .data          0x01026328        0x0 /opt/altera/13.0sp1/nios2eds/bin/gnu/H-i686-pc-linux-gnu/bin/../lib/gcc/nios2-elf/4.1.2/../../../../nios2-elf/lib/mno-hw-mul/pg/libc.a(lib_a-freer.o)
 .data          0x01026328        0x0 /opt/altera/13.0sp1/nios2eds/bin/gnu/H-i686-pc-linux-gnu/bin/../lib/gcc/nios2-elf/4.1.2/../../../../nios2-elf/lib/mno-hw-mul/pg/libc.a(lib_a-fvwrite.o)
 .data          0x01026328        0x0 /opt/altera/13.0sp1/nios2eds/bin/gnu/H-i686-pc-linux-gnu/bin/../lib/gcc/nios2-elf/4.1.2/../../../../nios2-elf/lib/mno-hw-mul/pg/libc.a(lib_a-fwalk.o)
 .data          0x01026328      0x400 /opt/altera/13.0sp1/nios2eds/bin/gnu/H-i686-pc-linux-gnu/bin/../lib/gcc/nios2-elf/4.1.2/../../../../nios2-elf/lib/mno-hw-mul/pg/libc.a(lib_a-impure.o)
 .data          0x01026728        0xc /opt/altera/13.0sp1/nios2eds/bin/gnu/H-i686-pc-linux-gnu/bin/../lib/gcc/nios2-elf/4.1.2/../../../../nios2-elf/lib/mno-hw-mul/pg/libc.a(lib_a-locale.o)
                0x01026728                __lc_ctype
 .data          0x01026734        0x0 /opt/altera/13.0sp1/nios2eds/bin/gnu/H-i686-pc-linux-gnu/bin/../lib/gcc/nios2-elf/4.1.2/../../../../nios2-elf/lib/mno-hw-mul/pg/libc.a(lib_a-makebuf.o)
 .data          0x01026734      0x408 /opt/altera/13.0sp1/nios2eds/bin/gnu/H-i686-pc-linux-gnu/bin/../lib/gcc/nios2-elf/4.1.2/../../../../nios2-elf/lib/mno-hw-mul/pg/libc.a(lib_a-mallocr.o)
                0x01026734                __malloc_av_
 .data          0x01026b3c        0x0 /opt/altera/13.0sp1/nios2eds/bin/gnu/H-i686-pc-linux-gnu/bin/../lib/gcc/nios2-elf/4.1.2/../../../../nios2-elf/lib/mno-hw-mul/pg/libc.a(lib_a-memchr.o)
 .data          0x01026b3c        0x0 /opt/altera/13.0sp1/nios2eds/bin/gnu/H-i686-pc-linux-gnu/bin/../lib/gcc/nios2-elf/4.1.2/../../../../nios2-elf/lib/mno-hw-mul/pg/libc.a(lib_a-memcpy.o)
 .data          0x01026b3c        0x0 /opt/altera/13.0sp1/nios2eds/bin/gnu/H-i686-pc-linux-gnu/bin/../lib/gcc/nios2-elf/4.1.2/../../../../nios2-elf/lib/mno-hw-mul/pg/libc.a(lib_a-memmove.o)
 .data          0x01026b3c        0x0 /opt/altera/13.0sp1/nios2eds/bin/gnu/H-i686-pc-linux-gnu/bin/../lib/gcc/nios2-elf/4.1.2/../../../../nios2-elf/lib/mno-hw-mul/pg/libc.a(lib_a-memset.o)
 .data          0x01026b3c        0x0 /opt/altera/13.0sp1/nios2eds/bin/gnu/H-i686-pc-linux-gnu/bin/../lib/gcc/nios2-elf/4.1.2/../../../../nios2-elf/lib/mno-hw-mul/pg/libc.a(lib_a-mprec.o)
 .data          0x01026b3c        0x0 /opt/altera/13.0sp1/nios2eds/bin/gnu/H-i686-pc-linux-gnu/bin/../lib/gcc/nios2-elf/4.1.2/../../../../nios2-elf/lib/mno-hw-mul/pg/libc.a(lib_a-putc.o)
 .data          0x01026b3c        0x0 /opt/altera/13.0sp1/nios2eds/bin/gnu/H-i686-pc-linux-gnu/bin/../lib/gcc/nios2-elf/4.1.2/../../../../nios2-elf/lib/mno-hw-mul/pg/libc.a(lib_a-reallocr.o)
 .data          0x01026b3c        0x0 /opt/altera/13.0sp1/nios2eds/bin/gnu/H-i686-pc-linux-gnu/bin/../lib/gcc/nios2-elf/4.1.2/../../../../nios2-elf/lib/mno-hw-mul/pg/libc.a(lib_a-s_isinfd.o)
 .data          0x01026b3c        0x0 /opt/altera/13.0sp1/nios2eds/bin/gnu/H-i686-pc-linux-gnu/bin/../lib/gcc/nios2-elf/4.1.2/../../../../nios2-elf/lib/mno-hw-mul/pg/libc.a(lib_a-s_isnand.o)
 .data          0x01026b3c        0x0 /opt/altera/13.0sp1/nios2eds/bin/gnu/H-i686-pc-linux-gnu/bin/../lib/gcc/nios2-elf/4.1.2/../../../../nios2-elf/lib/mno-hw-mul/pg/libc.a(lib_a-sbrkr.o)
 .data          0x01026b3c        0x0 /opt/altera/13.0sp1/nios2eds/bin/gnu/H-i686-pc-linux-gnu/bin/../lib/gcc/nios2-elf/4.1.2/../../../../nios2-elf/lib/mno-hw-mul/pg/libc.a(lib_a-stdio.o)
 .data          0x01026b3c        0x0 /opt/altera/13.0sp1/nios2eds/bin/gnu/H-i686-pc-linux-gnu/bin/../lib/gcc/nios2-elf/4.1.2/../../../../nios2-elf/lib/mno-hw-mul/pg/libc.a(lib_a-strcmp.o)
 .data          0x01026b3c        0x0 /opt/altera/13.0sp1/nios2eds/bin/gnu/H-i686-pc-linux-gnu/bin/../lib/gcc/nios2-elf/4.1.2/../../../../nios2-elf/lib/mno-hw-mul/pg/libc.a(lib_a-wbuf.o)
 .data          0x01026b3c        0x0 /opt/altera/13.0sp1/nios2eds/bin/gnu/H-i686-pc-linux-gnu/bin/../lib/gcc/nios2-elf/4.1.2/../../../../nios2-elf/lib/mno-hw-mul/pg/libc.a(lib_a-writer.o)
 .data          0x01026b3c        0x0 /opt/altera/13.0sp1/nios2eds/bin/gnu/H-i686-pc-linux-gnu/bin/../lib/gcc/nios2-elf/4.1.2/../../../../nios2-elf/lib/mno-hw-mul/pg/libc.a(lib_a-callocr.o)
 .data          0x01026b3c        0x0 /opt/altera/13.0sp1/nios2eds/bin/gnu/H-i686-pc-linux-gnu/bin/../lib/gcc/nios2-elf/4.1.2/../../../../nios2-elf/lib/mno-hw-mul/pg/libc.a(lib_a-closer.o)
 .data          0x01026b3c        0x0 /opt/altera/13.0sp1/nios2eds/bin/gnu/H-i686-pc-linux-gnu/bin/../lib/gcc/nios2-elf/4.1.2/../../../../nios2-elf/lib/mno-hw-mul/pg/libc.a(lib_a-fclose.o)
 .data          0x01026b3c        0x0 /opt/altera/13.0sp1/nios2eds/bin/gnu/H-i686-pc-linux-gnu/bin/../lib/gcc/nios2-elf/4.1.2/../../../../nios2-elf/lib/mno-hw-mul/pg/libc.a(lib_a-fstatr.o)
 .data          0x01026b3c        0x0 /opt/altera/13.0sp1/nios2eds/bin/gnu/H-i686-pc-linux-gnu/bin/../lib/gcc/nios2-elf/4.1.2/../../../../nios2-elf/lib/mno-hw-mul/pg/libc.a(lib_a-int_errno.o)
 .data          0x01026b3c        0x0 /opt/altera/13.0sp1/nios2eds/bin/gnu/H-i686-pc-linux-gnu/bin/../lib/gcc/nios2-elf/4.1.2/../../../../nios2-elf/lib/mno-hw-mul/pg/libc.a(lib_a-isattyr.o)
 .data          0x01026b3c        0x0 /opt/altera/13.0sp1/nios2eds/bin/gnu/H-i686-pc-linux-gnu/bin/../lib/gcc/nios2-elf/4.1.2/../../../../nios2-elf/lib/mno-hw-mul/pg/libc.a(lib_a-lseekr.o)
 .data          0x01026b3c        0x0 /opt/altera/13.0sp1/nios2eds/bin/gnu/H-i686-pc-linux-gnu/bin/../lib/gcc/nios2-elf/4.1.2/../../../../nios2-elf/lib/mno-hw-mul/pg/libc.a(lib_a-readr.o)
 .data          0x01026b3c        0x0 /opt/altera/13.0sp1/nios2eds/bin/gnu/H-i686-pc-linux-gnu/bin/../lib/gcc/nios2-elf/4.1.2/mno-hw-mul/pg/libgcc.a(_umoddi3.o)
 .data          0x01026b3c        0x0 /opt/altera/13.0sp1/nios2eds/bin/gnu/H-i686-pc-linux-gnu/bin/../lib/gcc/nios2-elf/4.1.2/mno-hw-mul/pg/libgcc.a(_addsub_df.o)
 .data          0x01026b3c        0x0 /opt/altera/13.0sp1/nios2eds/bin/gnu/H-i686-pc-linux-gnu/bin/../lib/gcc/nios2-elf/4.1.2/mno-hw-mul/pg/libgcc.a(_mul_df.o)
 .data          0x01026b3c        0x0 /opt/altera/13.0sp1/nios2eds/bin/gnu/H-i686-pc-linux-gnu/bin/../lib/gcc/nios2-elf/4.1.2/mno-hw-mul/pg/libgcc.a(_eq_df.o)
 .data          0x01026b3c        0x0 /opt/altera/13.0sp1/nios2eds/bin/gnu/H-i686-pc-linux-gnu/bin/../lib/gcc/nios2-elf/4.1.2/mno-hw-mul/pg/libgcc.a(_ne_df.o)
 .data          0x01026b3c        0x0 /opt/altera/13.0sp1/nios2eds/bin/gnu/H-i686-pc-linux-gnu/bin/../lib/gcc/nios2-elf/4.1.2/mno-hw-mul/pg/libgcc.a(_gt_df.o)
 .data          0x01026b3c        0x0 /opt/altera/13.0sp1/nios2eds/bin/gnu/H-i686-pc-linux-gnu/bin/../lib/gcc/nios2-elf/4.1.2/mno-hw-mul/pg/libgcc.a(_ge_df.o)
 .data          0x01026b3c        0x0 /opt/altera/13.0sp1/nios2eds/bin/gnu/H-i686-pc-linux-gnu/bin/../lib/gcc/nios2-elf/4.1.2/mno-hw-mul/pg/libgcc.a(_lt_df.o)
 .data          0x01026b3c        0x0 /opt/altera/13.0sp1/nios2eds/bin/gnu/H-i686-pc-linux-gnu/bin/../lib/gcc/nios2-elf/4.1.2/mno-hw-mul/pg/libgcc.a(_si_to_df.o)
 .data          0x01026b3c        0x0 /opt/altera/13.0sp1/nios2eds/bin/gnu/H-i686-pc-linux-gnu/bin/../lib/gcc/nios2-elf/4.1.2/mno-hw-mul/pg/libgcc.a(_df_to_si.o)
 .data          0x01026b3c        0x0 /opt/altera/13.0sp1/nios2eds/bin/gnu/H-i686-pc-linux-gnu/bin/../lib/gcc/nios2-elf/4.1.2/mno-hw-mul/pg/libgcc.a(_muldi3.o)
 .data          0x01026b3c        0x0 /opt/altera/13.0sp1/nios2eds/bin/gnu/H-i686-pc-linux-gnu/bin/../lib/gcc/nios2-elf/4.1.2/mno-hw-mul/pg/libgcc.a(_fpcmp_parts_df.o)
 .data          0x01026b3c        0x0 ../rt_bsp//libucosii_bsp.a(alt_alarm_start.o)
 .data          0x01026b3c        0x0 ../rt_bsp//libucosii_bsp.a(alt_close.o)
 .data          0x01026b3c      0x1a8 ../rt_bsp//libucosii_bsp.a(alt_dev.o)
                0x01026b3c                alt_dev_null
                0x01026b64                alt_fd_list
 .data          0x01026ce4        0x0 ../rt_bsp//libucosii_bsp.a(alt_errno.o)
 .data          0x01026ce4        0x0 ../rt_bsp//libucosii_bsp.a(alt_fstat.o)
 .data          0x01026ce4        0x0 ../rt_bsp//libucosii_bsp.a(alt_isatty.o)
 .data          0x01026ce4        0x0 ../rt_bsp//libucosii_bsp.a(alt_load.o)
 .data          0x01026ce4        0x0 ../rt_bsp//libucosii_bsp.a(alt_lseek.o)
 .data          0x01026ce4        0x0 ../rt_bsp//libucosii_bsp.a(alt_main.o)
 .data          0x01026ce4        0x0 ../rt_bsp//libucosii_bsp.a(alt_mcount.o)
 .data          0x01026ce4        0x0 ../rt_bsp//libucosii_bsp.a(alt_read.o)
 .data          0x01026ce4        0x0 ../rt_bsp//libucosii_bsp.a(alt_release_fd.o)
 .data          0x01026ce4        0x0 ../rt_bsp//libucosii_bsp.a(alt_sbrk.o)
 .data          0x01026ce4        0x0 ../rt_bsp//libucosii_bsp.a(alt_tick.o)
 .data          0x01026ce4        0x0 ../rt_bsp//libucosii_bsp.a(alt_write.o)
 .data          0x01026ce4        0x0 ../rt_bsp//libucosii_bsp.a(alt_env_lock.o)
 .data          0x01026ce4        0x0 ../rt_bsp//libucosii_bsp.a(alt_malloc_lock.o)
 .data          0x01026ce4        0x0 ../rt_bsp//libucosii_bsp.a(os_core.o)
 .data          0x01026ce4        0x0 ../rt_bsp//libucosii_bsp.a(os_dbg.o)
 .data          0x01026ce4        0x0 ../rt_bsp//libucosii_bsp.a(os_flag.o)
 .data          0x01026ce4        0x0 ../rt_bsp//libucosii_bsp.a(os_mem.o)
 .data          0x01026ce4        0x0 ../rt_bsp//libucosii_bsp.a(os_q.o)
 .data          0x01026ce4        0x0 ../rt_bsp//libucosii_bsp.a(os_sem.o)
 .data          0x01026ce4        0x0 ../rt_bsp//libucosii_bsp.a(os_task.o)
 .data          0x01026ce4        0x0 ../rt_bsp//libucosii_bsp.a(os_time.o)
 .data          0x01026ce4        0x0 ../rt_bsp//libucosii_bsp.a(os_tmr.o)
 .data          0x01026ce4     0x1154 ../rt_bsp//libucosii_bsp.a(alt_sys_init.o)
 .data          0x01027e38        0x0 ../rt_bsp//libucosii_bsp.a(altera_avalon_jtag_uart_fd.o)
 .data          0x01027e38        0x0 ../rt_bsp//libucosii_bsp.a(altera_avalon_jtag_uart_init.o)
 .data          0x01027e38        0x0 ../rt_bsp//libucosii_bsp.a(altera_avalon_jtag_uart_ioctl.o)
 .data          0x01027e38        0x0 ../rt_bsp//libucosii_bsp.a(altera_avalon_jtag_uart_read.o)
 .data          0x01027e38        0x0 ../rt_bsp//libucosii_bsp.a(altera_avalon_jtag_uart_write.o)
 .data          0x01027e38        0x0 ../rt_bsp//libucosii_bsp.a(altera_avalon_mutex.o)
 .data          0x01027e38        0x0 ../rt_bsp//libucosii_bsp.a(altera_avalon_performance_counter.o)
 .data          0x01027e38        0x0 ../rt_bsp//libucosii_bsp.a(altera_avalon_timer_sc.o)
 .data          0x01027e38        0x0 ../rt_bsp//libucosii_bsp.a(perf_print_formatted_report.o)
 .data          0x01027e38        0x0 ../rt_bsp//libucosii_bsp.a(alt_dcache_flush_all.o)
 .data          0x01027e38        0x0 ../rt_bsp//libucosii_bsp.a(alt_dev_llist_insert.o)
 .data          0x01027e38        0x0 ../rt_bsp//libucosii_bsp.a(alt_do_ctors.o)
 .data          0x01027e38        0x0 ../rt_bsp//libucosii_bsp.a(alt_do_dtors.o)
 .data          0x01027e38        0x0 ../rt_bsp//libucosii_bsp.a(alt_find_dev.o)
 .data          0x01027e38       0x24 ../rt_bsp//libucosii_bsp.a(alt_gmon.o)
                0x01027e38                alt_gmon_data
 .data          0x01027e5c        0x0 ../rt_bsp//libucosii_bsp.a(alt_icache_flush_all.o)
 .data          0x01027e5c        0x0 ../rt_bsp//libucosii_bsp.a(alt_io_redirect.o)
 .data          0x01027e5c        0x0 ../rt_bsp//libucosii_bsp.a(alt_irq_register.o)
 .data          0x01027e5c        0x0 ../rt_bsp//libucosii_bsp.a(alt_irq_vars.o)
 .data          0x01027e5c        0x0 ../rt_bsp//libucosii_bsp.a(alt_open.o)
 .data          0x01027e5c        0x0 ../rt_bsp//libucosii_bsp.a(altera_nios2_qsys_irq.o)
 .data          0x01027e5c        0x0 ../rt_bsp//libucosii_bsp.a(os_cpu_a.o)
 .data          0x01027e5c        0x0 ../rt_bsp//libucosii_bsp.a(os_cpu_c.o)
 .data          0x01027e5c        0x0 ../rt_bsp//libucosii_bsp.a(alt_find_file.o)
 .data          0x01027e5c        0x0 ../rt_bsp//libucosii_bsp.a(alt_get_fd.o)
 .data          0x01027e5c        0x0 ../rt_bsp//libucosii_bsp.a(alt_irq_entry.o)
 .data          0x01027e5c        0x0 ../rt_bsp//libucosii_bsp.a(alt_irq_handler.o)
 .data          0x01027e5c        0x0 ../rt_bsp//libucosii_bsp.a(alt_exception_entry.o)
 .data          0x01027e5c        0x0 /opt/altera/13.0sp1/nios2eds/bin/gnu/H-i686-pc-linux-gnu/bin/../lib/gcc/nios2-elf/4.1.2/../../../../nios2-elf/lib/mno-hw-mul/pg/libc.a(lib_a-atexit.o)
 .data          0x01027e5c        0x0 /opt/altera/13.0sp1/nios2eds/bin/gnu/H-i686-pc-linux-gnu/bin/../lib/gcc/nios2-elf/4.1.2/../../../../nios2-elf/lib/mno-hw-mul/pg/libc.a(lib_a-exit.o)
 .data          0x01027e5c        0x0 /opt/altera/13.0sp1/nios2eds/bin/gnu/H-i686-pc-linux-gnu/bin/../lib/gcc/nios2-elf/4.1.2/../../../../nios2-elf/lib/mno-hw-mul/pg/libc.a(lib_a-memcmp.o)
 .data          0x01027e5c        0x0 /opt/altera/13.0sp1/nios2eds/bin/gnu/H-i686-pc-linux-gnu/bin/../lib/gcc/nios2-elf/4.1.2/../../../../nios2-elf/lib/mno-hw-mul/pg/libc.a(lib_a-__atexit.o)
 .data          0x01027e5c        0x0 /opt/altera/13.0sp1/nios2eds/bin/gnu/H-i686-pc-linux-gnu/bin/../lib/gcc/nios2-elf/4.1.2/../../../../nios2-elf/lib/mno-hw-mul/pg/libc.a(lib_a-__call_atexit.o)
 .data          0x01027e5c        0x0 /opt/altera/13.0sp1/nios2eds/bin/gnu/H-i686-pc-linux-gnu/bin/../lib/gcc/nios2-elf/4.1.2/mno-hw-mul/pg/libgcc.a(_fixunsdfsi.o)
 .data          0x01027e5c        0x0 /opt/altera/13.0sp1/nios2eds/bin/gnu/H-i686-pc-linux-gnu/bin/../lib/gcc/nios2-elf/4.1.2/mno-hw-mul/pg/libgcc.a(_floatundidf.o)
 .data          0x01027e5c        0x0 ../rt_bsp//libucosii_bsp.a(alt_exit.o)
                0x0102fe5c                _gp = ABSOLUTE ((. + 0x8000))
                0x0102fe5c                PROVIDE (gp, _gp)
 *(.rwdata .rwdata.*)
 *(.sdata .sdata.* .gnu.linkonce.s.*)
 .sdata         0x01027e5c        0x4 obj/default/cpu_0.o
                0x01027e5c                NR_ASCII_CHARS
                0x01027e5d                sequence_length
                0x01027e5e                dSPAN
                0x01027e5f                cropSIZE
 .sdata         0x01027e60        0x8 /opt/altera/13.0sp1/nios2eds/bin/gnu/H-i686-pc-linux-gnu/bin/../lib/gcc/nios2-elf/4.1.2/../../../../nios2-elf/lib/mno-hw-mul/pg/libc.a(lib_a-impure.o)
                0x01027e60                _impure_ptr
                0x01027e64                _global_impure_ptr
 .sdata         0x01027e68        0x8 /opt/altera/13.0sp1/nios2eds/bin/gnu/H-i686-pc-linux-gnu/bin/../lib/gcc/nios2-elf/4.1.2/../../../../nios2-elf/lib/mno-hw-mul/pg/libc.a(lib_a-locale.o)
                0x01027e68                __mb_cur_max
 .sdata         0x01027e70        0x8 /opt/altera/13.0sp1/nios2eds/bin/gnu/H-i686-pc-linux-gnu/bin/../lib/gcc/nios2-elf/4.1.2/../../../../nios2-elf/lib/mno-hw-mul/pg/libc.a(lib_a-mallocr.o)
                0x01027e70                __malloc_trim_threshold
                0x01027e74                __malloc_sbrk_base
 .sdata         0x01027e78       0x14 ../rt_bsp//libucosii_bsp.a(alt_dev.o)
                0x01027e78                alt_fs_list
                0x01027e80                alt_dev_list
                0x01027e88                alt_max_fd
 .sdata         0x01027e8c        0x4 ../rt_bsp//libucosii_bsp.a(alt_errno.o)
                0x01027e8c                alt_errno
 .sdata         0x01027e90        0x4 ../rt_bsp//libucosii_bsp.a(alt_sbrk.o)
 .sdata         0x01027e94        0x8 ../rt_bsp//libucosii_bsp.a(alt_tick.o)
                0x01027e94                alt_alarm_list
 .sdata         0x01027e9c        0x4 ../rt_bsp//libucosii_bsp.a(alt_env_lock.o)
 .sdata         0x01027ea0        0x4 ../rt_bsp//libucosii_bsp.a(alt_malloc_lock.o)
 .sdata         0x01027ea4       0x74 ../rt_bsp//libucosii_bsp.a(os_dbg.o)
                0x01027ea4                OSDebugEn
                0x01027ea8                OSEndiannessTest
                0x01027eac                OSEventEn
                0x01027eae                OSEventMax
                0x01027eb0                OSEventNameSize
                0x01027eb2                OSEventSize
                0x01027eb4                OSEventTblSize
                0x01027eb6                OSEventMultiEn
                0x01027eb8                OSFlagEn
                0x01027eba                OSFlagGrpSize
                0x01027ebc                OSFlagNodeSize
                0x01027ebe                OSFlagWidth
                0x01027ec0                OSFlagMax
                0x01027ec2                OSFlagNameSize
                0x01027ec4                OSLowestPrio
                0x01027ec6                OSMboxEn
                0x01027ec8                OSMemEn
                0x01027eca                OSMemMax
                0x01027ecc                OSMemNameSize
                0x01027ece                OSMemSize
                0x01027ed0                OSMemTblSize
                0x01027ed2                OSMutexEn
                0x01027ed4                OSPtrSize
                0x01027ed6                OSQEn
                0x01027ed8                OSQMax
                0x01027eda                OSQSize
                0x01027edc                OSRdyTblSize
                0x01027ede                OSSemEn
                0x01027ee0                OSStkWidth
                0x01027ee2                OSTaskCreateEn
                0x01027ee4                OSTaskCreateExtEn
                0x01027ee6                OSTaskDelEn
                0x01027ee8                OSTaskIdleStkSize
                0x01027eea                OSTaskProfileEn
                0x01027eec                OSTaskMax
                0x01027eee                OSTaskNameSize
                0x01027ef0                OSTaskStatEn
                0x01027ef2                OSTaskStatStkSize
                0x01027ef4                OSTaskStatStkChkEn
                0x01027ef6                OSTaskSwHookEn
                0x01027ef8                OSTCBPrioTblMax
                0x01027efa                OSTCBSize
                0x01027efc                OSTicksPerSec
                0x01027efe                OSTimeTickHookEn
                0x01027f00                OSVersionNbr
                0x01027f02                OSTmrEn
                0x01027f04                OSTmrCfgMax
                0x01027f06                OSTmrCfgNameSize
                0x01027f08                OSTmrCfgWheelSize
                0x01027f0a                OSTmrCfgTicksPerSec
                0x01027f0c                OSTmrSize
                0x01027f0e                OSTmrTblSize
                0x01027f10                OSTmrWheelSize
                0x01027f12                OSTmrWheelTblSize
                0x01027f14                OSDataSize
 .sdata         0x01027f18        0x8 ../rt_bsp//libucosii_bsp.a(altera_avalon_mutex.o)
                0x01027f18                alt_mutex_list
 .sdata         0x01027f20        0xc ../rt_bsp//libucosii_bsp.a(alt_gmon.o)
 .sdata         0x01027f2c        0x4 ../rt_bsp//libucosii_bsp.a(alt_irq_vars.o)
                0x01027f2c                alt_priority_mask
 *(.sdata2 .sdata2.* .gnu.linkonce.s2.*)
                0x01027f30                . = ALIGN (0x4)
                0x01027f30                _edata = ABSOLUTE (.)
                0x01027f30                PROVIDE (edata, ABSOLUTE (.))
                0x01027f30                PROVIDE (__ram_rwdata_end, ABSOLUTE (.))
                0x01027f30                PROVIDE (__flash_rwdata_start, LOADADDR (.rwdata))

.bss            0x01035b64    0x12248
                0x01035b64                __bss_start = ABSOLUTE (.)
                0x01035b64                PROVIDE (__sbss_start, ABSOLUTE (.))
                0x01035b64                PROVIDE (___sbss_start, ABSOLUTE (.))
 *(.dynsbss)
 *(.sbss .sbss.* .gnu.linkonce.sb.*)
 .sbss          0x01035b64        0x8 obj/default/cpu_0.o
                0x01035b64                current_image
                0x01035b68                counter
 .sbss          0x01035b6c       0x24 obj/default/cpu_0.o
                0x01035b6c                PosMaxSem
                0x01035b70                CalcCoordSem
                0x01035b74                objectPosSem
                0x01035b78                xCorr2Sem
                0x01035b7c                CropSem
                0x01035b80                err
                0x01035b84                delay
                0x01035b88                Task1TmrSem
                0x01035b8c                GrayedSem
 .sbss          0x01035b90        0xc /opt/altera/13.0sp1/nios2eds/bin/gnu/H-i686-pc-linux-gnu/bin/../lib/gcc/nios2-elf/4.1.2/../../../../nios2-elf/lib/mno-hw-mul/pg/libc.a(lib_a-locale.o)
                0x01035b90                __nlocale_changed
                0x01035b94                __mlocale_changed
                0x01035b98                _PathLocale
 .sbss          0x01035b9c        0xc /opt/altera/13.0sp1/nios2eds/bin/gnu/H-i686-pc-linux-gnu/bin/../lib/gcc/nios2-elf/4.1.2/../../../../nios2-elf/lib/mno-hw-mul/pg/libc.a(lib_a-mallocr.o)
                0x01035b9c                __malloc_top_pad
                0x01035ba0                __malloc_max_sbrked_mem
                0x01035ba4                __malloc_max_total_mem
 .sbss          0x01035ba8        0x4 /opt/altera/13.0sp1/nios2eds/bin/gnu/H-i686-pc-linux-gnu/bin/../lib/gcc/nios2-elf/4.1.2/../../../../nios2-elf/lib/mno-hw-mul/pg/libc.a(lib_a-int_errno.o)
                0x01035ba8                errno
 .sbss          0x01035bac        0x4 ../rt_bsp//libucosii_bsp.a(alt_dev.o)
                0x01035bac                alt_fd_list_lock
 .sbss          0x01035bb0        0xc ../rt_bsp//libucosii_bsp.a(alt_main.o)
                0x01035bb0                alt_argc
                0x01035bb4                alt_argv
                0x01035bb8                alt_envp
 .sbss          0x01035bbc        0x8 ../rt_bsp//libucosii_bsp.a(alt_tick.o)
                0x01035bbc                _alt_tick_rate
                0x01035bc0                _alt_nticks
 .sbss          0x01035bc4        0x8 ../rt_bsp//libucosii_bsp.a(alt_env_lock.o)
                0x01035bc8                alt_envsem
 .sbss          0x01035bcc        0x8 ../rt_bsp//libucosii_bsp.a(alt_malloc_lock.o)
                0x01035bd0                alt_heapsem
 .sbss          0x01035bd4       0x68 ../rt_bsp//libucosii_bsp.a(os_core.o)
                0x01035bd4                OSTmrFreeList
                0x01035bd8                OSLockNesting
                0x01035bdc                OSTmrSemSignal
                0x01035be0                OSRunning
                0x01035be4                OSIdleCtr
                0x01035be8                OSTmrUsed
                0x01035bea                OSPrioHighRdy
                0x01035beb                OSPrioCur
                0x01035bec                OSTCBList
                0x01035bf0                OSTickStepState
                0x01035bf4                OSCtxSwCtr
                0x01035bf8                OSTmrFree
                0x01035bfc                OSIdleCtrMax
                0x01035c00                OSTCBFreeList
                0x01035c04                OSCPUUsage
                0x01035c05                OSTaskCtr
                0x01035c08                OSMemFreeList
                0x01035c0c                OSTCBHighRdy
                0x01035c10                OSQFreeList
                0x01035c14                OSRdyGrp
                0x01035c15                OSRdyTbl
                0x01035c18                OSEventFreeList
                0x01035c1c                OSIntNesting
                0x01035c20                OSTCBCur
                0x01035c24                OSTmrTime
                0x01035c28                OSTime
                0x01035c2c                OSTmrSem
                0x01035c30                OSFlagFreeList
                0x01035c34                OSStatRdy
                0x01035c38                OSIdleCtrRun
 .sbss          0x01035c3c        0xc ../rt_bsp//libucosii_bsp.a(alt_gmon.o)
 .sbss          0x01035c48        0x4 ../rt_bsp//libucosii_bsp.a(alt_irq_vars.o)
                0x01035c48                alt_irq_active
 .sbss          0x01035c4c        0x2 ../rt_bsp//libucosii_bsp.a(os_cpu_c.o)
 *(.sbss2 .sbss2.* .gnu.linkonce.sb2.*)
 *(.scommon)
                0x01035c4e                PROVIDE (__sbss_end, ABSOLUTE (.))
                0x01035c4e                PROVIDE (___sbss_end, ABSOLUTE (.))
 *(.dynbss)
 *(.bss .bss.* .gnu.linkonce.b.*)
 .bss           0x01035c4e        0x0 ../rt_bsp//obj/HAL/src/crt0.o
 *fill*         0x01035c4e        0x2 00
 .bss           0x01035c50       0x18 obj/default/cpu_0.o
 .bss           0x01035c68        0x0 obj/default/delay_asm.o
 .bss           0x01035c68        0x0 /opt/altera/13.0sp1/nios2eds/bin/gnu/H-i686-pc-linux-gnu/bin/../lib/gcc/nios2-elf/4.1.2/mno-hw-mul/pg/libgcc.a(_udivdi3.o)
 .bss           0x01035c68        0x0 /opt/altera/13.0sp1/nios2eds/bin/gnu/H-i686-pc-linux-gnu/bin/../lib/gcc/nios2-elf/4.1.2/mno-hw-mul/pg/libgcc.a(_div_df.o)
 .bss           0x01035c68        0x0 /opt/altera/13.0sp1/nios2eds/bin/gnu/H-i686-pc-linux-gnu/bin/../lib/gcc/nios2-elf/4.1.2/mno-hw-mul/pg/libgcc.a(_thenan_df.o)
 .bss           0x01035c68        0x0 /opt/altera/13.0sp1/nios2eds/bin/gnu/H-i686-pc-linux-gnu/bin/../lib/gcc/nios2-elf/4.1.2/mno-hw-mul/pg/libgcc.a(_usi_to_df.o)
 .bss           0x01035c68        0x0 /opt/altera/13.0sp1/nios2eds/bin/gnu/H-i686-pc-linux-gnu/bin/../lib/gcc/nios2-elf/4.1.2/mno-hw-mul/pg/libgcc.a(lib2-divmod.o)
 .bss           0x01035c68        0x0 /opt/altera/13.0sp1/nios2eds/bin/gnu/H-i686-pc-linux-gnu/bin/../lib/gcc/nios2-elf/4.1.2/mno-hw-mul/pg/libgcc.a(lib2-mul.o)
 .bss           0x01035c68        0x0 /opt/altera/13.0sp1/nios2eds/bin/gnu/H-i686-pc-linux-gnu/bin/../lib/gcc/nios2-elf/4.1.2/mno-hw-mul/pg/libgcc.a(_clz.o)
 .bss           0x01035c68        0x0 /opt/altera/13.0sp1/nios2eds/bin/gnu/H-i686-pc-linux-gnu/bin/../lib/gcc/nios2-elf/4.1.2/mno-hw-mul/pg/libgcc.a(_clzsi2.o)
 .bss           0x01035c68        0x0 /opt/altera/13.0sp1/nios2eds/bin/gnu/H-i686-pc-linux-gnu/bin/../lib/gcc/nios2-elf/4.1.2/mno-hw-mul/pg/libgcc.a(_pack_df.o)
 .bss           0x01035c68        0x0 /opt/altera/13.0sp1/nios2eds/bin/gnu/H-i686-pc-linux-gnu/bin/../lib/gcc/nios2-elf/4.1.2/mno-hw-mul/pg/libgcc.a(_unpack_df.o)
 .bss           0x01035c68        0x0 /opt/altera/13.0sp1/nios2eds/bin/gnu/H-i686-pc-linux-gnu/bin/../lib/gcc/nios2-elf/4.1.2/../../../../nios2-elf/lib/mno-hw-mul/pg/libc.a(lib_a-printf.o)
 .bss           0x01035c68        0x0 /opt/altera/13.0sp1/nios2eds/bin/gnu/H-i686-pc-linux-gnu/bin/../lib/gcc/nios2-elf/4.1.2/../../../../nios2-elf/lib/mno-hw-mul/pg/libc.a(lib_a-putchar.o)
 .bss           0x01035c68        0x0 /opt/altera/13.0sp1/nios2eds/bin/gnu/H-i686-pc-linux-gnu/bin/../lib/gcc/nios2-elf/4.1.2/../../../../nios2-elf/lib/mno-hw-mul/pg/libc.a(lib_a-puts.o)
 .bss           0x01035c68        0x0 /opt/altera/13.0sp1/nios2eds/bin/gnu/H-i686-pc-linux-gnu/bin/../lib/gcc/nios2-elf/4.1.2/../../../../nios2-elf/lib/mno-hw-mul/pg/libc.a(lib_a-strlen.o)
 .bss           0x01035c68        0x0 /opt/altera/13.0sp1/nios2eds/bin/gnu/H-i686-pc-linux-gnu/bin/../lib/gcc/nios2-elf/4.1.2/../../../../nios2-elf/lib/mno-hw-mul/pg/libc.a(lib_a-vfprintf.o)
 .bss           0x01035c68        0x0 /opt/altera/13.0sp1/nios2eds/bin/gnu/H-i686-pc-linux-gnu/bin/../lib/gcc/nios2-elf/4.1.2/../../../../nios2-elf/lib/mno-hw-mul/pg/libc.a(lib_a-wsetup.o)
 .bss           0x01035c68        0x0 /opt/altera/13.0sp1/nios2eds/bin/gnu/H-i686-pc-linux-gnu/bin/../lib/gcc/nios2-elf/4.1.2/../../../../nios2-elf/lib/mno-hw-mul/pg/libc.a(lib_a-dtoa.o)
 .bss           0x01035c68        0x0 /opt/altera/13.0sp1/nios2eds/bin/gnu/H-i686-pc-linux-gnu/bin/../lib/gcc/nios2-elf/4.1.2/../../../../nios2-elf/lib/mno-hw-mul/pg/libc.a(lib_a-fflush.o)
 .bss           0x01035c68        0x0 /opt/altera/13.0sp1/nios2eds/bin/gnu/H-i686-pc-linux-gnu/bin/../lib/gcc/nios2-elf/4.1.2/../../../../nios2-elf/lib/mno-hw-mul/pg/libc.a(lib_a-findfp.o)
 .bss           0x01035c68        0x0 /opt/altera/13.0sp1/nios2eds/bin/gnu/H-i686-pc-linux-gnu/bin/../lib/gcc/nios2-elf/4.1.2/../../../../nios2-elf/lib/mno-hw-mul/pg/libc.a(lib_a-freer.o)
 .bss           0x01035c68        0x0 /opt/altera/13.0sp1/nios2eds/bin/gnu/H-i686-pc-linux-gnu/bin/../lib/gcc/nios2-elf/4.1.2/../../../../nios2-elf/lib/mno-hw-mul/pg/libc.a(lib_a-fvwrite.o)
 .bss           0x01035c68        0x0 /opt/altera/13.0sp1/nios2eds/bin/gnu/H-i686-pc-linux-gnu/bin/../lib/gcc/nios2-elf/4.1.2/../../../../nios2-elf/lib/mno-hw-mul/pg/libc.a(lib_a-fwalk.o)
 .bss           0x01035c68        0x0 /opt/altera/13.0sp1/nios2eds/bin/gnu/H-i686-pc-linux-gnu/bin/../lib/gcc/nios2-elf/4.1.2/../../../../nios2-elf/lib/mno-hw-mul/pg/libc.a(lib_a-impure.o)
 .bss           0x01035c68        0x0 /opt/altera/13.0sp1/nios2eds/bin/gnu/H-i686-pc-linux-gnu/bin/../lib/gcc/nios2-elf/4.1.2/../../../../nios2-elf/lib/mno-hw-mul/pg/libc.a(lib_a-locale.o)
 .bss           0x01035c68        0x0 /opt/altera/13.0sp1/nios2eds/bin/gnu/H-i686-pc-linux-gnu/bin/../lib/gcc/nios2-elf/4.1.2/../../../../nios2-elf/lib/mno-hw-mul/pg/libc.a(lib_a-makebuf.o)
 .bss           0x01035c68       0x28 /opt/altera/13.0sp1/nios2eds/bin/gnu/H-i686-pc-linux-gnu/bin/../lib/gcc/nios2-elf/4.1.2/../../../../nios2-elf/lib/mno-hw-mul/pg/libc.a(lib_a-mallocr.o)
                0x01035c68                __malloc_current_mallinfo
 .bss           0x01035c90        0x0 /opt/altera/13.0sp1/nios2eds/bin/gnu/H-i686-pc-linux-gnu/bin/../lib/gcc/nios2-elf/4.1.2/../../../../nios2-elf/lib/mno-hw-mul/pg/libc.a(lib_a-memchr.o)
 .bss           0x01035c90        0x0 /opt/altera/13.0sp1/nios2eds/bin/gnu/H-i686-pc-linux-gnu/bin/../lib/gcc/nios2-elf/4.1.2/../../../../nios2-elf/lib/mno-hw-mul/pg/libc.a(lib_a-memcpy.o)
 .bss           0x01035c90        0x0 /opt/altera/13.0sp1/nios2eds/bin/gnu/H-i686-pc-linux-gnu/bin/../lib/gcc/nios2-elf/4.1.2/../../../../nios2-elf/lib/mno-hw-mul/pg/libc.a(lib_a-memmove.o)
 .bss           0x01035c90        0x0 /opt/altera/13.0sp1/nios2eds/bin/gnu/H-i686-pc-linux-gnu/bin/../lib/gcc/nios2-elf/4.1.2/../../../../nios2-elf/lib/mno-hw-mul/pg/libc.a(lib_a-memset.o)
 .bss           0x01035c90        0x0 /opt/altera/13.0sp1/nios2eds/bin/gnu/H-i686-pc-linux-gnu/bin/../lib/gcc/nios2-elf/4.1.2/../../../../nios2-elf/lib/mno-hw-mul/pg/libc.a(lib_a-mprec.o)
 .bss           0x01035c90        0x0 /opt/altera/13.0sp1/nios2eds/bin/gnu/H-i686-pc-linux-gnu/bin/../lib/gcc/nios2-elf/4.1.2/../../../../nios2-elf/lib/mno-hw-mul/pg/libc.a(lib_a-putc.o)
 .bss           0x01035c90        0x0 /opt/altera/13.0sp1/nios2eds/bin/gnu/H-i686-pc-linux-gnu/bin/../lib/gcc/nios2-elf/4.1.2/../../../../nios2-elf/lib/mno-hw-mul/pg/libc.a(lib_a-reallocr.o)
 .bss           0x01035c90        0x0 /opt/altera/13.0sp1/nios2eds/bin/gnu/H-i686-pc-linux-gnu/bin/../lib/gcc/nios2-elf/4.1.2/../../../../nios2-elf/lib/mno-hw-mul/pg/libc.a(lib_a-s_isinfd.o)
 .bss           0x01035c90        0x0 /opt/altera/13.0sp1/nios2eds/bin/gnu/H-i686-pc-linux-gnu/bin/../lib/gcc/nios2-elf/4.1.2/../../../../nios2-elf/lib/mno-hw-mul/pg/libc.a(lib_a-s_isnand.o)
 .bss           0x01035c90        0x0 /opt/altera/13.0sp1/nios2eds/bin/gnu/H-i686-pc-linux-gnu/bin/../lib/gcc/nios2-elf/4.1.2/../../../../nios2-elf/lib/mno-hw-mul/pg/libc.a(lib_a-sbrkr.o)
 .bss           0x01035c90        0x0 /opt/altera/13.0sp1/nios2eds/bin/gnu/H-i686-pc-linux-gnu/bin/../lib/gcc/nios2-elf/4.1.2/../../../../nios2-elf/lib/mno-hw-mul/pg/libc.a(lib_a-stdio.o)
 .bss           0x01035c90        0x0 /opt/altera/13.0sp1/nios2eds/bin/gnu/H-i686-pc-linux-gnu/bin/../lib/gcc/nios2-elf/4.1.2/../../../../nios2-elf/lib/mno-hw-mul/pg/libc.a(lib_a-strcmp.o)
 .bss           0x01035c90        0x0 /opt/altera/13.0sp1/nios2eds/bin/gnu/H-i686-pc-linux-gnu/bin/../lib/gcc/nios2-elf/4.1.2/../../../../nios2-elf/lib/mno-hw-mul/pg/libc.a(lib_a-wbuf.o)
 .bss           0x01035c90        0x0 /opt/altera/13.0sp1/nios2eds/bin/gnu/H-i686-pc-linux-gnu/bin/../lib/gcc/nios2-elf/4.1.2/../../../../nios2-elf/lib/mno-hw-mul/pg/libc.a(lib_a-writer.o)
 .bss           0x01035c90        0x0 /opt/altera/13.0sp1/nios2eds/bin/gnu/H-i686-pc-linux-gnu/bin/../lib/gcc/nios2-elf/4.1.2/../../../../nios2-elf/lib/mno-hw-mul/pg/libc.a(lib_a-callocr.o)
 .bss           0x01035c90        0x0 /opt/altera/13.0sp1/nios2eds/bin/gnu/H-i686-pc-linux-gnu/bin/../lib/gcc/nios2-elf/4.1.2/../../../../nios2-elf/lib/mno-hw-mul/pg/libc.a(lib_a-closer.o)
 .bss           0x01035c90        0x0 /opt/altera/13.0sp1/nios2eds/bin/gnu/H-i686-pc-linux-gnu/bin/../lib/gcc/nios2-elf/4.1.2/../../../../nios2-elf/lib/mno-hw-mul/pg/libc.a(lib_a-fclose.o)
 .bss           0x01035c90        0x0 /opt/altera/13.0sp1/nios2eds/bin/gnu/H-i686-pc-linux-gnu/bin/../lib/gcc/nios2-elf/4.1.2/../../../../nios2-elf/lib/mno-hw-mul/pg/libc.a(lib_a-fstatr.o)
 .bss           0x01035c90        0x0 /opt/altera/13.0sp1/nios2eds/bin/gnu/H-i686-pc-linux-gnu/bin/../lib/gcc/nios2-elf/4.1.2/../../../../nios2-elf/lib/mno-hw-mul/pg/libc.a(lib_a-int_errno.o)
 .bss           0x01035c90        0x0 /opt/altera/13.0sp1/nios2eds/bin/gnu/H-i686-pc-linux-gnu/bin/../lib/gcc/nios2-elf/4.1.2/../../../../nios2-elf/lib/mno-hw-mul/pg/libc.a(lib_a-isattyr.o)
 .bss           0x01035c90        0x0 /opt/altera/13.0sp1/nios2eds/bin/gnu/H-i686-pc-linux-gnu/bin/../lib/gcc/nios2-elf/4.1.2/../../../../nios2-elf/lib/mno-hw-mul/pg/libc.a(lib_a-lseekr.o)
 .bss           0x01035c90        0x0 /opt/altera/13.0sp1/nios2eds/bin/gnu/H-i686-pc-linux-gnu/bin/../lib/gcc/nios2-elf/4.1.2/../../../../nios2-elf/lib/mno-hw-mul/pg/libc.a(lib_a-readr.o)
 .bss           0x01035c90        0x0 /opt/altera/13.0sp1/nios2eds/bin/gnu/H-i686-pc-linux-gnu/bin/../lib/gcc/nios2-elf/4.1.2/mno-hw-mul/pg/libgcc.a(_umoddi3.o)
 .bss           0x01035c90        0x0 /opt/altera/13.0sp1/nios2eds/bin/gnu/H-i686-pc-linux-gnu/bin/../lib/gcc/nios2-elf/4.1.2/mno-hw-mul/pg/libgcc.a(_addsub_df.o)
 .bss           0x01035c90        0x0 /opt/altera/13.0sp1/nios2eds/bin/gnu/H-i686-pc-linux-gnu/bin/../lib/gcc/nios2-elf/4.1.2/mno-hw-mul/pg/libgcc.a(_mul_df.o)
 .bss           0x01035c90        0x0 /opt/altera/13.0sp1/nios2eds/bin/gnu/H-i686-pc-linux-gnu/bin/../lib/gcc/nios2-elf/4.1.2/mno-hw-mul/pg/libgcc.a(_eq_df.o)
 .bss           0x01035c90        0x0 /opt/altera/13.0sp1/nios2eds/bin/gnu/H-i686-pc-linux-gnu/bin/../lib/gcc/nios2-elf/4.1.2/mno-hw-mul/pg/libgcc.a(_ne_df.o)
 .bss           0x01035c90        0x0 /opt/altera/13.0sp1/nios2eds/bin/gnu/H-i686-pc-linux-gnu/bin/../lib/gcc/nios2-elf/4.1.2/mno-hw-mul/pg/libgcc.a(_gt_df.o)
 .bss           0x01035c90        0x0 /opt/altera/13.0sp1/nios2eds/bin/gnu/H-i686-pc-linux-gnu/bin/../lib/gcc/nios2-elf/4.1.2/mno-hw-mul/pg/libgcc.a(_ge_df.o)
 .bss           0x01035c90        0x0 /opt/altera/13.0sp1/nios2eds/bin/gnu/H-i686-pc-linux-gnu/bin/../lib/gcc/nios2-elf/4.1.2/mno-hw-mul/pg/libgcc.a(_lt_df.o)
 .bss           0x01035c90        0x0 /opt/altera/13.0sp1/nios2eds/bin/gnu/H-i686-pc-linux-gnu/bin/../lib/gcc/nios2-elf/4.1.2/mno-hw-mul/pg/libgcc.a(_si_to_df.o)
 .bss           0x01035c90        0x0 /opt/altera/13.0sp1/nios2eds/bin/gnu/H-i686-pc-linux-gnu/bin/../lib/gcc/nios2-elf/4.1.2/mno-hw-mul/pg/libgcc.a(_df_to_si.o)
 .bss           0x01035c90        0x0 /opt/altera/13.0sp1/nios2eds/bin/gnu/H-i686-pc-linux-gnu/bin/../lib/gcc/nios2-elf/4.1.2/mno-hw-mul/pg/libgcc.a(_muldi3.o)
 .bss           0x01035c90        0x0 /opt/altera/13.0sp1/nios2eds/bin/gnu/H-i686-pc-linux-gnu/bin/../lib/gcc/nios2-elf/4.1.2/mno-hw-mul/pg/libgcc.a(_fpcmp_parts_df.o)
 .bss           0x01035c90        0x0 ../rt_bsp//libucosii_bsp.a(alt_alarm_start.o)
 .bss           0x01035c90        0x0 ../rt_bsp//libucosii_bsp.a(alt_close.o)
 .bss           0x01035c90        0x0 ../rt_bsp//libucosii_bsp.a(alt_dev.o)
 .bss           0x01035c90        0x0 ../rt_bsp//libucosii_bsp.a(alt_errno.o)
 .bss           0x01035c90        0x0 ../rt_bsp//libucosii_bsp.a(alt_fstat.o)
 .bss           0x01035c90        0x0 ../rt_bsp//libucosii_bsp.a(alt_isatty.o)
 .bss           0x01035c90        0x0 ../rt_bsp//libucosii_bsp.a(alt_load.o)
 .bss           0x01035c90        0x0 ../rt_bsp//libucosii_bsp.a(alt_lseek.o)
 .bss           0x01035c90        0x0 ../rt_bsp//libucosii_bsp.a(alt_main.o)
 .bss           0x01035c90        0x0 ../rt_bsp//libucosii_bsp.a(alt_mcount.o)
 .bss           0x01035c90        0x0 ../rt_bsp//libucosii_bsp.a(alt_read.o)
 .bss           0x01035c90        0x0 ../rt_bsp//libucosii_bsp.a(alt_release_fd.o)
 .bss           0x01035c90        0x0 ../rt_bsp//libucosii_bsp.a(alt_sbrk.o)
 .bss           0x01035c90        0x0 ../rt_bsp//libucosii_bsp.a(alt_tick.o)
 .bss           0x01035c90        0x0 ../rt_bsp//libucosii_bsp.a(alt_write.o)
 .bss           0x01035c90        0x0 ../rt_bsp//libucosii_bsp.a(alt_env_lock.o)
 .bss           0x01035c90        0x0 ../rt_bsp//libucosii_bsp.a(alt_malloc_lock.o)
 .bss           0x01035c90        0x0 ../rt_bsp//libucosii_bsp.a(os_core.o)
 .bss           0x01035c90        0x0 ../rt_bsp//libucosii_bsp.a(os_dbg.o)
 .bss           0x01035c90        0x0 ../rt_bsp//libucosii_bsp.a(os_flag.o)
 .bss           0x01035c90        0x0 ../rt_bsp//libucosii_bsp.a(os_mem.o)
 .bss           0x01035c90        0x0 ../rt_bsp//libucosii_bsp.a(os_q.o)
 .bss           0x01035c90        0x0 ../rt_bsp//libucosii_bsp.a(os_sem.o)
 .bss           0x01035c90        0x0 ../rt_bsp//libucosii_bsp.a(os_task.o)
 .bss           0x01035c90        0x0 ../rt_bsp//libucosii_bsp.a(os_time.o)
 .bss           0x01035c90        0x0 ../rt_bsp//libucosii_bsp.a(os_tmr.o)
 .bss           0x01035c90        0x0 ../rt_bsp//libucosii_bsp.a(alt_sys_init.o)
 .bss           0x01035c90        0x0 ../rt_bsp//libucosii_bsp.a(altera_avalon_jtag_uart_fd.o)
 .bss           0x01035c90        0x0 ../rt_bsp//libucosii_bsp.a(altera_avalon_jtag_uart_init.o)
 .bss           0x01035c90        0x0 ../rt_bsp//libucosii_bsp.a(altera_avalon_jtag_uart_ioctl.o)
 .bss           0x01035c90        0x0 ../rt_bsp//libucosii_bsp.a(altera_avalon_jtag_uart_read.o)
 .bss           0x01035c90        0x0 ../rt_bsp//libucosii_bsp.a(altera_avalon_jtag_uart_write.o)
 .bss           0x01035c90        0x0 ../rt_bsp//libucosii_bsp.a(altera_avalon_mutex.o)
 .bss           0x01035c90        0x0 ../rt_bsp//libucosii_bsp.a(altera_avalon_performance_counter.o)
 .bss           0x01035c90        0x0 ../rt_bsp//libucosii_bsp.a(altera_avalon_timer_sc.o)
 .bss           0x01035c90        0x0 ../rt_bsp//libucosii_bsp.a(perf_print_formatted_report.o)
 .bss           0x01035c90        0x0 ../rt_bsp//libucosii_bsp.a(alt_dcache_flush_all.o)
 .bss           0x01035c90        0x0 ../rt_bsp//libucosii_bsp.a(alt_dev_llist_insert.o)
 .bss           0x01035c90        0x0 ../rt_bsp//libucosii_bsp.a(alt_do_ctors.o)
 .bss           0x01035c90        0x0 ../rt_bsp//libucosii_bsp.a(alt_do_dtors.o)
 .bss           0x01035c90        0x0 ../rt_bsp//libucosii_bsp.a(alt_find_dev.o)
 .bss           0x01035c90       0x18 ../rt_bsp//libucosii_bsp.a(alt_gmon.o)
 .bss           0x01035ca8        0x0 ../rt_bsp//libucosii_bsp.a(alt_icache_flush_all.o)
 .bss           0x01035ca8        0x0 ../rt_bsp//libucosii_bsp.a(alt_io_redirect.o)
 .bss           0x01035ca8        0x0 ../rt_bsp//libucosii_bsp.a(alt_irq_register.o)
 .bss           0x01035ca8        0x0 ../rt_bsp//libucosii_bsp.a(alt_irq_vars.o)
 .bss           0x01035ca8        0x0 ../rt_bsp//libucosii_bsp.a(alt_open.o)
 .bss           0x01035ca8        0x0 ../rt_bsp//libucosii_bsp.a(altera_nios2_qsys_irq.o)
 .bss           0x01035ca8        0x0 ../rt_bsp//libucosii_bsp.a(os_cpu_a.o)
 .bss           0x01035ca8        0x0 ../rt_bsp//libucosii_bsp.a(os_cpu_c.o)
 .bss           0x01035ca8        0x0 ../rt_bsp//libucosii_bsp.a(alt_find_file.o)
 .bss           0x01035ca8        0x0 ../rt_bsp//libucosii_bsp.a(alt_get_fd.o)
 .bss           0x01035ca8        0x0 ../rt_bsp//libucosii_bsp.a(alt_irq_entry.o)
 .bss           0x01035ca8        0x0 ../rt_bsp//libucosii_bsp.a(alt_irq_handler.o)
 .bss           0x01035ca8        0x0 ../rt_bsp//libucosii_bsp.a(alt_exception_entry.o)
 .bss           0x01035ca8        0x0 /opt/altera/13.0sp1/nios2eds/bin/gnu/H-i686-pc-linux-gnu/bin/../lib/gcc/nios2-elf/4.1.2/../../../../nios2-elf/lib/mno-hw-mul/pg/libc.a(lib_a-atexit.o)
 .bss           0x01035ca8        0x0 /opt/altera/13.0sp1/nios2eds/bin/gnu/H-i686-pc-linux-gnu/bin/../lib/gcc/nios2-elf/4.1.2/../../../../nios2-elf/lib/mno-hw-mul/pg/libc.a(lib_a-exit.o)
 .bss           0x01035ca8        0x0 /opt/altera/13.0sp1/nios2eds/bin/gnu/H-i686-pc-linux-gnu/bin/../lib/gcc/nios2-elf/4.1.2/../../../../nios2-elf/lib/mno-hw-mul/pg/libc.a(lib_a-memcmp.o)
 .bss           0x01035ca8        0x0 /opt/altera/13.0sp1/nios2eds/bin/gnu/H-i686-pc-linux-gnu/bin/../lib/gcc/nios2-elf/4.1.2/../../../../nios2-elf/lib/mno-hw-mul/pg/libc.a(lib_a-__atexit.o)
 .bss           0x01035ca8        0x0 /opt/altera/13.0sp1/nios2eds/bin/gnu/H-i686-pc-linux-gnu/bin/../lib/gcc/nios2-elf/4.1.2/../../../../nios2-elf/lib/mno-hw-mul/pg/libc.a(lib_a-__call_atexit.o)
 .bss           0x01035ca8        0x0 /opt/altera/13.0sp1/nios2eds/bin/gnu/H-i686-pc-linux-gnu/bin/../lib/gcc/nios2-elf/4.1.2/mno-hw-mul/pg/libgcc.a(_fixunsdfsi.o)
 .bss           0x01035ca8        0x0 /opt/altera/13.0sp1/nios2eds/bin/gnu/H-i686-pc-linux-gnu/bin/../lib/gcc/nios2-elf/4.1.2/mno-hw-mul/pg/libgcc.a(_floatundidf.o)
 .bss           0x01035ca8        0x0 ../rt_bsp//libucosii_bsp.a(alt_exit.o)
 *(COMMON)
 COMMON         0x01035ca8     0xe000 obj/default/cpu_0.o
                0x01035ca8                xCorr2Task_stk
                0x01037ca8                GrayTask_stk
                0x01039ca8                CropTask_stk
                0x0103bca8                StartTask_Stack
                0x0103dca8                ObjectPosTask_stk
                0x0103fca8                PosMaxTask_stk
                0x01041ca8                CalcCoordTask_stk
 COMMON         0x01043ca8     0x3d74 ../rt_bsp//libucosii_bsp.a(os_core.o)
                0x01043ca8                OSTmrWheelTbl
                0x01043cb8                OSFlagTbl
                0x01044028                OSTmrTbl
                0x01044368                OSMemTbl
                0x01044f98                OSTaskStatStk
                0x01045798                OSQTbl
                0x01045978                OSTmrTaskStk
                0x01046178                OSTaskIdleStk
                0x01046978                OSEventTbl
                0x010474b8                OSTCBTbl
                0x010479c8                OSTCBPrioTbl
 COMMON         0x01047a1c      0x100 ../rt_bsp//libucosii_bsp.a(alt_gmon.o)
                0x01047a1c                __mcount_fn_head
 COMMON         0x01047b1c      0x100 ../rt_bsp//libucosii_bsp.a(alt_irq_handler.o)
                0x01047b1c                alt_irq
 COMMON         0x01047c1c      0x190 /opt/altera/13.0sp1/nios2eds/bin/gnu/H-i686-pc-linux-gnu/bin/../lib/gcc/nios2-elf/4.1.2/../../../../nios2-elf/lib/mno-hw-mul/pg/libc.a(lib_a-atexit.o)
                0x01047c1c                _atexit0
                0x01047dac                . = ALIGN (0x4)
                0x01047dac                __bss_end = ABSOLUTE (.)

.sram           0x000801cc        0x0 load address 0x01047dac
                0x000801cc                PROVIDE (_alt_partition_sram_start, ABSOLUTE (.))
 *(.sram. sram.*)
                0x000801cc                . = ALIGN (0x4)
                0x000801cc                PROVIDE (_alt_partition_sram_end, ABSOLUTE (.))
                0x01047dac                PROVIDE (_alt_partition_sram_load_addr, LOADADDR (.sram))

.shared_onchip  0x00102000        0x0 load address 0x01047dac
                0x00102000                PROVIDE (_alt_partition_shared_onchip_start, ABSOLUTE (.))
 *(.shared_onchip. shared_onchip.*)
                0x00102000                . = ALIGN (0x4)
                0x00102000                PROVIDE (_alt_partition_shared_onchip_end, ABSOLUTE (.))
                0x01047dac                PROVIDE (_alt_partition_shared_onchip_load_addr, LOADADDR (.shared_onchip))

.sdram          0x01047dac        0x0
                0x01047dac                PROVIDE (_alt_partition_sdram_start, ABSOLUTE (.))
 *(.sdram. sdram.*)
                0x01047dac                . = ALIGN (0x4)
                0x01047dac                PROVIDE (_alt_partition_sdram_end, ABSOLUTE (.))
                0x01047dac                _end = ABSOLUTE (.)
                0x01047dac                end = ABSOLUTE (.)
                0x01047dac                __alt_stack_base = ABSOLUTE (.)
                0x01047dac                PROVIDE (_alt_partition_sdram_load_addr, LOADADDR (.sdram))

.stab
 *(.stab)

.stabstr
 *(.stabstr)

.stab.excl
 *(.stab.excl)

.stab.exclstr
 *(.stab.exclstr)

.stab.index
 *(.stab.index)

.stab.indexstr
 *(.stab.indexstr)

.comment        0x00000000       0x26
 *(.comment)
 .comment       0x00000000       0x26 obj/default/cpu_0.o
                                 0x27 (size before relaxing)
 .comment       0x00000000       0x27 /opt/altera/13.0sp1/nios2eds/bin/gnu/H-i686-pc-linux-gnu/bin/../lib/gcc/nios2-elf/4.1.2/mno-hw-mul/pg/libgcc.a(_udivdi3.o)
 .comment       0x00000000       0x27 /opt/altera/13.0sp1/nios2eds/bin/gnu/H-i686-pc-linux-gnu/bin/../lib/gcc/nios2-elf/4.1.2/mno-hw-mul/pg/libgcc.a(_div_df.o)
 .comment       0x00000000       0x27 /opt/altera/13.0sp1/nios2eds/bin/gnu/H-i686-pc-linux-gnu/bin/../lib/gcc/nios2-elf/4.1.2/mno-hw-mul/pg/libgcc.a(_thenan_df.o)
 .comment       0x00000000       0x27 /opt/altera/13.0sp1/nios2eds/bin/gnu/H-i686-pc-linux-gnu/bin/../lib/gcc/nios2-elf/4.1.2/mno-hw-mul/pg/libgcc.a(_usi_to_df.o)
 .comment       0x00000000       0x27 /opt/altera/13.0sp1/nios2eds/bin/gnu/H-i686-pc-linux-gnu/bin/../lib/gcc/nios2-elf/4.1.2/mno-hw-mul/pg/libgcc.a(lib2-divmod.o)
 .comment       0x00000000       0x27 /opt/altera/13.0sp1/nios2eds/bin/gnu/H-i686-pc-linux-gnu/bin/../lib/gcc/nios2-elf/4.1.2/mno-hw-mul/pg/libgcc.a(lib2-mul.o)
 .comment       0x00000000       0x27 /opt/altera/13.0sp1/nios2eds/bin/gnu/H-i686-pc-linux-gnu/bin/../lib/gcc/nios2-elf/4.1.2/mno-hw-mul/pg/libgcc.a(_clz.o)
 .comment       0x00000000       0x27 /opt/altera/13.0sp1/nios2eds/bin/gnu/H-i686-pc-linux-gnu/bin/../lib/gcc/nios2-elf/4.1.2/mno-hw-mul/pg/libgcc.a(_clzsi2.o)
 .comment       0x00000000       0x27 /opt/altera/13.0sp1/nios2eds/bin/gnu/H-i686-pc-linux-gnu/bin/../lib/gcc/nios2-elf/4.1.2/mno-hw-mul/pg/libgcc.a(_pack_df.o)
 .comment       0x00000000       0x27 /opt/altera/13.0sp1/nios2eds/bin/gnu/H-i686-pc-linux-gnu/bin/../lib/gcc/nios2-elf/4.1.2/mno-hw-mul/pg/libgcc.a(_unpack_df.o)
 .comment       0x00000000       0x27 /opt/altera/13.0sp1/nios2eds/bin/gnu/H-i686-pc-linux-gnu/bin/../lib/gcc/nios2-elf/4.1.2/../../../../nios2-elf/lib/mno-hw-mul/pg/libc.a(lib_a-printf.o)